<html>
<body>
<pre>
<h1>µVision Build Log</h1>
<h2>Tool Versions:</h2>
IDE-Version: ¦ÌVision V5.38.0.0
Copyright (C) 2022 ARM Ltd and ARM Germany GmbH. All rights reserved.
License Information: Monee Balance, SDU, LIC=YA39H-WTFL7-EVF1R-KS3AP-6SJ4A-0DYDH
 
Tool Versions:
Toolchain:       MDK-ARM Plus  Version: 5.38.0.0
Toolchain Path:  C:\Keil_v5\ARM\ARMCC\Bin
C Compiler:      Armcc.exe V5.06 update 7 (build 960)
Assembler:       Armasm.exe V5.06 update 7 (build 960)
Linker/Locator:  ArmLink.exe V5.06 update 7 (build 960)
Library Manager: ArmAr.exe V5.06 update 7 (build 960)
Hex Converter:   FromElf.exe V5.06 update 7 (build 960)
CPU DLL:         SARMCM3.DLL V5.38.0.0
Dialog DLL:      DCM.DLL V1.17.5.0
Target DLL:      STLink\ST-LINKIII-KEIL_SWO.dll V3.1.0.0
Dialog DLL:      TCM.DLL V1.56.4.0
 
<h2>Project:</h2>
C:\Users\Monee\Documents\Electronic-Design\Project\Smart_Turtles_Home\STM32\MDK-ARM\STM32.uvprojx
Project File Date:  04/11/2024

<h2>Output:</h2>
*** Using Compiler 'V5.06 update 7 (build 960)', folder: 'C:\Keil_v5\ARM\ARMCC\Bin'
Build target 'STM32'
Note: source file '../Core/Src/system_stm32f1xx.c' - object file renamed from 'STM32\system_stm32f1xx.o' to 'STM32\system_stm32f1xx_1.o'.
compiling usart.c...
../Core/Inc/OLED.h(44): warning:  #1295-D: Deprecated declaration Picture - give arg types
  void Picture();
../Core/Inc/OLED.h(45): warning:  #1295-D: Deprecated declaration IIC_Start - give arg types
  void IIC_Start();
../Core/Inc/OLED.h(46): warning:  #1295-D: Deprecated declaration IIC_Stop - give arg types
  void IIC_Stop();
../Core/Inc/OLED.h(51): warning:  #1295-D: Deprecated declaration IIC_Wait_Ack - give arg types
  void IIC_Wait_Ack();
../Core/Inc/OLED.h(52): warning:  #1-D: last line of file ends without a newline
  #endif    
../Core/Src/usart.c: 5 warnings, 0 errors
linking...
Program Size: Code=12032 RO-data=2400 RW-data=96 ZI-data=1888  
FromELF: creating hex file...
"STM32\STM32.axf" - 0 Error(s), 5 Warning(s).

<h2>Software Packages used:</h2>

Package Vendor: ARM
                http://www.keil.com/pack/ARM.CMSIS.5.9.0.pack
                ARM.CMSIS.5.9.0
                CMSIS (Common Microcontroller Software Interface Standard)
   * Component: CORE Version: 5.6.0

Package Vendor: Keil
                http://www.keil.com/pack/Keil.STM32F1xx_DFP.2.2.0.pack
                Keil.STM32F1xx_DFP.2.2.0
                STMicroelectronics STM32F1 Series Device Support, Drivers and Examples

<h2>Collection of Component include folders:</h2>
  ./RTE/_STM32
  C:/Users/Monee/AppData/Local/Arm/Packs/ARM/CMSIS/5.9.0/CMSIS/Core/Include
  C:/Users/Monee/AppData/Local/Arm/Packs/Keil/STM32F1xx_DFP/2.2.0/Device/Include

<h2>Collection of Component Files used:</h2>

   * Component: ARM::CMSIS:CORE:5.6.0
      Include file:  CMSIS/Core/Include/tz_context.h
Build Time Elapsed:  00:00:01
</pre>
</body>
</html>
