Component: ARM Compiler 5.06 update 7 (build 960) Tool: armlink [4d3601]

==============================================================================

Section Cross References

    startup_stm32f103xb.o(STACK) refers (Special) to heapauxi.o(.text) for __use_two_region_memory
    startup_stm32f103xb.o(HEAP) refers (Special) to heapauxi.o(.text) for __use_two_region_memory
    startup_stm32f103xb.o(RESET) refers (Special) to heapauxi.o(.text) for __use_two_region_memory
    startup_stm32f103xb.o(RESET) refers to startup_stm32f103xb.o(STACK) for __initial_sp
    startup_stm32f103xb.o(RESET) refers to startup_stm32f103xb.o(.text) for Reset_Handler
    startup_stm32f103xb.o(RESET) refers to stm32f1xx_it.o(i.NMI_Handler) for NMI_Handler
    startup_stm32f103xb.o(RESET) refers to stm32f1xx_it.o(i.HardFault_Handler) for HardFault_Handler
    startup_stm32f103xb.o(RESET) refers to stm32f1xx_it.o(i.MemManage_Handler) for MemManage_Handler
    startup_stm32f103xb.o(RESET) refers to stm32f1xx_it.o(i.BusFault_Handler) for BusFault_Handler
    startup_stm32f103xb.o(RESET) refers to stm32f1xx_it.o(i.UsageFault_Handler) for UsageFault_Handler
    startup_stm32f103xb.o(RESET) refers to stm32f1xx_it.o(i.SVC_Handler) for SVC_Handler
    startup_stm32f103xb.o(RESET) refers to stm32f1xx_it.o(i.DebugMon_Handler) for DebugMon_Handler
    startup_stm32f103xb.o(RESET) refers to stm32f1xx_it.o(i.PendSV_Handler) for PendSV_Handler
    startup_stm32f103xb.o(RESET) refers to stm32f1xx_it.o(i.SysTick_Handler) for SysTick_Handler
    startup_stm32f103xb.o(RESET) refers to stm32f1xx_it.o(i.USART2_IRQHandler) for USART2_IRQHandler
    startup_stm32f103xb.o(.text) refers (Special) to heapauxi.o(.text) for __use_two_region_memory
    startup_stm32f103xb.o(.text) refers to system_stm32f1xx_1.o(i.SystemInit) for SystemInit
    startup_stm32f103xb.o(.text) refers to __main.o(!!!main) for __main
    startup_stm32f103xb.o(.text) refers to startup_stm32f103xb.o(HEAP) for Heap_Mem
    startup_stm32f103xb.o(.text) refers to startup_stm32f103xb.o(STACK) for Stack_Mem
    cjson.o(i.cJSON_AddItemReferenceToArray) refers to cjson.o(i.create_reference) for create_reference
    cjson.o(i.cJSON_AddItemReferenceToArray) refers to cjson.o(i.cJSON_AddItemToArray) for cJSON_AddItemToArray
    cjson.o(i.cJSON_AddItemReferenceToObject) refers to cjson.o(i.create_reference) for create_reference
    cjson.o(i.cJSON_AddItemReferenceToObject) refers to cjson.o(i.cJSON_AddItemToObject) for cJSON_AddItemToObject
    cjson.o(i.cJSON_AddItemToObject) refers to cjson.o(i.cJSON_strdup) for cJSON_strdup
    cjson.o(i.cJSON_AddItemToObject) refers to cjson.o(i.cJSON_AddItemToArray) for cJSON_AddItemToArray
    cjson.o(i.cJSON_AddItemToObject) refers to cjson.o(.data) for .data
    cjson.o(i.cJSON_AddItemToObjectCS) refers to cjson.o(i.cJSON_AddItemToArray) for cJSON_AddItemToArray
    cjson.o(i.cJSON_AddItemToObjectCS) refers to cjson.o(.data) for .data
    cjson.o(i.cJSON_CreateArray) refers to cjson.o(i.cJSON_New_Item) for cJSON_New_Item
    cjson.o(i.cJSON_CreateBool) refers to cjson.o(i.cJSON_New_Item) for cJSON_New_Item
    cjson.o(i.cJSON_CreateDoubleArray) refers to cjson.o(i.cJSON_CreateArray) for cJSON_CreateArray
    cjson.o(i.cJSON_CreateDoubleArray) refers to cjson.o(i.cJSON_CreateNumber) for cJSON_CreateNumber
    cjson.o(i.cJSON_CreateFalse) refers to cjson.o(i.cJSON_New_Item) for cJSON_New_Item
    cjson.o(i.cJSON_CreateFloatArray) refers to cjson.o(i.cJSON_CreateArray) for cJSON_CreateArray
    cjson.o(i.cJSON_CreateFloatArray) refers to f2d.o(x$fpl$f2d) for __aeabi_f2d
    cjson.o(i.cJSON_CreateFloatArray) refers to cjson.o(i.cJSON_CreateNumber) for cJSON_CreateNumber
    cjson.o(i.cJSON_CreateIntArray) refers to cjson.o(i.cJSON_CreateArray) for cJSON_CreateArray
    cjson.o(i.cJSON_CreateIntArray) refers to dflt_clz.o(x$fpl$dflt) for __aeabi_i2d
    cjson.o(i.cJSON_CreateIntArray) refers to cjson.o(i.cJSON_CreateNumber) for cJSON_CreateNumber
    cjson.o(i.cJSON_CreateNull) refers to cjson.o(i.cJSON_New_Item) for cJSON_New_Item
    cjson.o(i.cJSON_CreateNumber) refers to cjson.o(i.cJSON_New_Item) for cJSON_New_Item
    cjson.o(i.cJSON_CreateNumber) refers to dfix.o(x$fpl$dfix) for __aeabi_d2iz
    cjson.o(i.cJSON_CreateObject) refers to cjson.o(i.cJSON_New_Item) for cJSON_New_Item
    cjson.o(i.cJSON_CreateString) refers to cjson.o(i.cJSON_New_Item) for cJSON_New_Item
    cjson.o(i.cJSON_CreateString) refers to cjson.o(i.cJSON_strdup) for cJSON_strdup
    cjson.o(i.cJSON_CreateStringArray) refers to cjson.o(i.cJSON_CreateArray) for cJSON_CreateArray
    cjson.o(i.cJSON_CreateStringArray) refers to cjson.o(i.cJSON_CreateString) for cJSON_CreateString
    cjson.o(i.cJSON_CreateTrue) refers to cjson.o(i.cJSON_New_Item) for cJSON_New_Item
    cjson.o(i.cJSON_Delete) refers to cjson.o(.data) for .data
    cjson.o(i.cJSON_DeleteItemFromArray) refers to cjson.o(i.cJSON_DetachItemFromArray) for cJSON_DetachItemFromArray
[...]
    ../clib/wchar.c                          0x00000000   Number         0  flsbuf_fwide.o ABSOLUTE
    ../fplib/daddsub.s                       0x00000000   Number         0  daddsub_clz.o ABSOLUTE
    ../fplib/dcheck1.s                       0x00000000   Number         0  dcheck1.o ABSOLUTE
    ../fplib/dcmpi.s                         0x00000000   Number         0  dcmpi.o ABSOLUTE
    ../fplib/ddiv.s                          0x00000000   Number         0  ddiv.o ABSOLUTE
    ../fplib/deqf.s                          0x00000000   Number         0  deqf.o ABSOLUTE
    ../fplib/dfix.s                          0x00000000   Number         0  dfix.o ABSOLUTE
    ../fplib/dfixu.s                         0x00000000   Number         0  dfixu.o ABSOLUTE
    ../fplib/dflt.s                          0x00000000   Number         0  dflt_clz.o ABSOLUTE
    ../fplib/dleqf.s                         0x00000000   Number         0  dleqf.o ABSOLUTE
    ../fplib/dmul.s                          0x00000000   Number         0  dmul.o ABSOLUTE
    ../fplib/dnaninf.s                       0x00000000   Number         0  dnaninf.o ABSOLUTE
    ../fplib/dretinf.s                       0x00000000   Number         0  dretinf.o ABSOLUTE
    ../fplib/drleqf.s                        0x00000000   Number         0  drleqf.o ABSOLUTE
    ../fplib/dsqrt.s                         0x00000000   Number         0  dsqrt_noumaal.o ABSOLUTE
    ../fplib/f2d.s                           0x00000000   Number         0  f2d.o ABSOLUTE
    ../fplib/fcmpi.s                         0x00000000   Number         0  fcmpi.o ABSOLUTE
    ../fplib/fdiv.s                          0x00000000   Number         0  fdiv.o ABSOLUTE
    ../fplib/ffixu.s                         0x00000000   Number         0  ffixu.o ABSOLUTE
    ../fplib/fflt.s                          0x00000000   Number         0  fflt_clz.o ABSOLUTE
    ../fplib/fleqf.s                         0x00000000   Number         0  fleqf.o ABSOLUTE
    ../fplib/fnaninf.s                       0x00000000   Number         0  fnaninf.o ABSOLUTE
    ../fplib/fpinit.s                        0x00000000   Number         0  fpinit.o ABSOLUTE
    ../fplib/fretinf.s                       0x00000000   Number         0  fretinf.o ABSOLUTE
    ../fplib/istatus.s                       0x00000000   Number         0  istatus.o ABSOLUTE
    ../fplib/printf1.s                       0x00000000   Number         0  printf1.o ABSOLUTE
    ../fplib/retnan.s                        0x00000000   Number         0  retnan.o ABSOLUTE
    ../fplib/scalbn.s                        0x00000000   Number         0  scalbn.o ABSOLUTE
    ../fplib/trapv.s                         0x00000000   Number         0  trapv.o ABSOLUTE
    ../fplib/usenofp.s                       0x00000000   Number         0  usenofp.o ABSOLUTE
    ../mathlib/dunder.c                      0x00000000   Number         0  dunder.o ABSOLUTE
    ../mathlib/floor.c                       0x00000000   Number         0  floor.o ABSOLUTE
    ../mathlib/fpclassify.c                  0x00000000   Number         0  fpclassify.o ABSOLUTE
    ../mathlib/poly.c                        0x00000000   Number         0  poly.o ABSOLUTE
    ../mathlib/pow.c                         0x00000000   Number         0  pow.o ABSOLUTE
    ../mathlib/pow.c                         0x00000000   Number         0  pow_x.o ABSOLUTE
    ../mathlib/qnan.c                        0x00000000   Number         0  qnan.o ABSOLUTE
    ../mathlib/sqrt.c                        0x00000000   Number         0  sqrt.o ABSOLUTE
    ../mathlib/sqrt.c                        0x00000000   Number         0  sqrt_x.o ABSOLUTE
    ..\Core\Src\Control.c                    0x00000000   Number         0  control.o ABSOLUTE
    ..\Core\Src\DS18B20.c                    0x00000000   Number         0  ds18b20.o ABSOLUTE
    ..\Core\Src\GY-302.c                     0x00000000   Number         0  gy-302.o ABSOLUTE
    ..\Core\Src\HX711.c                      0x00000000   Number         0  hx711.o ABSOLUTE
    ..\Core\Src\OLED.c                       0x00000000   Number         0  oled.o ABSOLUTE
    ..\Core\Src\TDS.c                        0x00000000   Number         0  tds.o ABSOLUTE
    ..\Core\Src\ULN.c                        0x00000000   Number         0  uln.o ABSOLUTE
    ..\Core\Src\adc.c                        0x00000000   Number         0  adc.o ABSOLUTE
    ..\Core\Src\cJSON.c                      0x00000000   Number         0  cjson.o ABSOLUTE
    ..\Core\Src\gpio.c                       0x00000000   Number         0  gpio.o ABSOLUTE
    ..\Core\Src\main.c                       0x00000000   Number         0  main.o ABSOLUTE
    ..\Core\Src\stm32f1xx_hal_msp.c          0x00000000   Number         0  stm32f1xx_hal_msp.o ABSOLUTE
    ..\Core\Src\stm32f1xx_it.c               0x00000000   Number         0  stm32f1xx_it.o ABSOLUTE
    ..\Core\Src\system_stm32f1xx.c           0x00000000   Number         0  system_stm32f1xx_1.o ABSOLUTE
    ..\Core\Src\tim.c                        0x00000000   Number         0  tim.o ABSOLUTE
    ..\Core\Src\usart.c                      0x00000000   Number         0  usart.o ABSOLUTE
    ..\Drivers\STM32F1xx_HAL_Driver\Src\stm32f1xx_hal.c 0x00000000   Number         0  stm32f1xx_hal.o ABSOLUTE
    ..\Drivers\STM32F1xx_HAL_Driver\Src\stm32f1xx_hal_adc.c 0x00000000   Number         0  stm32f1xx_hal_adc.o ABSOLUTE
    ..\Drivers\STM32F1xx_HAL_Driver\Src\stm32f1xx_hal_adc_ex.c 0x00000000   Number         0  stm32f1xx_hal_adc_ex.o ABSOLUTE
    ..\Drivers\STM32F1xx_HAL_Driver\Src\stm32f1xx_hal_cortex.c 0x00000000   Number         0  stm32f1xx_hal_cortex.o ABSOLUTE
    ..\Drivers\STM32F1xx_HAL_Driver\Src\stm32f1xx_hal_dma.c 0x00000000   Number         0  stm32f1xx_hal_dma.o ABSOLUTE
    ..\Drivers\STM32F1xx_HAL_Driver\Src\stm32f1xx_hal_exti.c 0x00000000   Number         0  stm32f1xx_hal_exti.o ABSOLUTE
    ..\Drivers\STM32F1xx_HAL_Driver\Src\stm32f1xx_hal_flash.c 0x00000000   Number         0  stm32f1xx_hal_flash.o ABSOLUTE
    ..\Drivers\STM32F1xx_HAL_Driver\Src\stm32f1xx_hal_flash_ex.c 0x00000000   Number         0  stm32f1xx_hal_flash_ex.o ABSOLUTE
    ..\Drivers\STM32F1xx_HAL_Driver\Src\stm32f1xx_hal_gpio.c 0x00000000   Number         0  stm32f1xx_hal_gpio.o ABSOLUTE
    ..\Drivers\STM32F1xx_HAL_Driver\Src\stm32f1xx_hal_gpio_ex.c 0x00000000   Number         0  stm32f1xx_hal_gpio_ex.o ABSOLUTE
    ..\Drivers\STM32F1xx_HAL_Driver\Src\stm32f1xx_hal_pwr.c 0x00000000   Number         0  stm32f1xx_hal_pwr.o ABSOLUTE
    ..\Drivers\STM32F1xx_HAL_Driver\Src\stm32f1xx_hal_rcc.c 0x00000000   Number         0  stm32f1xx_hal_rcc.o ABSOLUTE
    ..\Drivers\STM32F1xx_HAL_Driver\Src\stm32f1xx_hal_rcc_ex.c 0x00000000   Number         0  stm32f1xx_hal_rcc_ex.o ABSOLUTE
    ..\Drivers\STM32F1xx_HAL_Driver\Src\stm32f1xx_hal_tim.c 0x00000000   Number         0  stm32f1xx_hal_tim.o ABSOLUTE
    ..\Drivers\STM32F1xx_HAL_Driver\Src\stm32f1xx_hal_tim_ex.c 0x00000000   Number         0  stm32f1xx_hal_tim_ex.o ABSOLUTE
    ..\Drivers\STM32F1xx_HAL_Driver\Src\stm32f1xx_hal_uart.c 0x00000000   Number         0  stm32f1xx_hal_uart.o ABSOLUTE
    ..\NET\MqttKit.c                         0x00000000   Number         0  mqttkit.o ABSOLUTE
    ..\NET\esp8266.c                         0x00000000   Number         0  esp8266.o ABSOLUTE
    ..\NET\onenet.c                          0x00000000   Number         0  onenet.o ABSOLUTE
    ..\\Core\\Src\\Control.c                 0x00000000   Number         0  control.o ABSOLUTE
    ..\\Core\\Src\\DS18B20.c                 0x00000000   Number         0  ds18b20.o ABSOLUTE
    ..\\Core\\Src\\GY-302.c                  0x00000000   Number         0  gy-302.o ABSOLUTE
    ..\\Core\\Src\\HX711.c                   0x00000000   Number         0  hx711.o ABSOLUTE
    ..\\Core\\Src\\OLED.c                    0x00000000   Number         0  oled.o ABSOLUTE
    ..\\Core\\Src\\TDS.c                     0x00000000   Number         0  tds.o ABSOLUTE
    ..\\Core\\Src\\ULN.c                     0x00000000   Number         0  uln.o ABSOLUTE
    ..\\NET\\esp8266.c                       0x00000000   Number         0  esp8266.o ABSOLUTE
    ..\\NET\\onenet.c                        0x00000000   Number         0  onenet.o ABSOLUTE
    dc.s                                     0x00000000   Number         0  dc.o ABSOLUTE
    startup_stm32f103xb.s                    0x00000000   Number         0  startup_stm32f103xb.o ABSOLUTE
    RESET                                    0x08000000   Section      236  startup_stm32f103xb.o(RESET)
    !!!main                                  0x080000ec   Section        8  __main.o(!!!main)
    !!!scatter                               0x080000f4   Section       52  __scatter.o(!!!scatter)
    !!handler_copy                           0x08000128   Section       26  __scatter_copy.o(!!handler_copy)
    !!handler_zi                             0x08000144   Section       28  __scatter_zi.o(!!handler_zi)
    .ARM.Collect$$libinit$$00000000          0x08000160   Section        2  libinit.o(.ARM.Collect$$libinit$$00000000)
    .ARM.Collect$$libinit$$00000002          0x08000162   Section        0  libinit2.o(.ARM.Collect$$libinit$$00000002)
    .ARM.Collect$$libinit$$00000004          0x08000162   Section        0  libinit2.o(.ARM.Collect$$libinit$$00000004)
    .ARM.Collect$$libinit$$0000000A          0x08000162   Section        0  libinit2.o(.ARM.Collect$$libinit$$0000000A)
    .ARM.Collect$$libinit$$0000000C          0x08000162   Section        0  libinit2.o(.ARM.Collect$$libinit$$0000000C)
    .ARM.Collect$$libinit$$0000000E          0x08000162   Section        0  libinit2.o(.ARM.Collect$$libinit$$0000000E)
    .ARM.Collect$$libinit$$00000011          0x08000162   Section        0  libinit2.o(.ARM.Collect$$libinit$$00000011)
    .ARM.Collect$$libinit$$00000013          0x08000162   Section        0  libinit2.o(.ARM.Collect$$libinit$$00000013)
    .ARM.Collect$$libinit$$00000015          0x08000162   Section        0  libinit2.o(.ARM.Collect$$libinit$$00000015)
    .ARM.Collect$$libinit$$00000017          0x08000162   Section        0  libinit2.o(.ARM.Collect$$libinit$$00000017)
    .ARM.Collect$$libinit$$00000019          0x08000162   Section        0  libinit2.o(.ARM.Collect$$libinit$$00000019)
    .ARM.Collect$$libinit$$0000001B          0x08000162   Section        0  libinit2.o(.ARM.Collect$$libinit$$0000001B)
    .ARM.Collect$$libinit$$0000001D          0x08000162   Section        0  libinit2.o(.ARM.Collect$$libinit$$0000001D)
    .ARM.Collect$$libinit$$0000001F          0x08000162   Section        0  libinit2.o(.ARM.Collect$$libinit$$0000001F)
    .ARM.Collect$$libinit$$00000021          0x08000162   Section        0  libinit2.o(.ARM.Collect$$libinit$$00000021)
    .ARM.Collect$$libinit$$00000023          0x08000162   Section        0  libinit2.o(.ARM.Collect$$libinit$$00000023)
    .ARM.Collect$$libinit$$00000025          0x08000162   Section        0  libinit2.o(.ARM.Collect$$libinit$$00000025)
    .ARM.Collect$$libinit$$0000002C          0x08000162   Section        0  libinit2.o(.ARM.Collect$$libinit$$0000002C)
    .ARM.Collect$$libinit$$0000002E          0x08000162   Section        0  libinit2.o(.ARM.Collect$$libinit$$0000002E)
    .ARM.Collect$$libinit$$00000030          0x08000162   Section        0  libinit2.o(.ARM.Collect$$libinit$$00000030)
    .ARM.Collect$$libinit$$00000032          0x08000162   Section        0  libinit2.o(.ARM.Collect$$libinit$$00000032)
    .ARM.Collect$$libinit$$00000033          0x08000162   Section        2  libinit2.o(.ARM.Collect$$libinit$$00000033)
    .ARM.Collect$$libshutdown$$00000000      0x08000164   Section        2  libshutdown.o(.ARM.Collect$$libshutdown$$00000000)
    .ARM.Collect$$libshutdown$$00000002      0x08000166   Section        0  libshutdown2.o(.ARM.Collect$$libshutdown$$00000002)
    .ARM.Collect$$libshutdown$$00000004      0x08000166   Section        0  libshutdown2.o(.ARM.Collect$$libshutdown$$00000004)
    .ARM.Collect$$libshutdown$$00000006      0x08000166   Section        0  libshutdown2.o(.ARM.Collect$$libshutdown$$00000006)
    .ARM.Collect$$libshutdown$$00000009      0x08000166   Section        0  libshutdown2.o(.ARM.Collect$$libshutdown$$00000009)
    .ARM.Collect$$libshutdown$$0000000C      0x08000166   Section        0  libshutdown2.o(.ARM.Collect$$libshutdown$$0000000C)
    .ARM.Collect$$libshutdown$$0000000E      0x08000166   Section        0  libshutdown2.o(.ARM.Collect$$libshutdown$$0000000E)
    .ARM.Collect$$libshutdown$$00000011      0x08000166   Section        0  libshutdown2.o(.ARM.Collect$$libshutdown$$00000011)
    .ARM.Collect$$libshutdown$$00000012      0x08000166   Section        2  libshutdown2.o(.ARM.Collect$$libshutdown$$00000012)
    .ARM.Collect$$rtentry$$00000000          0x08000168   Section        0  __rtentry.o(.ARM.Collect$$rtentry$$00000000)
    .ARM.Collect$$rtentry$$00000002          0x08000168   Section        0  __rtentry2.o(.ARM.Collect$$rtentry$$00000002)
    .ARM.Collect$$rtentry$$00000004          0x08000168   Section        6  __rtentry4.o(.ARM.Collect$$rtentry$$00000004)
    .ARM.Collect$$rtentry$$00000009          0x0800016e   Section        0  __rtentry2.o(.ARM.Collect$$rtentry$$00000009)
    .ARM.Collect$$rtentry$$0000000A          0x0800016e   Section        4  __rtentry2.o(.ARM.Collect$$rtentry$$0000000A)
    .ARM.Collect$$rtentry$$0000000C          0x08000172   Section        0  __rtentry2.o(.ARM.Collect$$rtentry$$0000000C)
    .ARM.Collect$$rtentry$$0000000D          0x08000172   Section        8  __rtentry2.o(.ARM.Collect$$rtentry$$0000000D)
    .ARM.Collect$$rtexit$$00000000           0x0800017a   Section        2  rtexit.o(.ARM.Collect$$rtexit$$00000000)
    .ARM.Collect$$rtexit$$00000002           0x0800017c   Section        0  rtexit2.o(.ARM.Collect$$rtexit$$00000002)
    .ARM.Collect$$rtexit$$00000003           0x0800017c   Section        4  rtexit2.o(.ARM.Collect$$rtexit$$00000003)
    .ARM.Collect$$rtexit$$00000004           0x08000180   Section        6  rtexit2.o(.ARM.Collect$$rtexit$$00000004)
    .text                                    0x08000188   Section       64  startup_stm32f103xb.o(.text)
    .text                                    0x080001c8   Section      100  rt_memcpy_w.o(.text)
    .text                                    0x0800022c   Section       68  rt_memclr.o(.text)
    .text                                    0x08000270   Section       78  rt_memclr_w.o(.text)
    .text                                    0x080002be   Section        0  heapauxi.o(.text)
    .text                                    0x080002c4   Section        8  libspace.o(.text)
    .text                                    0x080002cc   Section        2  use_no_semi.o(.text)
    .text                                    0x080002ce   Section        0  indicate_semi.o(.text)
    .text                                    0x080002ce   Section       74  sys_stackheap_outer.o(.text)
    .text                                    0x08000318   Section        0  exit.o(.text)
    .text                                    0x0800032c   Section        0  sys_exit.o(.text)
    i.ADC_ConversionStop_Disable             0x08000338   Section        0  stm32f1xx_hal_adc.o(i.ADC_ConversionStop_Disable)
    i.ADC_Enable                             0x08000390   Section        0  stm32f1xx_hal_adc.o(i.ADC_Enable)
    i.ADC_IN_1                               0x0800040c   Section        0  tds.o(i.ADC_IN_1)
    i.BH1750_Init                            0x08000438   Section        0  gy-302.o(i.BH1750_Init)
    i.BH1750_RecvACK                         0x08000454   Section        0  gy-302.o(i.BH1750_RecvACK)
    i.BH1750_RecvByte                        0x080004c0   Section        0  gy-302.o(i.BH1750_RecvByte)
    i.BH1750_SendACK                         0x08000538   Section        0  gy-302.o(i.BH1750_SendACK)
    i.BH1750_SendByte                        0x08000590   Section        0  gy-302.o(i.BH1750_SendByte)
    i.BH1750_Start                           0x080005e4   Section        0  gy-302.o(i.BH1750_Start)
    i.BH1750_Stop                            0x08000624   Section        0  gy-302.o(i.BH1750_Stop)
    i.BusFault_Handler                       0x0800065c   Section        0  stm32f1xx_it.o(i.BusFault_Handler)
    i.Data_Get                               0x0800065e   Section        0  control.o(i.Data_Get)
    i.DebugMon_Handler                       0x0800066c   Section        0  stm32f1xx_it.o(i.DebugMon_Handler)
    i.Delay_mms                              0x0800066e   Section        0  gy-302.o(i.Delay_mms)
    i.Error_Handler                          0x08000684   Section        0  main.o(i.Error_Handler)
    i.Flag_Set                               0x08000688   Section        0  control.o(i.Flag_Set)
    i.HAL_ADCEx_Calibration_Start            0x08000710   Section        0  stm32f1xx_hal_adc_ex.o(i.HAL_ADCEx_Calibration_Start)
    i.HAL_ADC_ConfigChannel                  0x080007e8   Section        0  stm32f1xx_hal_adc.o(i.HAL_ADC_ConfigChannel)
    i.HAL_ADC_GetState                       0x080008e4   Section        0  stm32f1xx_hal_adc.o(i.HAL_ADC_GetState)
    i.HAL_ADC_GetValue                       0x080008e8   Section        0  stm32f1xx_hal_adc.o(i.HAL_ADC_GetValue)
    i.HAL_ADC_Init                           0x080008f0   Section        0  stm32f1xx_hal_adc.o(i.HAL_ADC_Init)
    i.HAL_ADC_MspInit                        0x08000a0c   Section        0  adc.o(i.HAL_ADC_MspInit)
    i.HAL_ADC_PollForConversion              0x08000a64   Section        0  stm32f1xx_hal_adc.o(i.HAL_ADC_PollForConversion)
    i.HAL_ADC_Start                          0x08000ba0   Section        0  stm32f1xx_hal_adc.o(i.HAL_ADC_Start)
    i.HAL_DMA_Abort                          0x08000c60   Section        0  stm32f1xx_hal_dma.o(i.HAL_DMA_Abort)
    i.HAL_DMA_Abort_IT                       0x08000ca8   Section        0  stm32f1xx_hal_dma.o(i.HAL_DMA_Abort_IT)
    i.HAL_Delay                              0x08000d40   Section        0  stm32f1xx_hal.o(i.HAL_Delay)
    i.HAL_GPIO_Init                          0x08000d64   Section        0  stm32f1xx_hal_gpio.o(i.HAL_GPIO_Init)
    i.HAL_GPIO_ReadPin                       0x08000f44   Section        0  stm32f1xx_hal_gpio.o(i.HAL_GPIO_ReadPin)
    i.HAL_GPIO_WritePin                      0x08000f4e   Section        0  stm32f1xx_hal_gpio.o(i.HAL_GPIO_WritePin)
    i.HAL_GetTick                            0x08000f58   Section        0  stm32f1xx_hal.o(i.HAL_GetTick)
    i.HAL_IncTick                            0x08000f64   Section        0  stm32f1xx_hal.o(i.HAL_IncTick)
    i.HAL_Init                               0x08000f74   Section        0  stm32f1xx_hal.o(i.HAL_Init)
    i.HAL_InitTick                           0x08000f98   Section        0  stm32f1xx_hal.o(i.HAL_InitTick)
    i.HAL_MspInit                            0x08000fd8   Section        0  stm32f1xx_hal_msp.o(i.HAL_MspInit)
    i.HAL_NVIC_EnableIRQ                     0x08001014   Section        0  stm32f1xx_hal_cortex.o(i.HAL_NVIC_EnableIRQ)
    i.HAL_NVIC_SetPriority                   0x08001030   Section        0  stm32f1xx_hal_cortex.o(i.HAL_NVIC_SetPriority)
    i.HAL_NVIC_SetPriorityGrouping           0x08001070   Section        0  stm32f1xx_hal_cortex.o(i.HAL_NVIC_SetPriorityGrouping)
    i.HAL_RCCEx_GetPeriphCLKFreq             0x08001094   Section        0  stm32f1xx_hal_rcc_ex.o(i.HAL_RCCEx_GetPeriphCLKFreq)
    i.HAL_RCCEx_PeriphCLKConfig              0x08001138   Section        0  stm32f1xx_hal_rcc_ex.o(i.HAL_RCCEx_PeriphCLKConfig)
    i.HAL_RCC_ClockConfig                    0x08001224   Section        0  stm32f1xx_hal_rcc.o(i.HAL_RCC_ClockConfig)
    i.HAL_RCC_GetPCLK1Freq                   0x08001350   Section        0  stm32f1xx_hal_rcc.o(i.HAL_RCC_GetPCLK1Freq)
    i.HAL_RCC_GetPCLK2Freq                   0x08001370   Section        0  stm32f1xx_hal_rcc.o(i.HAL_RCC_GetPCLK2Freq)
    i.HAL_RCC_GetSysClockFreq                0x08001390   Section        0  stm32f1xx_hal_rcc.o(i.HAL_RCC_GetSysClockFreq)
    i.HAL_RCC_OscConfig                      0x080013dc   Section        0  stm32f1xx_hal_rcc.o(i.HAL_RCC_OscConfig)
    i.HAL_SYSTICK_Config                     0x080016fc   Section        0  stm32f1xx_hal_cortex.o(i.HAL_SYSTICK_Config)
    i.HAL_TIMEx_MasterConfigSynchronization  0x08001724   Section        0  stm32f1xx_hal_tim_ex.o(i.HAL_TIMEx_MasterConfigSynchronization)
    i.HAL_TIM_Base_Init                      0x0800178c   Section        0  stm32f1xx_hal_tim.o(i.HAL_TIM_Base_Init)
    i.HAL_TIM_Base_MspInit                   0x080017e8   Section        0  tim.o(i.HAL_TIM_Base_MspInit)
    i.HAL_TIM_ConfigClockSource              0x08001810   Section        0  stm32f1xx_hal_tim.o(i.HAL_TIM_ConfigClockSource)
    i.HAL_UARTEx_RxEventCallback             0x080018ec   Section        0  stm32f1xx_hal_uart.o(i.HAL_UARTEx_RxEventCallback)
    i.HAL_UART_ErrorCallback                 0x080018ee   Section        0  stm32f1xx_hal_uart.o(i.HAL_UART_ErrorCallback)
    i.HAL_UART_IRQHandler                    0x080018f0   Section        0  stm32f1xx_hal_uart.o(i.HAL_UART_IRQHandler)
    i.HAL_UART_Init                          0x08001b5c   Section        0  stm32f1xx_hal_uart.o(i.HAL_UART_Init)
    i.HAL_UART_MspInit                       0x08001bc0   Section        0  usart.o(i.HAL_UART_MspInit)
    i.HAL_UART_Receive_IT                    0x08001c40   Section        0  stm32f1xx_hal_uart.o(i.HAL_UART_Receive_IT)
    i.HAL_UART_RxCpltCallback                0x08001c5c   Section        0  main.o(i.HAL_UART_RxCpltCallback)
    i.HAL_UART_TxCpltCallback                0x08001ca0   Section        0  stm32f1xx_hal_uart.o(i.HAL_UART_TxCpltCallback)
    i.HardFault_Handler                      0x08001ca2   Section        0  stm32f1xx_it.o(i.HardFault_Handler)
    i.IIC_Start                              0x08001ca4   Section        0  oled.o(i.IIC_Start)
    i.IIC_Stop                               0x08001cd8   Section        0  oled.o(i.IIC_Stop)
    i.IIC_Wait_Ack                           0x08001d04   Section        0  oled.o(i.IIC_Wait_Ack)
    i.MX_ADC1_Init                           0x08001d24   Section        0  adc.o(i.MX_ADC1_Init)
    i.MX_GPIO_Init                           0x08001d70   Section        0  gpio.o(i.MX_GPIO_Init)
    i.MX_TIM1_Init                           0x08001e60   Section        0  tim.o(i.MX_TIM1_Init)
    i.MX_USART2_UART_Init                    0x08001ecc   Section        0  usart.o(i.MX_USART2_UART_Init)
    i.MemManage_Handler                      0x08001f04   Section        0  stm32f1xx_it.o(i.MemManage_Handler)
    i.Motor_Backward                         0x08001f08   Section        0  uln.o(i.Motor_Backward)
    i.Motor_Forward                          0x08001f28   Section        0  uln.o(i.Motor_Forward)
    i.NMI_Handler                            0x08001f48   Section        0  stm32f1xx_it.o(i.NMI_Handler)
    i.OLED_Clear                             0x08001f4a   Section        0  oled.o(i.OLED_Clear)
    i.OLED_Data_Show                         0x08001f84   Section        0  control.o(i.OLED_Data_Show)
    i.OLED_Init                              0x08002118   Section        0  oled.o(i.OLED_Init)
    i.OLED_Set_Pos                           0x08002244   Section        0  oled.o(i.OLED_Set_Pos)
    i.OLED_ShowChar                          0x08002274   Section        0  oled.o(i.OLED_ShowChar)
    i.OLED_ShowNum                           0x080022fc   Section        0  oled.o(i.OLED_ShowNum)
    i.OLED_ShowString                        0x08002366   Section        0  oled.o(i.OLED_ShowString)
    i.OLED_WR_Byte                           0x0800239c   Section        0  oled.o(i.OLED_WR_Byte)
    i.PendSV_Handler                         0x080023a8   Section        0  stm32f1xx_it.o(i.PendSV_Handler)
    i.SVC_Handler                            0x080023aa   Section        0  stm32f1xx_it.o(i.SVC_Handler)
    i.Single_Write_BH1750                    0x080023ac   Section        0  gy-302.o(i.Single_Write_BH1750)
    i.StepMotor_TakeStep                     0x080023c8   Section        0  uln.o(i.StepMotor_TakeStep)
    i.SysTick_Handler                        0x08002448   Section        0  stm32f1xx_it.o(i.SysTick_Handler)
    i.SystemClock_Config                     0x0800244c   Section        0  main.o(i.SystemClock_Config)
    i.SystemInit                             0x080024c4   Section        0  system_stm32f1xx_1.o(i.SystemInit)
    i.TDS_Check                              0x080024c8   Section        0  tds.o(i.TDS_Check)
    i.TIM_Base_SetConfig                     0x080024e4   Section        0  stm32f1xx_hal_tim.o(i.TIM_Base_SetConfig)
    i.TIM_ETR_SetConfig                      0x08002550   Section        0  stm32f1xx_hal_tim.o(i.TIM_ETR_SetConfig)
    i.TIM_ITRx_SetConfig                     0x08002564   Section        0  stm32f1xx_hal_tim.o(i.TIM_ITRx_SetConfig)
    TIM_ITRx_SetConfig                       0x08002565   Thumb Code    16  stm32f1xx_hal_tim.o(i.TIM_ITRx_SetConfig)
    i.TIM_TI1_ConfigInputStage               0x08002574   Section        0  stm32f1xx_hal_tim.o(i.TIM_TI1_ConfigInputStage)
    TIM_TI1_ConfigInputStage                 0x08002575   Thumb Code    34  stm32f1xx_hal_tim.o(i.TIM_TI1_ConfigInputStage)
    i.TIM_TI2_ConfigInputStage               0x08002596   Section        0  stm32f1xx_hal_tim.o(i.TIM_TI2_ConfigInputStage)
    TIM_TI2_ConfigInputStage                 0x08002597   Thumb Code    36  stm32f1xx_hal_tim.o(i.TIM_TI2_ConfigInputStage)
    i.UART_DMAAbortOnError                   0x080025ba   Section        0  stm32f1xx_hal_uart.o(i.UART_DMAAbortOnError)
    UART_DMAAbortOnError                     0x080025bb   Thumb Code    16  stm32f1xx_hal_uart.o(i.UART_DMAAbortOnError)
    i.UART_EndRxTransfer                     0x080025ca   Section        0  stm32f1xx_hal_uart.o(i.UART_EndRxTransfer)
    UART_EndRxTransfer                       0x080025cb   Thumb Code    78  stm32f1xx_hal_uart.o(i.UART_EndRxTransfer)
    i.UART_Receive_IT                        0x08002618   Section        0  stm32f1xx_hal_uart.o(i.UART_Receive_IT)
    UART_Receive_IT                          0x08002619   Thumb Code   194  stm32f1xx_hal_uart.o(i.UART_Receive_IT)
    i.UART_SetConfig                         0x080026dc   Section        0  stm32f1xx_hal_uart.o(i.UART_SetConfig)
    UART_SetConfig                           0x080026dd   Thumb Code   178  stm32f1xx_hal_uart.o(i.UART_SetConfig)
    i.UART_Start_Receive_IT                  0x08002794   Section        0  stm32f1xx_hal_uart.o(i.UART_Start_Receive_IT)
    i.USART2_IRQHandler                      0x080027cc   Section        0  stm32f1xx_it.o(i.USART2_IRQHandler)
    i.UsageFault_Handler                     0x080027d8   Section        0  stm32f1xx_it.o(i.UsageFault_Handler)
    i.Value_GY30                             0x080027dc   Section        0  gy-302.o(i.Value_GY30)
    i.Write_IIC_Byte                         0x08002824   Section        0  oled.o(i.Write_IIC_Byte)
    i.Write_IIC_Command                      0x08002874   Section        0  oled.o(i.Write_IIC_Command)
    i.Write_IIC_Data                         0x080028a2   Section        0  oled.o(i.Write_IIC_Data)
    i.__NVIC_SetPriority                     0x080028d0   Section        0  stm32f1xx_hal_cortex.o(i.__NVIC_SetPriority)
    __NVIC_SetPriority                       0x080028d1   Thumb Code    32  stm32f1xx_hal_cortex.o(i.__NVIC_SetPriority)
    i.delay_nus                              0x080028f0   Section        0  gy-302.o(i.delay_nus)
    i.main                                   0x0800298c   Section        0  main.o(i.main)
    i.mread                                  0x08002a50   Section        0  gy-302.o(i.mread)
    i.oled_pow                               0x08002a90   Section        0  oled.o(i.oled_pow)
    x$fpl$ddiv                               0x08002aa0   Section      688  ddiv.o(x$fpl$ddiv)
    ddiv_entry                               0x08002aa7   Thumb Code     0  ddiv.o(x$fpl$ddiv)
    x$fpl$dfixu                              0x08002d50   Section       90  dfixu.o(x$fpl$dfixu)
    x$fpl$dfltu                              0x08002daa   Section       38  dflt_clz.o(x$fpl$dfltu)
    x$fpl$dnaninf                            0x08002dd0   Section      156  dnaninf.o(x$fpl$dnaninf)
    x$fpl$dretinf                            0x08002e6c   Section       12  dretinf.o(x$fpl$dretinf)
    x$fpl$fcmpinf                            0x08002e78   Section       24  fcmpi.o(x$fpl$fcmpinf)
    x$fpl$ffixu                              0x08002e90   Section       62  ffixu.o(x$fpl$ffixu)
    x$fpl$ffltu                              0x08002ed0   Section       38  fflt_clz.o(x$fpl$ffltu)
    x$fpl$fleqf                              0x08002ef8   Section      104  fleqf.o(x$fpl$fleqf)
    x$fpl$fnaninf                            0x08002f60   Section      140  fnaninf.o(x$fpl$fnaninf)
    .constdata                               0x08002fec   Section     2072  oled.o(.constdata)
    x$fpl$usenofp                            0x08002fec   Section        0  usenofp.o(x$fpl$usenofp)
    .constdata                               0x08003804   Section       18  stm32f1xx_hal_rcc.o(.constdata)
    aPredivFactorTable                       0x08003804   Data           2  stm32f1xx_hal_rcc.o(.constdata)
    aPLLMULFactorTable                       0x08003806   Data          16  stm32f1xx_hal_rcc.o(.constdata)
    .constdata                               0x08003816   Section       18  stm32f1xx_hal_rcc_ex.o(.constdata)
    aPredivFactorTable                       0x08003816   Data           2  stm32f1xx_hal_rcc_ex.o(.constdata)
    aPLLMULFactorTable                       0x08003818   Data          16  stm32f1xx_hal_rcc_ex.o(.constdata)
    .constdata                               0x08003828   Section       16  system_stm32f1xx_1.o(.constdata)
    .constdata                               0x08003838   Section        8  system_stm32f1xx_1.o(.constdata)
    .data                                    0x20000000   Section       24  control.o(.data)
    .data                                    0x20000018   Section        4  ds18b20.o(.data)
    .data                                    0x2000001c   Section        8  gy-302.o(.data)
    .data                                    0x20000024   Section       16  hx711.o(.data)
    sum                                      0x20000028   Data           4  hx711.o(.data)
    index                                    0x2000002c   Data           4  hx711.o(.data)
    count                                    0x20000030   Data           4  hx711.o(.data)
    .data                                    0x20000034   Section        1  tds.o(.data)
    .data                                    0x20000036   Section       16  uln.o(.data)
    .data                                    0x20000048   Section       12  stm32f1xx_hal.o(.data)
    .data                                    0x20000054   Section        4  system_stm32f1xx_1.o(.data)
    .data                                    0x20000058   Section        4  esp8266.o(.data)
    .data                                    0x2000005c   Section        1  esp8266.o(.data)
    .bss                                     0x20000060   Section       48  adc.o(.bss)
    .bss                                     0x20000090   Section       72  tim.o(.bss)
    .bss                                     0x200000d8   Section       72  usart.o(.bss)
    .bss                                     0x20000120   Section       64  esp8266.o(.bss)
    .bss                                     0x20000160   Section       96  libspace.o(.bss)
    HEAP                                     0x200001c0   Section      512  startup_stm32f103xb.o(HEAP)
    Heap_Mem                                 0x200001c0   Data         512  startup_stm32f103xb.o(HEAP)
    STACK                                    0x200003c0   Section     1024  startup_stm32f103xb.o(STACK)
    Stack_Mem                                0x200003c0   Data        1024  startup_stm32f103xb.o(STACK)
    __initial_sp                             0x200007c0   Data           0  startup_stm32f103xb.o(STACK)

    Global Symbols

    Symbol Name                              Value     Ov Type        Size  Object(Section)

    BuildAttributes$$THM_ISAv4$P$D$K$B$S$PE$A:L22UL41UL21$X:L11$S22US41US21$IEEE1$IW$USESV6$~STKCKD$USESV7$~SHL$OTIME$ROPI$IEEEX$EBA8$UX$STANDARDLIB$REQ8$PRES8$EABIv2 0x00000000   Number         0  anon$$obj.o ABSOLUTE
    __ARM_use_no_argv                        0x00000000   Number         0  main.o ABSOLUTE
    _printf_flags                            0x00000000   Number         0  printf_stubs.o ABSOLUTE
    _printf_return_value                     0x00000000   Number         0  printf_stubs.o ABSOLUTE
    _printf_sizespec                         0x00000000   Number         0  printf_stubs.o ABSOLUTE
    _printf_widthprec                        0x00000000   Number         0  printf_stubs.o ABSOLUTE
    __ARM_exceptions_init                     - Undefined Weak Reference
    __alloca_initialize                       - Undefined Weak Reference
    __arm_fini_                               - Undefined Weak Reference
    __arm_preinit_                            - Undefined Weak Reference
    __cpp_initialize__aeabi_                  - Undefined Weak Reference
    __cxa_finalize                            - Undefined Weak Reference
    __sigvec_lookup                           - Undefined Weak Reference
    __user_heap_extent                        - Undefined Weak Reference
    _atexit_init                              - Undefined Weak Reference
    _call_atexit_fns                          - Undefined Weak Reference
    _clock_init                               - Undefined Weak Reference
    _fp_trap_init                             - Undefined Weak Reference
    _fp_trap_shutdown                         - Undefined Weak Reference
    _get_lc_collate                           - Undefined Weak Reference
    _get_lc_monetary                          - Undefined Weak Reference
    _get_lc_time                              - Undefined Weak Reference
    _getenv_init                              - Undefined Weak Reference
    _handle_redirection                       - Undefined Weak Reference
    _mutex_acquire                            - Undefined Weak Reference
    _mutex_free                               - Undefined Weak Reference
    _mutex_release                            - Undefined Weak Reference
    _printf_mbtowc                            - Undefined Weak Reference
    _printf_truncate_signed                   - Undefined Weak Reference
    _printf_truncate_unsigned                 - Undefined Weak Reference
    _rand_init                                - Undefined Weak Reference
    _signal_finish                            - Undefined Weak Reference
    _signal_init                              - Undefined Weak Reference
    __Vectors_Size                           0x000000ec   Number         0  startup_stm32f103xb.o ABSOLUTE
    __Vectors                                0x08000000   Data           4  startup_stm32f103xb.o(RESET)
    __Vectors_End                            0x080000ec   Data           0  startup_stm32f103xb.o(RESET)
    __main                                   0x080000ed   Thumb Code     8  __main.o(!!!main)
    __scatterload                            0x080000f5   Thumb Code     0  __scatter.o(!!!scatter)
    __scatterload_rt2                        0x080000f5   Thumb Code    44  __scatter.o(!!!scatter)
    __scatterload_rt2_thumb_only             0x080000f5   Thumb Code     0  __scatter.o(!!!scatter)
    __scatterload_null                       0x08000103   Thumb Code     0  __scatter.o(!!!scatter)
    __scatterload_copy                       0x08000129   Thumb Code    26  __scatter_copy.o(!!handler_copy)
    __scatterload_zeroinit                   0x08000145   Thumb Code    28  __scatter_zi.o(!!handler_zi)
    __rt_lib_init                            0x08000161   Thumb Code     0  libinit.o(.ARM.Collect$$libinit$$00000000)
    __rt_lib_init_alloca_1                   0x08000163   Thumb Code     0  libinit2.o(.ARM.Collect$$libinit$$0000002E)
    __rt_lib_init_argv_1                     0x08000163   Thumb Code     0  libinit2.o(.ARM.Collect$$libinit$$0000002C)
    __rt_lib_init_atexit_1                   0x08000163   Thumb Code     0  libinit2.o(.ARM.Collect$$libinit$$0000001B)
    __rt_lib_init_clock_1                    0x08000163   Thumb Code     0  libinit2.o(.ARM.Collect$$libinit$$00000021)
    __rt_lib_init_cpp_1                      0x08000163   Thumb Code     0  libinit2.o(.ARM.Collect$$libinit$$00000032)
    __rt_lib_init_exceptions_1               0x08000163   Thumb Code     0  libinit2.o(.ARM.Collect$$libinit$$00000030)
    __rt_lib_init_fp_1                       0x08000163   Thumb Code     0  libinit2.o(.ARM.Collect$$libinit$$00000002)
    __rt_lib_init_fp_trap_1                  0x08000163   Thumb Code     0  libinit2.o(.ARM.Collect$$libinit$$0000001F)
    __rt_lib_init_getenv_1                   0x08000163   Thumb Code     0  libinit2.o(.ARM.Collect$$libinit$$00000023)
    __rt_lib_init_heap_1                     0x08000163   Thumb Code     0  libinit2.o(.ARM.Collect$$libinit$$0000000A)
    __rt_lib_init_lc_collate_1               0x08000163   Thumb Code     0  libinit2.o(.ARM.Collect$$libinit$$00000011)
    __rt_lib_init_lc_ctype_1                 0x08000163   Thumb Code     0  libinit2.o(.ARM.Collect$$libinit$$00000013)
    __rt_lib_init_lc_monetary_1              0x08000163   Thumb Code     0  libinit2.o(.ARM.Collect$$libinit$$00000015)
    __rt_lib_init_lc_numeric_1               0x08000163   Thumb Code     0  libinit2.o(.ARM.Collect$$libinit$$00000017)
    __rt_lib_init_lc_time_1                  0x08000163   Thumb Code     0  libinit2.o(.ARM.Collect$$libinit$$00000019)
    __rt_lib_init_preinit_1                  0x08000163   Thumb Code     0  libinit2.o(.ARM.Collect$$libinit$$00000004)
    __rt_lib_init_rand_1                     0x08000163   Thumb Code     0  libinit2.o(.ARM.Collect$$libinit$$0000000E)
    __rt_lib_init_return                     0x08000163   Thumb Code     0  libinit2.o(.ARM.Collect$$libinit$$00000033)
    __rt_lib_init_signal_1                   0x08000163   Thumb Code     0  libinit2.o(.ARM.Collect$$libinit$$0000001D)
    __rt_lib_init_stdio_1                    0x08000163   Thumb Code     0  libinit2.o(.ARM.Collect$$libinit$$00000025)
    __rt_lib_init_user_alloc_1               0x08000163   Thumb Code     0  libinit2.o(.ARM.Collect$$libinit$$0000000C)
    __rt_lib_shutdown                        0x08000165   Thumb Code     0  libshutdown.o(.ARM.Collect$$libshutdown$$00000000)
    __rt_lib_shutdown_cpp_1                  0x08000167   Thumb Code     0  libshutdown2.o(.ARM.Collect$$libshutdown$$00000004)
    __rt_lib_shutdown_fini_1                 0x08000167   Thumb Code     0  libshutdown2.o(.ARM.Collect$$libshutdown$$00000002)
    __rt_lib_shutdown_fp_trap_1              0x08000167   Thumb Code     0  libshutdown2.o(.ARM.Collect$$libshutdown$$00000009)
    __rt_lib_shutdown_heap_1                 0x08000167   Thumb Code     0  libshutdown2.o(.ARM.Collect$$libshutdown$$00000011)
    __rt_lib_shutdown_return                 0x08000167   Thumb Code     0  libshutdown2.o(.ARM.Collect$$libshutdown$$00000012)
    __rt_lib_shutdown_signal_1               0x08000167   Thumb Code     0  libshutdown2.o(.ARM.Collect$$libshutdown$$0000000C)
    __rt_lib_shutdown_stdio_1                0x08000167   Thumb Code     0  libshutdown2.o(.ARM.Collect$$libshutdown$$00000006)
    __rt_lib_shutdown_user_alloc_1           0x08000167   Thumb Code     0  libshutdown2.o(.ARM.Collect$$libshutdown$$0000000E)
    __rt_entry                               0x08000169   Thumb Code     0  __rtentry.o(.ARM.Collect$$rtentry$$00000000)
    __rt_entry_presh_1                       0x08000169   Thumb Code     0  __rtentry2.o(.ARM.Collect$$rtentry$$00000002)
    __rt_entry_sh                            0x08000169   Thumb Code     0  __rtentry4.o(.ARM.Collect$$rtentry$$00000004)
    __rt_entry_li                            0x0800016f   Thumb Code     0  __rtentry2.o(.ARM.Collect$$rtentry$$0000000A)
    __rt_entry_postsh_1                      0x0800016f   Thumb Code     0  __rtentry2.o(.ARM.Collect$$rtentry$$00000009)
    __rt_entry_main                          0x08000173   Thumb Code     0  __rtentry2.o(.ARM.Collect$$rtentry$$0000000D)
    __rt_entry_postli_1                      0x08000173   Thumb Code     0  __rtentry2.o(.ARM.Collect$$rtentry$$0000000C)
    __rt_exit                                0x0800017b   Thumb Code     0  rtexit.o(.ARM.Collect$$rtexit$$00000000)
    __rt_exit_ls                             0x0800017d   Thumb Code     0  rtexit2.o(.ARM.Collect$$rtexit$$00000003)
    __rt_exit_prels_1                        0x0800017d   Thumb Code     0  rtexit2.o(.ARM.Collect$$rtexit$$00000002)
    __rt_exit_exit                           0x08000181   Thumb Code     0  rtexit2.o(.ARM.Collect$$rtexit$$00000004)
    Reset_Handler                            0x08000189   Thumb Code     8  startup_stm32f103xb.o(.text)
    ADC1_2_IRQHandler                        0x080001a3   Thumb Code     0  startup_stm32f103xb.o(.text)
    CAN1_RX1_IRQHandler                      0x080001a3   Thumb Code     0  startup_stm32f103xb.o(.text)
    CAN1_SCE_IRQHandler                      0x080001a3   Thumb Code     0  startup_stm32f103xb.o(.text)
    DMA1_Channel1_IRQHandler                 0x080001a3   Thumb Code     0  startup_stm32f103xb.o(.text)
    DMA1_Channel2_IRQHandler                 0x080001a3   Thumb Code     0  startup_stm32f103xb.o(.text)
    DMA1_Channel3_IRQHandler                 0x080001a3   Thumb Code     0  startup_stm32f103xb.o(.text)
    DMA1_Channel4_IRQHandler                 0x080001a3   Thumb Code     0  startup_stm32f103xb.o(.text)
    DMA1_Channel5_IRQHandler                 0x080001a3   Thumb Code     0  startup_stm32f103xb.o(.text)
    DMA1_Channel6_IRQHandler                 0x080001a3   Thumb Code     0  startup_stm32f103xb.o(.text)
    DMA1_Channel7_IRQHandler                 0x080001a3   Thumb Code     0  startup_stm32f103xb.o(.text)
    EXTI0_IRQHandler                         0x080001a3   Thumb Code     0  startup_stm32f103xb.o(.text)
    EXTI15_10_IRQHandler                     0x080001a3   Thumb Code     0  startup_stm32f103xb.o(.text)
    EXTI1_IRQHandler                         0x080001a3   Thumb Code     0  startup_stm32f103xb.o(.text)
    EXTI2_IRQHandler                         0x080001a3   Thumb Code     0  startup_stm32f103xb.o(.text)
    EXTI3_IRQHandler                         0x080001a3   Thumb Code     0  startup_stm32f103xb.o(.text)
    EXTI4_IRQHandler                         0x080001a3   Thumb Code     0  startup_stm32f103xb.o(.text)
    EXTI9_5_IRQHandler                       0x080001a3   Thumb Code     0  startup_stm32f103xb.o(.text)
    FLASH_IRQHandler                         0x080001a3   Thumb Code     0  startup_stm32f103xb.o(.text)
    I2C1_ER_IRQHandler                       0x080001a3   Thumb Code     0  startup_stm32f103xb.o(.text)
    I2C1_EV_IRQHandler                       0x080001a3   Thumb Code     0  startup_stm32f103xb.o(.text)
    I2C2_ER_IRQHandler                       0x080001a3   Thumb Code     0  startup_stm32f103xb.o(.text)
    I2C2_EV_IRQHandler                       0x080001a3   Thumb Code     0  startup_stm32f103xb.o(.text)
    PVD_IRQHandler                           0x080001a3   Thumb Code     0  startup_stm32f103xb.o(.text)
    RCC_IRQHandler                           0x080001a3   Thumb Code     0  startup_stm32f103xb.o(.text)
    RTC_Alarm_IRQHandler                     0x080001a3   Thumb Code     0  startup_stm32f103xb.o(.text)
    RTC_IRQHandler                           0x080001a3   Thumb Code     0  startup_stm32f103xb.o(.text)
    SPI1_IRQHandler                          0x080001a3   Thumb Code     0  startup_stm32f103xb.o(.text)
    SPI2_IRQHandler                          0x080001a3   Thumb Code     0  startup_stm32f103xb.o(.text)
    TAMPER_IRQHandler                        0x080001a3   Thumb Code     0  startup_stm32f103xb.o(.text)
    TIM1_BRK_IRQHandler                      0x080001a3   Thumb Code     0  startup_stm32f103xb.o(.text)
    TIM1_CC_IRQHandler                       0x080001a3   Thumb Code     0  startup_stm32f103xb.o(.text)
    TIM1_TRG_COM_IRQHandler                  0x080001a3   Thumb Code     0  startup_stm32f103xb.o(.text)
    TIM1_UP_IRQHandler                       0x080001a3   Thumb Code     0  startup_stm32f103xb.o(.text)
    TIM2_IRQHandler                          0x080001a3   Thumb Code     0  startup_stm32f103xb.o(.text)
    TIM3_IRQHandler                          0x080001a3   Thumb Code     0  startup_stm32f103xb.o(.text)
    TIM4_IRQHandler                          0x080001a3   Thumb Code     0  startup_stm32f103xb.o(.text)
    USART1_IRQHandler                        0x080001a3   Thumb Code     0  startup_stm32f103xb.o(.text)
    USART3_IRQHandler                        0x080001a3   Thumb Code     0  startup_stm32f103xb.o(.text)
    USBWakeUp_IRQHandler                     0x080001a3   Thumb Code     0  startup_stm32f103xb.o(.text)
    USB_HP_CAN1_TX_IRQHandler                0x080001a3   Thumb Code     0  startup_stm32f103xb.o(.text)
    USB_LP_CAN1_RX0_IRQHandler               0x080001a3   Thumb Code     0  startup_stm32f103xb.o(.text)
    WWDG_IRQHandler                          0x080001a3   Thumb Code     0  startup_stm32f103xb.o(.text)
    __user_initial_stackheap                 0x080001a5   Thumb Code     0  startup_stm32f103xb.o(.text)
    __aeabi_memcpy4                          0x080001c9   Thumb Code     0  rt_memcpy_w.o(.text)
    __aeabi_memcpy8                          0x080001c9   Thumb Code     0  rt_memcpy_w.o(.text)
    __rt_memcpy_w                            0x080001c9   Thumb Code   100  rt_memcpy_w.o(.text)
    _memcpy_lastbytes_aligned                0x08000211   Thumb Code     0  rt_memcpy_w.o(.text)
    __aeabi_memclr                           0x0800022d   Thumb Code     0  rt_memclr.o(.text)
    __rt_memclr                              0x0800022d   Thumb Code    68  rt_memclr.o(.text)
    _memset                                  0x08000231   Thumb Code     0  rt_memclr.o(.text)
    __aeabi_memclr4                          0x08000271   Thumb Code     0  rt_memclr_w.o(.text)
    __aeabi_memclr8                          0x08000271   Thumb Code     0  rt_memclr_w.o(.text)
    __rt_memclr_w                            0x08000271   Thumb Code    78  rt_memclr_w.o(.text)
    _memset_w                                0x08000275   Thumb Code     0  rt_memclr_w.o(.text)
    __use_two_region_memory                  0x080002bf   Thumb Code     2  heapauxi.o(.text)
    __rt_heap_escrow                         0x080002c1   Thumb Code     2  heapauxi.o(.text)
    __rt_heap_expand                         0x080002c3   Thumb Code     2  heapauxi.o(.text)
    __user_libspace                          0x080002c5   Thumb Code     8  libspace.o(.text)
    __user_perproc_libspace                  0x080002c5   Thumb Code     0  libspace.o(.text)
    __user_perthread_libspace                0x080002c5   Thumb Code     0  libspace.o(.text)
    __I$use$semihosting                      0x080002cd   Thumb Code     0  use_no_semi.o(.text)
    __use_no_semihosting_swi                 0x080002cd   Thumb Code     2  use_no_semi.o(.text)
    __semihosting_library_function           0x080002cf   Thumb Code     0  indicate_semi.o(.text)
    __user_setup_stackheap                   0x080002cf   Thumb Code    74  sys_stackheap_outer.o(.text)
    exit                                     0x08000319   Thumb Code    18  exit.o(.text)
    _sys_exit                                0x0800032d   Thumb Code     8  sys_exit.o(.text)
    ADC_ConversionStop_Disable               0x08000339   Thumb Code    86  stm32f1xx_hal_adc.o(i.ADC_ConversionStop_Disable)
    ADC_Enable                               0x08000391   Thumb Code   114  stm32f1xx_hal_adc.o(i.ADC_Enable)
    ADC_IN_1                                 0x0800040d   Thumb Code    40  tds.o(i.ADC_IN_1)
    BH1750_Init                              0x08000439   Thumb Code    26  gy-302.o(i.BH1750_Init)
    BH1750_RecvACK                           0x08000455   Thumb Code    98  gy-302.o(i.BH1750_RecvACK)
    BH1750_RecvByte                          0x080004c1   Thumb Code   114  gy-302.o(i.BH1750_RecvByte)
    BH1750_SendACK                           0x08000539   Thumb Code    82  gy-302.o(i.BH1750_SendACK)
    BH1750_SendByte                          0x08000591   Thumb Code    78  gy-302.o(i.BH1750_SendByte)
    BH1750_Start                             0x080005e5   Thumb Code    60  gy-302.o(i.BH1750_Start)
    BH1750_Stop                              0x08000625   Thumb Code    50  gy-302.o(i.BH1750_Stop)
    BusFault_Handler                         0x0800065d   Thumb Code     2  stm32f1xx_it.o(i.BusFault_Handler)
    Data_Get                                 0x0800065f   Thumb Code    14  control.o(i.Data_Get)
    DebugMon_Handler                         0x0800066d   Thumb Code     2  stm32f1xx_it.o(i.DebugMon_Handler)
    Delay_mms                                0x0800066f   Thumb Code    22  gy-302.o(i.Delay_mms)
    Error_Handler                            0x08000685   Thumb Code     4  main.o(i.Error_Handler)
    Flag_Set                                 0x08000689   Thumb Code   114  control.o(i.Flag_Set)
    HAL_ADCEx_Calibration_Start              0x08000711   Thumb Code   210  stm32f1xx_hal_adc_ex.o(i.HAL_ADCEx_Calibration_Start)
    HAL_ADC_ConfigChannel                    0x080007e9   Thumb Code   240  stm32f1xx_hal_adc.o(i.HAL_ADC_ConfigChannel)
    HAL_ADC_GetState                         0x080008e5   Thumb Code     4  stm32f1xx_hal_adc.o(i.HAL_ADC_GetState)
    HAL_ADC_GetValue                         0x080008e9   Thumb Code     6  stm32f1xx_hal_adc.o(i.HAL_ADC_GetValue)
    HAL_ADC_Init                             0x080008f1   Thumb Code   272  stm32f1xx_hal_adc.o(i.HAL_ADC_Init)
    HAL_ADC_MspInit                          0x08000a0d   Thumb Code    76  adc.o(i.HAL_ADC_MspInit)
    HAL_ADC_PollForConversion                0x08000a65   Thumb Code   304  stm32f1xx_hal_adc.o(i.HAL_ADC_PollForConversion)
    HAL_ADC_Start                            0x08000ba1   Thumb Code   184  stm32f1xx_hal_adc.o(i.HAL_ADC_Start)
    HAL_DMA_Abort                            0x08000c61   Thumb Code    70  stm32f1xx_hal_dma.o(i.HAL_DMA_Abort)
    HAL_DMA_Abort_IT                         0x08000ca9   Thumb Code   148  stm32f1xx_hal_dma.o(i.HAL_DMA_Abort_IT)
    HAL_Delay                                0x08000d41   Thumb Code    32  stm32f1xx_hal.o(i.HAL_Delay)
    HAL_GPIO_Init                            0x08000d65   Thumb Code   446  stm32f1xx_hal_gpio.o(i.HAL_GPIO_Init)
    HAL_GPIO_ReadPin                         0x08000f45   Thumb Code    10  stm32f1xx_hal_gpio.o(i.HAL_GPIO_ReadPin)
    HAL_GPIO_WritePin                        0x08000f4f   Thumb Code    10  stm32f1xx_hal_gpio.o(i.HAL_GPIO_WritePin)
    HAL_GetTick                              0x08000f59   Thumb Code     6  stm32f1xx_hal.o(i.HAL_GetTick)
    HAL_IncTick                              0x08000f65   Thumb Code    12  stm32f1xx_hal.o(i.HAL_IncTick)
    HAL_Init                                 0x08000f75   Thumb Code    32  stm32f1xx_hal.o(i.HAL_Init)
    HAL_InitTick                             0x08000f99   Thumb Code    54  stm32f1xx_hal.o(i.HAL_InitTick)
    HAL_MspInit                              0x08000fd9   Thumb Code    52  stm32f1xx_hal_msp.o(i.HAL_MspInit)
    HAL_NVIC_EnableIRQ                       0x08001015   Thumb Code    26  stm32f1xx_hal_cortex.o(i.HAL_NVIC_EnableIRQ)
    HAL_NVIC_SetPriority                     0x08001031   Thumb Code    60  stm32f1xx_hal_cortex.o(i.HAL_NVIC_SetPriority)
    HAL_NVIC_SetPriorityGrouping             0x08001071   Thumb Code    26  stm32f1xx_hal_cortex.o(i.HAL_NVIC_SetPriorityGrouping)
    HAL_RCCEx_GetPeriphCLKFreq               0x08001095   Thumb Code   148  stm32f1xx_hal_rcc_ex.o(i.HAL_RCCEx_GetPeriphCLKFreq)
    HAL_RCCEx_PeriphCLKConfig                0x08001139   Thumb Code   224  stm32f1xx_hal_rcc_ex.o(i.HAL_RCCEx_PeriphCLKConfig)
    HAL_RCC_ClockConfig                      0x08001225   Thumb Code   280  stm32f1xx_hal_rcc.o(i.HAL_RCC_ClockConfig)
    HAL_RCC_GetPCLK1Freq                     0x08001351   Thumb Code    20  stm32f1xx_hal_rcc.o(i.HAL_RCC_GetPCLK1Freq)
    HAL_RCC_GetPCLK2Freq                     0x08001371   Thumb Code    20  stm32f1xx_hal_rcc.o(i.HAL_RCC_GetPCLK2Freq)
    HAL_RCC_GetSysClockFreq                  0x08001391   Thumb Code    58  stm32f1xx_hal_rcc.o(i.HAL_RCC_GetSysClockFreq)
    HAL_RCC_OscConfig                        0x080013dd   Thumb Code   778  stm32f1xx_hal_rcc.o(i.HAL_RCC_OscConfig)
    HAL_SYSTICK_Config                       0x080016fd   Thumb Code    40  stm32f1xx_hal_cortex.o(i.HAL_SYSTICK_Config)
    HAL_TIMEx_MasterConfigSynchronization    0x08001725   Thumb Code    92  stm32f1xx_hal_tim_ex.o(i.HAL_TIMEx_MasterConfigSynchronization)
    HAL_TIM_Base_Init                        0x0800178d   Thumb Code    90  stm32f1xx_hal_tim.o(i.HAL_TIM_Base_Init)
    HAL_TIM_Base_MspInit                     0x080017e9   Thumb Code    30  tim.o(i.HAL_TIM_Base_MspInit)
    HAL_TIM_ConfigClockSource                0x08001811   Thumb Code   220  stm32f1xx_hal_tim.o(i.HAL_TIM_ConfigClockSource)
    HAL_UARTEx_RxEventCallback               0x080018ed   Thumb Code     2  stm32f1xx_hal_uart.o(i.HAL_UARTEx_RxEventCallback)
    HAL_UART_ErrorCallback                   0x080018ef   Thumb Code     2  stm32f1xx_hal_uart.o(i.HAL_UART_ErrorCallback)
    HAL_UART_IRQHandler                      0x080018f1   Thumb Code   616  stm32f1xx_hal_uart.o(i.HAL_UART_IRQHandler)
    HAL_UART_Init                            0x08001b5d   Thumb Code   100  stm32f1xx_hal_uart.o(i.HAL_UART_Init)
    HAL_UART_MspInit                         0x08001bc1   Thumb Code   114  usart.o(i.HAL_UART_MspInit)
    HAL_UART_Receive_IT                      0x08001c41   Thumb Code    28  stm32f1xx_hal_uart.o(i.HAL_UART_Receive_IT)
    HAL_UART_RxCpltCallback                  0x08001c5d   Thumb Code    50  main.o(i.HAL_UART_RxCpltCallback)
    HAL_UART_TxCpltCallback                  0x08001ca1   Thumb Code     2  stm32f1xx_hal_uart.o(i.HAL_UART_TxCpltCallback)
    HardFault_Handler                        0x08001ca3   Thumb Code     2  stm32f1xx_it.o(i.HardFault_Handler)
    IIC_Start                                0x08001ca5   Thumb Code    48  oled.o(i.IIC_Start)
    IIC_Stop                                 0x08001cd9   Thumb Code    38  oled.o(i.IIC_Stop)
    IIC_Wait_Ack                             0x08001d05   Thumb Code    28  oled.o(i.IIC_Wait_Ack)
    MX_ADC1_Init                             0x08001d25   Thumb Code    68  adc.o(i.MX_ADC1_Init)
    MX_GPIO_Init                             0x08001d71   Thumb Code   226  gpio.o(i.MX_GPIO_Init)
    MX_TIM1_Init                             0x08001e61   Thumb Code    98  tim.o(i.MX_TIM1_Init)
    MX_USART2_UART_Init                      0x08001ecd   Thumb Code    48  usart.o(i.MX_USART2_UART_Init)
    MemManage_Handler                        0x08001f05   Thumb Code     2  stm32f1xx_it.o(i.MemManage_Handler)
    Motor_Backward                           0x08001f09   Thumb Code    26  uln.o(i.Motor_Backward)
    Motor_Forward                            0x08001f29   Thumb Code    26  uln.o(i.Motor_Forward)
    NMI_Handler                              0x08001f49   Thumb Code     2  stm32f1xx_it.o(i.NMI_Handler)
    OLED_Clear                               0x08001f4b   Thumb Code    58  oled.o(i.OLED_Clear)
    OLED_Data_Show                           0x08001f85   Thumb Code   310  control.o(i.OLED_Data_Show)
    OLED_Init                                0x08002119   Thumb Code   292  oled.o(i.OLED_Init)
    OLED_Set_Pos                             0x08002245   Thumb Code    46  oled.o(i.OLED_Set_Pos)
    OLED_ShowChar                            0x08002275   Thumb Code   128  oled.o(i.OLED_ShowChar)
    OLED_ShowNum                             0x080022fd   Thumb Code   106  oled.o(i.OLED_ShowNum)
    OLED_ShowString                          0x08002367   Thumb Code    54  oled.o(i.OLED_ShowString)
    OLED_WR_Byte                             0x0800239d   Thumb Code    12  oled.o(i.OLED_WR_Byte)
    PendSV_Handler                           0x080023a9   Thumb Code     2  stm32f1xx_it.o(i.PendSV_Handler)
    SVC_Handler                              0x080023ab   Thumb Code     2  stm32f1xx_it.o(i.SVC_Handler)
    Single_Write_BH1750                      0x080023ad   Thumb Code    28  gy-302.o(i.Single_Write_BH1750)
    StepMotor_TakeStep                       0x080023c9   Thumb Code   120  uln.o(i.StepMotor_TakeStep)
    SysTick_Handler                          0x08002449   Thumb Code     4  stm32f1xx_it.o(i.SysTick_Handler)
    SystemClock_Config                       0x0800244d   Thumb Code   120  main.o(i.SystemClock_Config)
    SystemInit                               0x080024c5   Thumb Code     2  system_stm32f1xx_1.o(i.SystemInit)
    TDS_Check                                0x080024c9   Thumb Code    18  tds.o(i.TDS_Check)
    TIM_Base_SetConfig                       0x080024e5   Thumb Code    94  stm32f1xx_hal_tim.o(i.TIM_Base_SetConfig)
    TIM_ETR_SetConfig                        0x08002551   Thumb Code    20  stm32f1xx_hal_tim.o(i.TIM_ETR_SetConfig)
    UART_Start_Receive_IT                    0x08002795   Thumb Code    54  stm32f1xx_hal_uart.o(i.UART_Start_Receive_IT)
    USART2_IRQHandler                        0x080027cd   Thumb Code     6  stm32f1xx_it.o(i.USART2_IRQHandler)
    UsageFault_Handler                       0x080027d9   Thumb Code     2  stm32f1xx_it.o(i.UsageFault_Handler)
    Value_GY30                               0x080027dd   Thumb Code    64  gy-302.o(i.Value_GY30)
    Write_IIC_Byte                           0x08002825   Thumb Code    76  oled.o(i.Write_IIC_Byte)
    Write_IIC_Command                        0x08002875   Thumb Code    46  oled.o(i.Write_IIC_Command)
    Write_IIC_Data                           0x080028a3   Thumb Code    46  oled.o(i.Write_IIC_Data)
    delay_nus                                0x080028f1   Thumb Code   154  gy-302.o(i.delay_nus)
    main                                     0x0800298d   Thumb Code   164  main.o(i.main)
    mread                                    0x08002a51   Thumb Code    58  gy-302.o(i.mread)
    oled_pow                                 0x08002a91   Thumb Code    16  oled.o(i.oled_pow)
    __aeabi_ddiv                             0x08002aa1   Thumb Code     0  ddiv.o(x$fpl$ddiv)
    _ddiv                                    0x08002aa1   Thumb Code   552  ddiv.o(x$fpl$ddiv)
    __aeabi_d2uiz                            0x08002d51   Thumb Code     0  dfixu.o(x$fpl$dfixu)
    _dfixu                                   0x08002d51   Thumb Code    90  dfixu.o(x$fpl$dfixu)
    __aeabi_ui2d                             0x08002dab   Thumb Code     0  dflt_clz.o(x$fpl$dfltu)
    _dfltu                                   0x08002dab   Thumb Code    38  dflt_clz.o(x$fpl$dfltu)
    __fpl_dnaninf                            0x08002dd1   Thumb Code   156  dnaninf.o(x$fpl$dnaninf)
    __fpl_dretinf                            0x08002e6d   Thumb Code    12  dretinf.o(x$fpl$dretinf)
    __fpl_fcmp_Inf                           0x08002e79   Thumb Code    24  fcmpi.o(x$fpl$fcmpinf)
    __aeabi_f2uiz                            0x08002e91   Thumb Code     0  ffixu.o(x$fpl$ffixu)
    _ffixu                                   0x08002e91   Thumb Code    62  ffixu.o(x$fpl$ffixu)
    __aeabi_ui2f                             0x08002ed1   Thumb Code     0  fflt_clz.o(x$fpl$ffltu)
    _ffltu                                   0x08002ed1   Thumb Code    38  fflt_clz.o(x$fpl$ffltu)
    __aeabi_cfcmple                          0x08002ef9   Thumb Code     0  fleqf.o(x$fpl$fleqf)
    _fcmple                                  0x08002ef9   Thumb Code   104  fleqf.o(x$fpl$fleqf)
    __fpl_fcmple_InfNaN                      0x08002f4b   Thumb Code     0  fleqf.o(x$fpl$fleqf)
    __fpl_fnaninf                            0x08002f61   Thumb Code   140  fnaninf.o(x$fpl$fnaninf)
    F6x8                                     0x08002fec   Data         552  oled.o(.constdata)
    __I$use$fp                               0x08002fec   Number         0  usenofp.o(x$fpl$usenofp)
    F8X16                                    0x08003214   Data        1520  oled.o(.constdata)
    AHBPrescTable                            0x08003828   Data          16  system_stm32f1xx_1.o(.constdata)
    APBPrescTable                            0x08003838   Data           8  system_stm32f1xx_1.o(.constdata)
    Region$$Table$$Base                      0x08003840   Number         0  anon$$obj.o(Region$$Table)
    Region$$Table$$Limit                     0x08003860   Number         0  anon$$obj.o(Region$$Table)
    Lumen_Flag                               0x20000000   Data           1  control.o(.data)
    TDS_Flag                                 0x20000001   Data           1  control.o(.data)
    temperature_Flag                         0x20000002   Data           1  control.o(.data)
    Weight_Flag                              0x20000003   Data           1  control.o(.data)
    Eat_Flag                                 0x20000004   Data           1  control.o(.data)
    UVA_Flag                                 0x20000005   Data           1  control.o(.data)
    UVB_Flag                                 0x20000006   Data           1  control.o(.data)
    Pump_Flag                                0x20000007   Data           1  control.o(.data)
    Lumen_Thresold                           0x20000008   Data           4  control.o(.data)
    TDS_Thresold                             0x2000000c   Data           4  control.o(.data)
    temperature_Thresold                     0x20000010   Data           4  control.o(.data)
    Weight_Thresold                          0x20000014   Data           4  control.o(.data)
    temperature                              0x20000018   Data           4  ds18b20.o(.data)
    mcy                                      0x2000001c   Data           1  gy-302.o(.data)
    BUF                                      0x2000001d   Data           3  gy-302.o(.data)
    Lumen                                    0x20000020   Data           4  gy-302.o(.data)
    Weight                                   0x20000024   Data           4  hx711.o(.data)
    TDS                                      0x20000034   Data           1  tds.o(.data)
    F_Rotation                               0x20000036   Data           8  uln.o(.data)
    B_Rotation                               0x2000003e   Data           8  uln.o(.data)
    uwTickFreq                               0x20000048   Data           1  stm32f1xx_hal.o(.data)
    uwTickPrio                               0x2000004c   Data           4  stm32f1xx_hal.o(.data)
    uwTick                                   0x20000050   Data           4  stm32f1xx_hal.o(.data)
    SystemCoreClock                          0x20000054   Data           4  system_stm32f1xx_1.o(.data)
    ESP01S_cnt                               0x20000058   Data           2  esp8266.o(.data)
    ESP01S_cntPre                            0x2000005a   Data           2  esp8266.o(.data)
    aRxBuffer                                0x2000005c   Data           1  esp8266.o(.data)
    hadc1                                    0x20000060   Data          48  adc.o(.bss)
    htim1                                    0x20000090   Data          72  tim.o(.bss)
    huart2                                   0x200000d8   Data          72  usart.o(.bss)
    ESP01S_buf                               0x20000120   Data          64  esp8266.o(.bss)
    __libspace_start                         0x20000160   Data          96  libspace.o(.bss)
    __temporary_stack_top$libspace           0x200001c0   Data           0  libspace.o(.bss)



==============================================================================

Memory Map of the image

  Image Entry point : 0x080000ed

  Load Region LR_IROM1 (Base: 0x08000000, Size: 0x000038c0, Max: 0x00020000, ABSOLUTE)

    Execution Region ER_IROM1 (Exec base: 0x08000000, Load base: 0x08000000, Size: 0x00003860, Max: 0x00020000, ABSOLUTE)

    Exec Addr    Load Addr    Size         Type   Attr      Idx    E Section Name        Object

    0x08000000   0x08000000   0x000000ec   Data   RO            3    RESET               startup_stm32f103xb.o
    0x080000ec   0x080000ec   0x00000008   Code   RO         4459  * !!!main             c_w.l(__main.o)
    0x080000f4   0x080000f4   0x00000034   Code   RO         4916    !!!scatter          c_w.l(__scatter.o)
    0x08000128   0x08000128   0x0000001a   Code   RO         4918    !!handler_copy      c_w.l(__scatter_copy.o)
    0x08000142   0x08000142   0x00000002   PAD
    0x08000144   0x08000144   0x0000001c   Code   RO         4920    !!handler_zi        c_w.l(__scatter_zi.o)
    0x08000160   0x08000160   0x00000002   Code   RO         4825    .ARM.Collect$$libinit$$00000000  c_w.l(libinit.o)
    0x08000162   0x08000162   0x00000000   Code   RO         4596    .ARM.Collect$$libinit$$00000002  c_w.l(libinit2.o)
    0x08000162   0x08000162   0x00000000   Code   RO         4598    .ARM.Collect$$libinit$$00000004  c_w.l(libinit2.o)
    0x08000162   0x08000162   0x00000000   Code   RO         4601    .ARM.Collect$$libinit$$0000000A  c_w.l(libinit2.o)
    0x08000162   0x08000162   0x00000000   Code   RO         4603    .ARM.Collect$$libinit$$0000000C  c_w.l(libinit2.o)
    0x08000162   0x08000162   0x00000000   Code   RO         4605    .ARM.Collect$$libinit$$0000000E  c_w.l(libinit2.o)
    0x08000162   0x08000162   0x00000000   Code   RO         4608    .ARM.Collect$$libinit$$00000011  c_w.l(libinit2.o)
    0x08000162   0x08000162   0x00000000   Code   RO         4610    .ARM.Collect$$libinit$$00000013  c_w.l(libinit2.o)
    0x08000162   0x08000162   0x00000000   Code   RO         4612    .ARM.Collect$$libinit$$00000015  c_w.l(libinit2.o)
    0x08000162   0x08000162   0x00000000   Code   RO         4614    .ARM.Collect$$libinit$$00000017  c_w.l(libinit2.o)
    0x08000162   0x08000162   0x00000000   Code   RO         4616    .ARM.Collect$$libinit$$00000019  c_w.l(libinit2.o)
    0x08000162   0x08000162   0x00000000   Code   RO         4618    .ARM.Collect$$libinit$$0000001B  c_w.l(libinit2.o)
    0x08000162   0x08000162   0x00000000   Code   RO         4620    .ARM.Collect$$libinit$$0000001D  c_w.l(libinit2.o)
    0x08000162   0x08000162   0x00000000   Code   RO         4622    .ARM.Collect$$libinit$$0000001F  c_w.l(libinit2.o)
    0x08000162   0x08000162   0x00000000   Code   RO         4624    .ARM.Collect$$libinit$$00000021  c_w.l(libinit2.o)
    0x08000162   0x08000162   0x00000000   Code   RO         4626    .ARM.Collect$$libinit$$00000023  c_w.l(libinit2.o)
    0x08000162   0x08000162   0x00000000   Code   RO         4628    .ARM.Collect$$libinit$$00000025  c_w.l(libinit2.o)
    0x08000162   0x08000162   0x00000000   Code   RO         4632    .ARM.Collect$$libinit$$0000002C  c_w.l(libinit2.o)
    0x08000162   0x08000162   0x00000000   Code   RO         4634    .ARM.Collect$$libinit$$0000002E  c_w.l(libinit2.o)
    0x08000162   0x08000162   0x00000000   Code   RO         4636    .ARM.Collect$$libinit$$00000030  c_w.l(libinit2.o)
    0x08000162   0x08000162   0x00000000   Code   RO         4638    .ARM.Collect$$libinit$$00000032  c_w.l(libinit2.o)
    0x08000162   0x08000162   0x00000002   Code   RO         4639    .ARM.Collect$$libinit$$00000033  c_w.l(libinit2.o)
    0x08000164   0x08000164   0x00000002   Code   RO         4913    .ARM.Collect$$libshutdown$$00000000  c_w.l(libshutdown.o)
    0x08000166   0x08000166   0x00000000   Code   RO         4827    .ARM.Collect$$libshutdown$$00000002  c_w.l(libshutdown2.o)
    0x08000166   0x08000166   0x00000000   Code   RO         4829    .ARM.Collect$$libshutdown$$00000004  c_w.l(libshutdown2.o)
    0x08000166   0x08000166   0x00000000   Code   RO         4831    .ARM.Collect$$libshutdown$$00000006  c_w.l(libshutdown2.o)
    0x08000166   0x08000166   0x00000000   Code   RO         4834    .ARM.Collect$$libshutdown$$00000009  c_w.l(libshutdown2.o)
    0x08000166   0x08000166   0x00000000   Code   RO         4837    .ARM.Collect$$libshutdown$$0000000C  c_w.l(libshutdown2.o)
    0x08000166   0x08000166   0x00000000   Code   RO         4839    .ARM.Collect$$libshutdown$$0000000E  c_w.l(libshutdown2.o)
    0x08000166   0x08000166   0x00000000   Code   RO         4842    .ARM.Collect$$libshutdown$$00000011  c_w.l(libshutdown2.o)
    0x08000166   0x08000166   0x00000002   Code   RO         4843    .ARM.Collect$$libshutdown$$00000012  c_w.l(libshutdown2.o)
    0x08000168   0x08000168   0x00000000   Code   RO         4537    .ARM.Collect$$rtentry$$00000000  c_w.l(__rtentry.o)
    0x08000168   0x08000168   0x00000000   Code   RO         4682    .ARM.Collect$$rtentry$$00000002  c_w.l(__rtentry2.o)
    0x08000168   0x08000168   0x00000006   Code   RO         4694    .ARM.Collect$$rtentry$$00000004  c_w.l(__rtentry4.o)
    0x0800016e   0x0800016e   0x00000000   Code   RO         4684    .ARM.Collect$$rtentry$$00000009  c_w.l(__rtentry2.o)
    0x0800016e   0x0800016e   0x00000004   Code   RO         4685    .ARM.Collect$$rtentry$$0000000A  c_w.l(__rtentry2.o)
    0x08000172   0x08000172   0x00000000   Code   RO         4687    .ARM.Collect$$rtentry$$0000000C  c_w.l(__rtentry2.o)
    0x08000172   0x08000172   0x00000008   Code   RO         4688    .ARM.Collect$$rtentry$$0000000D  c_w.l(__rtentry2.o)
    0x0800017a   0x0800017a   0x00000002   Code   RO         4850    .ARM.Collect$$rtexit$$00000000  c_w.l(rtexit.o)
    0x0800017c   0x0800017c   0x00000000   Code   RO         4879    .ARM.Collect$$rtexit$$00000002  c_w.l(rtexit2.o)
    0x0800017c   0x0800017c   0x00000004   Code   RO         4880    .ARM.Collect$$rtexit$$00000003  c_w.l(rtexit2.o)
    0x08000180   0x08000180   0x00000006   Code   RO         4881    .ARM.Collect$$rtexit$$00000004  c_w.l(rtexit2.o)
    0x08000186   0x08000186   0x00000002   PAD
    0x08000188   0x08000188   0x00000040   Code   RO            4    .text               startup_stm32f103xb.o
    0x080001c8   0x080001c8   0x00000064   Code   RO         4449    .text               c_w.l(rt_memcpy_w.o)
    0x0800022c   0x0800022c   0x00000044   Code   RO         4451    .text               c_w.l(rt_memclr.o)
    0x08000270   0x08000270   0x0000004e   Code   RO         4453    .text               c_w.l(rt_memclr_w.o)
    0x080002be   0x080002be   0x00000006   Code   RO         4457    .text               c_w.l(heapauxi.o)
    0x080002c4   0x080002c4   0x00000008   Code   RO         4678    .text               c_w.l(libspace.o)
    0x080002cc   0x080002cc   0x00000002   Code   RO         4782    .text               c_w.l(use_no_semi.o)
    0x080002ce   0x080002ce   0x00000000   Code   RO         4784    .text               c_w.l(indicate_semi.o)
    0x080002ce   0x080002ce   0x0000004a   Code   RO         4785    .text               c_w.l(sys_stackheap_outer.o)
    0x08000318   0x08000318   0x00000012   Code   RO         4806    .text               c_w.l(exit.o)
    0x0800032a   0x0800032a   0x00000002   PAD
    0x0800032c   0x0800032c   0x0000000c   Code   RO         4848    .text               c_w.l(sys_exit.o)
    0x08000338   0x08000338   0x00000056   Code   RO         1385    i.ADC_ConversionStop_Disable  stm32f1xx_hal_adc.o
    0x0800038e   0x0800038e   0x00000002   PAD
    0x08000390   0x08000390   0x0000007c   Code   RO         1389    i.ADC_Enable        stm32f1xx_hal_adc.o
    0x0800040c   0x0800040c   0x0000002c   Code   RO          963    i.ADC_IN_1          tds.o
    0x08000438   0x08000438   0x0000001a   Code   RO          658    i.BH1750_Init       gy-302.o
    0x08000452   0x08000452   0x00000002   PAD
    0x08000454   0x08000454   0x0000006c   Code   RO          659    i.BH1750_RecvACK    gy-302.o
    0x080004c0   0x080004c0   0x00000078   Code   RO          660    i.BH1750_RecvByte   gy-302.o
    0x08000538   0x08000538   0x00000058   Code   RO          661    i.BH1750_SendACK    gy-302.o
    0x08000590   0x08000590   0x00000054   Code   RO          662    i.BH1750_SendByte   gy-302.o
    0x080005e4   0x080005e4   0x00000040   Code   RO          663    i.BH1750_Start      gy-302.o
    0x08000624   0x08000624   0x00000038   Code   RO          664    i.BH1750_Stop       gy-302.o
    0x0800065c   0x0800065c   0x00000002   Code   RO         1244    i.BusFault_Handler  stm32f1xx_it.o
    0x0800065e   0x0800065e   0x0000000e   Code   RO          362    i.Data_Get          control.o
    0x0800066c   0x0800066c   0x00000002   Code   RO         1245    i.DebugMon_Handler  stm32f1xx_it.o
    0x0800066e   0x0800066e   0x00000016   Code   RO          665    i.Delay_mms         gy-302.o
    0x08000684   0x08000684   0x00000004   Code   RO         1044    i.Error_Handler     main.o
    0x08000688   0x08000688   0x00000088   Code   RO          363    i.Flag_Set          control.o
    0x08000710   0x08000710   0x000000d8   Code   RO         1565    i.HAL_ADCEx_Calibration_Start  stm32f1xx_hal_adc_ex.o
    0x080007e8   0x080007e8   0x000000fc   Code   RO         1391    i.HAL_ADC_ConfigChannel  stm32f1xx_hal_adc.o
    0x080008e4   0x080008e4   0x00000004   Code   RO         1397    i.HAL_ADC_GetState  stm32f1xx_hal_adc.o
    0x080008e8   0x080008e8   0x00000006   Code   RO         1398    i.HAL_ADC_GetValue  stm32f1xx_hal_adc.o
    0x080008ee   0x080008ee   0x00000002   PAD
    0x080008f0   0x080008f0   0x0000011c   Code   RO         1400    i.HAL_ADC_Init      stm32f1xx_hal_adc.o
    0x08000a0c   0x08000a0c   0x00000058   Code   RO         1113    i.HAL_ADC_MspInit   adc.o
    0x08000a64   0x08000a64   0x0000013c   Code   RO         1404    i.HAL_ADC_PollForConversion  stm32f1xx_hal_adc.o
    0x08000ba0   0x08000ba0   0x000000c0   Code   RO         1406    i.HAL_ADC_Start     stm32f1xx_hal_adc.o
    0x08000c60   0x08000c60   0x00000046   Code   RO         2042    i.HAL_DMA_Abort     stm32f1xx_hal_dma.o
    0x08000ca6   0x08000ca6   0x00000002   PAD
    0x08000ca8   0x08000ca8   0x00000098   Code   RO         2043    i.HAL_DMA_Abort_IT  stm32f1xx_hal_dma.o
    0x08000d40   0x08000d40   0x00000024   Code   RO         1668    i.HAL_Delay         stm32f1xx_hal.o
    0x08000d64   0x08000d64   0x000001e0   Code   RO         1978    i.HAL_GPIO_Init     stm32f1xx_hal_gpio.o
    0x08000f44   0x08000f44   0x0000000a   Code   RO         1980    i.HAL_GPIO_ReadPin  stm32f1xx_hal_gpio.o
    0x08000f4e   0x08000f4e   0x0000000a   Code   RO         1982    i.HAL_GPIO_WritePin  stm32f1xx_hal_gpio.o
    0x08000f58   0x08000f58   0x0000000c   Code   RO         1672    i.HAL_GetTick       stm32f1xx_hal.o
    0x08000f64   0x08000f64   0x00000010   Code   RO         1678    i.HAL_IncTick       stm32f1xx_hal.o
    0x08000f74   0x08000f74   0x00000024   Code   RO         1679    i.HAL_Init          stm32f1xx_hal.o
    0x08000f98   0x08000f98   0x00000040   Code   RO         1680    i.HAL_InitTick      stm32f1xx_hal.o
    0x08000fd8   0x08000fd8   0x0000003c   Code   RO         1325    i.HAL_MspInit       stm32f1xx_hal_msp.o
    0x08001014   0x08001014   0x0000001a   Code   RO         2138    i.HAL_NVIC_EnableIRQ  stm32f1xx_hal_cortex.o
    0x0800102e   0x0800102e   0x00000002   PAD
    0x08001030   0x08001030   0x00000040   Code   RO         2144    i.HAL_NVIC_SetPriority  stm32f1xx_hal_cortex.o
    0x08001070   0x08001070   0x00000024   Code   RO         2145    i.HAL_NVIC_SetPriorityGrouping  stm32f1xx_hal_cortex.o
    0x08001094   0x08001094   0x000000a4   Code   RO         1939    i.HAL_RCCEx_GetPeriphCLKFreq  stm32f1xx_hal_rcc_ex.o
    0x08001138   0x08001138   0x000000ec   Code   RO         1940    i.HAL_RCCEx_PeriphCLKConfig  stm32f1xx_hal_rcc_ex.o
    0x08001224   0x08001224   0x0000012c   Code   RO         1836    i.HAL_RCC_ClockConfig  stm32f1xx_hal_rcc.o
    0x08001350   0x08001350   0x00000020   Code   RO         1843    i.HAL_RCC_GetPCLK1Freq  stm32f1xx_hal_rcc.o
    0x08001370   0x08001370   0x00000020   Code   RO         1844    i.HAL_RCC_GetPCLK2Freq  stm32f1xx_hal_rcc.o
    0x08001390   0x08001390   0x0000004c   Code   RO         1845    i.HAL_RCC_GetSysClockFreq  stm32f1xx_hal_rcc.o
    0x080013dc   0x080013dc   0x00000320   Code   RO         1848    i.HAL_RCC_OscConfig  stm32f1xx_hal_rcc.o
    0x080016fc   0x080016fc   0x00000028   Code   RO         2149    i.HAL_SYSTICK_Config  stm32f1xx_hal_cortex.o
    0x08001724   0x08001724   0x00000068   Code   RO         3363    i.HAL_TIMEx_MasterConfigSynchronization  stm32f1xx_hal_tim_ex.o
    0x0800178c   0x0800178c   0x0000005a   Code   RO         2640    i.HAL_TIM_Base_Init  stm32f1xx_hal_tim.o
    0x080017e6   0x080017e6   0x00000002   PAD
    0x080017e8   0x080017e8   0x00000028   Code   RO         1155    i.HAL_TIM_Base_MspInit  tim.o
    0x08001810   0x08001810   0x000000dc   Code   RO         2649    i.HAL_TIM_ConfigClockSource  stm32f1xx_hal_tim.o
    0x080018ec   0x080018ec   0x00000002   Code   RO         3623    i.HAL_UARTEx_RxEventCallback  stm32f1xx_hal_uart.o
    0x080018ee   0x080018ee   0x00000002   Code   RO         3637    i.HAL_UART_ErrorCallback  stm32f1xx_hal_uart.o
    0x080018f0   0x080018f0   0x0000026c   Code   RO         3640    i.HAL_UART_IRQHandler  stm32f1xx_hal_uart.o
    0x08001b5c   0x08001b5c   0x00000064   Code   RO         3641    i.HAL_UART_Init     stm32f1xx_hal_uart.o
    0x08001bc0   0x08001bc0   0x00000080   Code   RO         1197    i.HAL_UART_MspInit  usart.o
    0x08001c40   0x08001c40   0x0000001c   Code   RO         3646    i.HAL_UART_Receive_IT  stm32f1xx_hal_uart.o
    0x08001c5c   0x08001c5c   0x00000044   Code   RO         1045    i.HAL_UART_RxCpltCallback  main.o
    0x08001ca0   0x08001ca0   0x00000002   Code   RO         3652    i.HAL_UART_TxCpltCallback  stm32f1xx_hal_uart.o
    0x08001ca2   0x08001ca2   0x00000002   Code   RO         1246    i.HardFault_Handler  stm32f1xx_it.o
    0x08001ca4   0x08001ca4   0x00000034   Code   RO          791    i.IIC_Start         oled.o
    0x08001cd8   0x08001cd8   0x0000002c   Code   RO          792    i.IIC_Stop          oled.o
    0x08001d04   0x08001d04   0x00000020   Code   RO          793    i.IIC_Wait_Ack      oled.o
    0x08001d24   0x08001d24   0x0000004c   Code   RO         1114    i.MX_ADC1_Init      adc.o
    0x08001d70   0x08001d70   0x000000f0   Code   RO         1088    i.MX_GPIO_Init      gpio.o
    0x08001e60   0x08001e60   0x0000006c   Code   RO         1156    i.MX_TIM1_Init      tim.o
    0x08001ecc   0x08001ecc   0x00000038   Code   RO         1198    i.MX_USART2_UART_Init  usart.o
    0x08001f04   0x08001f04   0x00000002   Code   RO         1247    i.MemManage_Handler  stm32f1xx_it.o
    0x08001f06   0x08001f06   0x00000002   PAD
    0x08001f08   0x08001f08   0x00000020   Code   RO          999    i.Motor_Backward    uln.o
    0x08001f28   0x08001f28   0x00000020   Code   RO         1000    i.Motor_Forward     uln.o
    0x08001f48   0x08001f48   0x00000002   Code   RO         1248    i.NMI_Handler       stm32f1xx_it.o
    0x08001f4a   0x08001f4a   0x0000003a   Code   RO          795    i.OLED_Clear        oled.o
    0x08001f84   0x08001f84   0x00000194   Code   RO          364    i.OLED_Data_Show    control.o
    0x08002118   0x08002118   0x0000012c   Code   RO          800    i.OLED_Init         oled.o
    0x08002244   0x08002244   0x0000002e   Code   RO          803    i.OLED_Set_Pos      oled.o
    0x08002272   0x08002272   0x00000002   PAD
    0x08002274   0x08002274   0x00000088   Code   RO          805    i.OLED_ShowChar     oled.o
    0x080022fc   0x080022fc   0x0000006a   Code   RO          806    i.OLED_ShowNum      oled.o
    0x08002366   0x08002366   0x00000036   Code   RO          807    i.OLED_ShowString   oled.o
    0x0800239c   0x0800239c   0x0000000c   Code   RO          808    i.OLED_WR_Byte      oled.o
    0x080023a8   0x080023a8   0x00000002   Code   RO         1249    i.PendSV_Handler    stm32f1xx_it.o
    0x080023aa   0x080023aa   0x00000002   Code   RO         1250    i.SVC_Handler       stm32f1xx_it.o
    0x080023ac   0x080023ac   0x0000001c   Code   RO          666    i.Single_Write_BH1750  gy-302.o
    0x080023c8   0x080023c8   0x00000080   Code   RO         1002    i.StepMotor_TakeStep  uln.o
    0x08002448   0x08002448   0x00000004   Code   RO         1251    i.SysTick_Handler   stm32f1xx_it.o
    0x0800244c   0x0800244c   0x00000078   Code   RO         1046    i.SystemClock_Config  main.o
    0x080024c4   0x080024c4   0x00000002   Code   RO         3975    i.SystemInit        system_stm32f1xx_1.o
    0x080024c6   0x080024c6   0x00000002   PAD
    0x080024c8   0x080024c8   0x0000001c   Code   RO          964    i.TDS_Check         tds.o
    0x080024e4   0x080024e4   0x0000006c   Code   RO         2733    i.TIM_Base_SetConfig  stm32f1xx_hal_tim.o
    0x08002550   0x08002550   0x00000014   Code   RO         2744    i.TIM_ETR_SetConfig  stm32f1xx_hal_tim.o
    0x08002564   0x08002564   0x00000010   Code   RO         2745    i.TIM_ITRx_SetConfig  stm32f1xx_hal_tim.o
    0x08002574   0x08002574   0x00000022   Code   RO         2751    i.TIM_TI1_ConfigInputStage  stm32f1xx_hal_tim.o
    0x08002596   0x08002596   0x00000024   Code   RO         2753    i.TIM_TI2_ConfigInputStage  stm32f1xx_hal_tim.o
    0x080025ba   0x080025ba   0x00000010   Code   RO         3654    i.UART_DMAAbortOnError  stm32f1xx_hal_uart.o
    0x080025ca   0x080025ca   0x0000004e   Code   RO         3664    i.UART_EndRxTransfer  stm32f1xx_hal_uart.o
    0x08002618   0x08002618   0x000000c2   Code   RO         3666    i.UART_Receive_IT   stm32f1xx_hal_uart.o
    0x080026da   0x080026da   0x00000002   PAD
    0x080026dc   0x080026dc   0x000000b8   Code   RO         3667    i.UART_SetConfig    stm32f1xx_hal_uart.o
    0x08002794   0x08002794   0x00000036   Code   RO         3669    i.UART_Start_Receive_IT  stm32f1xx_hal_uart.o
    0x080027ca   0x080027ca   0x00000002   PAD
    0x080027cc   0x080027cc   0x0000000c   Code   RO         1252    i.USART2_IRQHandler  stm32f1xx_it.o
    0x080027d8   0x080027d8   0x00000002   Code   RO         1253    i.UsageFault_Handler  stm32f1xx_it.o
    0x080027da   0x080027da   0x00000002   PAD
    0x080027dc   0x080027dc   0x00000048   Code   RO          667    i.Value_GY30        gy-302.o
    0x08002824   0x08002824   0x00000050   Code   RO          809    i.Write_IIC_Byte    oled.o
    0x08002874   0x08002874   0x0000002e   Code   RO          810    i.Write_IIC_Command  oled.o
    0x080028a2   0x080028a2   0x0000002e   Code   RO          811    i.Write_IIC_Data    oled.o
    0x080028d0   0x080028d0   0x00000020   Code   RO         2151    i.__NVIC_SetPriority  stm32f1xx_hal_cortex.o
    0x080028f0   0x080028f0   0x0000009a   Code   RO          668    i.delay_nus         gy-302.o
    0x0800298a   0x0800298a   0x00000002   PAD
    0x0800298c   0x0800298c   0x000000c4   Code   RO         1047    i.main              main.o
    0x08002a50   0x08002a50   0x00000040   Code   RO          669    i.mread             gy-302.o
    0x08002a90   0x08002a90   0x00000010   Code   RO          815    i.oled_pow          oled.o
    0x08002aa0   0x08002aa0   0x000002b0   Code   RO         4468    x$fpl$ddiv          fz_ws.l(ddiv.o)
    0x08002d50   0x08002d50   0x0000005a   Code   RO         4477    x$fpl$dfixu         fz_ws.l(dfixu.o)
    0x08002daa   0x08002daa   0x00000026   Code   RO         4481    x$fpl$dfltu         fz_ws.l(dflt_clz.o)
    0x08002dd0   0x08002dd0   0x0000009c   Code   RO         4642    x$fpl$dnaninf       fz_ws.l(dnaninf.o)
    0x08002e6c   0x08002e6c   0x0000000c   Code   RO         4644    x$fpl$dretinf       fz_ws.l(dretinf.o)
    0x08002e78   0x08002e78   0x00000018   Code   RO         4648    x$fpl$fcmpinf       fz_ws.l(fcmpi.o)
    0x08002e90   0x08002e90   0x0000003e   Code   RO         4499    x$fpl$ffixu         fz_ws.l(ffixu.o)
    0x08002ece   0x08002ece   0x00000002   PAD
    0x08002ed0   0x08002ed0   0x00000026   Code   RO         4503    x$fpl$ffltu         fz_ws.l(fflt_clz.o)
    0x08002ef6   0x08002ef6   0x00000002   PAD
    0x08002ef8   0x08002ef8   0x00000068   Code   RO         4509    x$fpl$fleqf         fz_ws.l(fleqf.o)
    0x08002f60   0x08002f60   0x0000008c   Code   RO         4650    x$fpl$fnaninf       fz_ws.l(fnaninf.o)
    0x08002fec   0x08002fec   0x00000000   Code   RO         4656    x$fpl$usenofp       fz_ws.l(usenofp.o)
    0x08002fec   0x08002fec   0x00000818   Data   RO          817    .constdata          oled.o
    0x08003804   0x08003804   0x00000012   Data   RO         1849    .constdata          stm32f1xx_hal_rcc.o
    0x08003816   0x08003816   0x00000012   Data   RO         1941    .constdata          stm32f1xx_hal_rcc_ex.o
    0x08003828   0x08003828   0x00000010   Data   RO         3976    .constdata          system_stm32f1xx_1.o
    0x08003838   0x08003838   0x00000008   Data   RO         3977    .constdata          system_stm32f1xx_1.o
    0x08003840   0x08003840   0x00000020   Data   RO         4914    Region$$Table       anon$$obj.o


    Execution Region RW_IRAM1 (Exec base: 0x20000000, Load base: 0x08003860, Size: 0x000007c0, Max: 0x00005000, ABSOLUTE)

    Exec Addr    Load Addr    Size         Type   Attr      Idx    E Section Name        Object

    0x20000000   0x08003860   0x00000018   Data   RW          366    .data               control.o
    0x20000018   0x08003878   0x00000004   Data   RW          575    .data               ds18b20.o
    0x2000001c   0x0800387c   0x00000008   Data   RW          670    .data               gy-302.o
    0x20000024   0x08003884   0x00000010   Data   RW          756    .data               hx711.o
    0x20000034   0x08003894   0x00000001   Data   RW          965    .data               tds.o
    0x20000035   0x08003895   0x00000001   PAD
    0x20000036   0x08003896   0x00000010   Data   RW         1003    .data               uln.o
    0x20000046   0x080038a6   0x00000002   PAD
    0x20000048   0x080038a8   0x0000000c   Data   RW         1686    .data               stm32f1xx_hal.o
    0x20000054   0x080038b4   0x00000004   Data   RW         3978    .data               system_stm32f1xx_1.o
    0x20000058   0x080038b8   0x00000004   Data   RW         4019    .data               esp8266.o
    0x2000005c   0x080038bc   0x00000001   Data   RW         4020    .data               esp8266.o
    0x2000005d   0x080038bd   0x00000003   PAD
    0x20000060        -       0x00000030   Zero   RW         1115    .bss                adc.o
    0x20000090        -       0x00000048   Zero   RW         1157    .bss                tim.o
    0x200000d8        -       0x00000048   Zero   RW         1200    .bss                usart.o
    0x20000120        -       0x00000040   Zero   RW         4018    .bss                esp8266.o
    0x20000160        -       0x00000060   Zero   RW         4679    .bss                c_w.l(libspace.o)
    0x200001c0        -       0x00000200   Zero   RW            2    HEAP                startup_stm32f103xb.o
    0x200003c0        -       0x00000400   Zero   RW            1    STACK               startup_stm32f103xb.o


==============================================================================

Image component sizes


      Code (inc. data)   RO Data    RW Data    ZI Data      Debug   Object Name

       164         20          0          0         48       1737   adc.o
         0          0          0          0          0       1444   cjson.o
       554        116          0         24          0     448120   control.o
         0          0          0          4          0        262   ds18b20.o
         0          0          0          5         64       1059   esp8266.o
       240         14          0          0          0       1023   gpio.o
       886         52          0          8          0       7462   gy-302.o
         0          0          0         16          0        831   hx711.o
       388         50          0          0          0       3014   main.o
      1028         34       2072          0          0       9534   oled.o
        64         26        236          0       1536        836   startup_stm32f103xb.o
       164         28          0         12          0       6093   stm32f1xx_hal.o
      1264         54          0          0          0       7291   stm32f1xx_hal_adc.o
       216          6          0          0          0       1478   stm32f1xx_hal_adc_ex.o
       198         14          0          0          0      29079   stm32f1xx_hal_cortex.o
       222          4          0          0          0       1843   stm32f1xx_hal_dma.o
       500         34          0          0          0       3615   stm32f1xx_hal_gpio.o
        60          8          0          0          0        918   stm32f1xx_hal_msp.o
      1240         84         18          0          0       5256   stm32f1xx_hal_rcc.o
       400         28         18          0          0       2537   stm32f1xx_hal_rcc_ex.o
       524         14          0          0          0       6259   stm32f1xx_hal_tim.o
       104         12          0          0          0       1404   stm32f1xx_hal_tim_ex.o
      1280         10          0          0          0       9132   stm32f1xx_hal_uart.o
        32          6          0          0          0       4542   stm32f1xx_it.o
         2          0         24          4          0       1191   system_stm32f1xx_1.o
        72         14          0          1          0       1217   tds.o
       148         20          0          0         72       1722   tim.o
       192         20          0         16          0       2306   uln.o
       184         22          0          0         72       1822   usart.o

    ----------------------------------------------------------------------
     10152        690       2400         96       1792     563027   Object Totals
         0          0         32          0          0          0   (incl. Generated)
        26          0          0          6          0          0   (incl. Padding)

    ----------------------------------------------------------------------

      Code (inc. data)   RO Data    RW Data    ZI Data      Debug   Library Member Name

         8          0          0          0          0         68   __main.o
         0          0          0          0          0          0   __rtentry.o
        12          0          0          0          0          0   __rtentry2.o
         6          0          0          0          0          0   __rtentry4.o
        52          8          0          0          0          0   __scatter.o
        26          0          0          0          0          0   __scatter_copy.o
        28          0          0          0          0          0   __scatter_zi.o
        18          0          0          0          0         80   exit.o
         6          0          0          0          0        152   heapauxi.o
         0          0          0          0          0          0   indicate_semi.o
         2          0          0          0          0          0   libinit.o
         2          0          0          0          0          0   libinit2.o
         2          0          0          0          0          0   libshutdown.o
         2          0          0          0          0          0   libshutdown2.o
         8          4          0          0         96         68   libspace.o
        68          0          0          0          0         68   rt_memclr.o
        78          0          0          0          0         80   rt_memclr_w.o
       100          0          0          0          0         80   rt_memcpy_w.o
         2          0          0          0          0          0   rtexit.o
        10          0          0          0          0          0   rtexit2.o
        12          4          0          0          0         68   sys_exit.o
        74          0          0          0          0         80   sys_stackheap_outer.o
         2          0          0          0          0         68   use_no_semi.o
       688        140          0          0          0        208   ddiv.o
        90          4          0          0          0         92   dfixu.o
        38          0          0          0          0         68   dflt_clz.o
       156          4          0          0          0         92   dnaninf.o
        12          0          0          0          0         68   dretinf.o
        24          0          0          0          0         68   fcmpi.o
        62          4          0          0          0         84   ffixu.o
        38          0          0          0          0         68   fflt_clz.o
       104          4          0          0          0         84   fleqf.o
       140          4          0          0          0         84   fnaninf.o
         0          0          0          0          0          0   usenofp.o

    ----------------------------------------------------------------------
      1880        176          0          0         96       1728   Library Totals
        10          0          0          0          0          0   (incl. Padding)

    ----------------------------------------------------------------------

      Code (inc. data)   RO Data    RW Data    ZI Data      Debug   Library Name

       518         16          0          0         96        812   c_w.l
      1352        160          0          0          0        916   fz_ws.l

    ----------------------------------------------------------------------
      1880        176          0          0         96       1728   Library Totals

    ----------------------------------------------------------------------

==============================================================================


      Code (inc. data)   RO Data    RW Data    ZI Data      Debug   

     12032        866       2400         96       1888     558667   Grand Totals
     12032        866       2400         96       1888     558667   ELF Image Totals
     12032        866       2400         96          0          0   ROM Totals

==============================================================================

    Total RO  Size (Code + RO Data)                14432 (  14.09kB)
    Total RW  Size (RW Data + ZI Data)              1984 (   1.94kB)
    Total ROM Size (Code + RO Data + RW Data)      14528 (  14.19kB)

==============================================================================

