Archive member included to satisfy reference by file (symbol)

c:/progra~2/gnuarm~1/102021~1.10/bin/../lib/gcc/arm-none-eabi/10.3.1/thumb/v7-m/nofp\libgcc.a(_arm_muldf3.o)
                              CMakeFiles/STM32.elf.dir/Core/Src/DS18B20.c.obj (__aeabi_dmul)
c:/progra~2/gnuarm~1/102021~1.10/bin/../lib/gcc/arm-none-eabi/10.3.1/thumb/v7-m/nofp\libgcc.a(_arm_addsubdf3.o)
                              CMakeFiles/STM32.elf.dir/Core/Src/OLED.c.obj (__aeabi_dsub)
c:/progra~2/gnuarm~1/102021~1.10/bin/../lib/gcc/arm-none-eabi/10.3.1/thumb/v7-m/nofp\libgcc.a(_arm_muldivdf3.o)
                              CMakeFiles/STM32.elf.dir/Core/Src/GY-302.c.obj (__aeabi_ddiv)
c:/progra~2/gnuarm~1/102021~1.10/bin/../lib/gcc/arm-none-eabi/10.3.1/thumb/v7-m/nofp\libgcc.a(_arm_cmpdf2.o)
                              CMakeFiles/STM32.elf.dir/Core/Src/cJSON.c.obj (__aeabi_dcmpeq)
c:/progra~2/gnuarm~1/102021~1.10/bin/../lib/gcc/arm-none-eabi/10.3.1/thumb/v7-m/nofp\libgcc.a(_arm_fixdfsi.o)
                              CMakeFiles/STM32.elf.dir/Core/Src/DS18B20.c.obj (__aeabi_d2iz)
c:/progra~2/gnuarm~1/102021~1.10/bin/../lib/gcc/arm-none-eabi/10.3.1/thumb/v7-m/nofp\libgcc.a(_arm_fixunsdfsi.o)
                              CMakeFiles/STM32.elf.dir/Core/Src/GY-302.c.obj (__aeabi_d2uiz)
c:/progra~2/gnuarm~1/102021~1.10/bin/../lib/gcc/arm-none-eabi/10.3.1/thumb/v7-m/nofp\libgcc.a(_arm_addsubsf3.o)
                              CMakeFiles/STM32.elf.dir/Core/Src/GY-302.c.obj (__aeabi_ui2f)
c:/progra~2/gnuarm~1/102021~1.10/bin/../lib/gcc/arm-none-eabi/10.3.1/thumb/v7-m/nofp\libgcc.a(_arm_muldivsf3.o)
                              CMakeFiles/STM32.elf.dir/Core/Src/HX711.c.obj (__aeabi_fdiv)
c:/progra~2/gnuarm~1/102021~1.10/bin/../lib/gcc/arm-none-eabi/10.3.1/thumb/v7-m/nofp\libgcc.a(_arm_cmpsf2.o)
                              CMakeFiles/STM32.elf.dir/Core/Src/Control.c.obj (__aeabi_fcmplt)
c:/progra~2/gnuarm~1/102021~1.10/bin/../lib/gcc/arm-none-eabi/10.3.1/thumb/v7-m/nofp\libgcc.a(_arm_fixunssfsi.o)
                              CMakeFiles/STM32.elf.dir/Core/Src/Control.c.obj (__aeabi_f2uiz)
c:/progra~2/gnuarm~1/102021~1.10/bin/../lib/gcc/arm-none-eabi/10.3.1/../../../../arm-none-eabi/lib/thumb/v7-m/nofp\libg.a(lib_a-atoi.o)
                              CMakeFiles/STM32.elf.dir/NET/onenet.c.obj (atoi)
c:/progra~2/gnuarm~1/102021~1.10/bin/../lib/gcc/arm-none-eabi/10.3.1/../../../../arm-none-eabi/lib/thumb/v7-m/nofp\libg.a(lib_a-ctype_.o)
                              CMakeFiles/STM32.elf.dir/Core/Src/cJSON.c.obj (_ctype_)
c:/progra~2/gnuarm~1/102021~1.10/bin/../lib/gcc/arm-none-eabi/10.3.1/../../../../arm-none-eabi/lib/thumb/v7-m/nofp\libg.a(lib_a-errno.o)
                              CMakeFiles/STM32.elf.dir/Core/Src/retarget.c.obj (__errno)
c:/progra~2/gnuarm~1/102021~1.10/bin/../lib/gcc/arm-none-eabi/10.3.1/../../../../arm-none-eabi/lib/thumb/v7-m/nofp\libg.a(lib_a-exit.o)
                              c:/progra~2/gnuarm~1/102021~1.10/bin/../lib/gcc/arm-none-eabi/10.3.1/../../../../arm-none-eabi/lib/thumb/v7-m/nofp/crt0.o (exit)
c:/progra~2/gnuarm~1/102021~1.10/bin/../lib/gcc/arm-none-eabi/10.3.1/../../../../arm-none-eabi/lib/thumb/v7-m/nofp\libg.a(lib_a-impure.o)
                              c:/progra~2/gnuarm~1/102021~1.10/bin/../lib/gcc/arm-none-eabi/10.3.1/../../../../arm-none-eabi/lib/thumb/v7-m/nofp\libg.a(lib_a-exit.o) (_global_impure_ptr)
c:/progra~2/gnuarm~1/102021~1.10/bin/../lib/gcc/arm-none-eabi/10.3.1/../../../../arm-none-eabi/lib/thumb/v7-m/nofp\libg.a(lib_a-init.o)
                              c:/progra~2/gnuarm~1/102021~1.10/bin/../lib/gcc/arm-none-eabi/10.3.1/../../../../arm-none-eabi/lib/thumb/v7-m/nofp/crt0.o (__libc_init_array)
c:/progra~2/gnuarm~1/102021~1.10/bin/../lib/gcc/arm-none-eabi/10.3.1/../../../../arm-none-eabi/lib/thumb/v7-m/nofp\libg.a(lib_a-malloc.o)
                              CMakeFiles/STM32.elf.dir/Core/Src/cJSON.c.obj (malloc)
c:/progra~2/gnuarm~1/102021~1.10/bin/../lib/gcc/arm-none-eabi/10.3.1/../../../../arm-none-eabi/lib/thumb/v7-m/nofp\libg.a(lib_a-mallocr.o)
                              c:/progra~2/gnuarm~1/102021~1.10/bin/../lib/gcc/arm-none-eabi/10.3.1/../../../../arm-none-eabi/lib/thumb/v7-m/nofp\libg.a(lib_a-malloc.o) (_malloc_r)
c:/progra~2/gnuarm~1/102021~1.10/bin/../lib/gcc/arm-none-eabi/10.3.1/../../../../arm-none-eabi/lib/thumb/v7-m/nofp\libg.a(lib_a-memcpy.o)
                              CMakeFiles/STM32.elf.dir/Core/Src/cJSON.c.obj (memcpy)
c:/progra~2/gnuarm~1/102021~1.10/bin/../lib/gcc/arm-none-eabi/10.3.1/../../../../arm-none-eabi/lib/thumb/v7-m/nofp\libg.a(lib_a-memset.o)
                              c:/progra~2/gnuarm~1/102021~1.10/bin/../lib/gcc/arm-none-eabi/10.3.1/../../../../arm-none-eabi/lib/thumb/v7-m/nofp/crt0.o (memset)
c:/progra~2/gnuarm~1/102021~1.10/bin/../lib/gcc/arm-none-eabi/10.3.1/../../../../arm-none-eabi/lib/thumb/v7-m/nofp\libg.a(lib_a-mlock.o)
[...]
Memory Configuration

Name             Origin             Length             Attributes
RAM              0x20000000         0x00005000         xrw
FLASH            0x08000000         0x00020000         xr
*default*        0x00000000         0xffffffff

Linker script and memory map

LOAD c:/progra~2/gnuarm~1/102021~1.10/bin/../lib/gcc/arm-none-eabi/10.3.1/thumb/v7-m/nofp/crti.o
LOAD c:/progra~2/gnuarm~1/102021~1.10/bin/../lib/gcc/arm-none-eabi/10.3.1/thumb/v7-m/nofp/crtbegin.o
LOAD c:/progra~2/gnuarm~1/102021~1.10/bin/../lib/gcc/arm-none-eabi/10.3.1/../../../../arm-none-eabi/lib/thumb/v7-m/nofp/crt0.o
LOAD CMakeFiles/STM32.elf.dir/Core/Src/BUZZER.c.obj
LOAD CMakeFiles/STM32.elf.dir/Core/Src/Control.c.obj
LOAD CMakeFiles/STM32.elf.dir/Core/Src/DS18B20.c.obj
LOAD CMakeFiles/STM32.elf.dir/Core/Src/GY-302.c.obj
LOAD CMakeFiles/STM32.elf.dir/Core/Src/HX711.c.obj
LOAD CMakeFiles/STM32.elf.dir/Core/Src/OLED.c.obj
LOAD CMakeFiles/STM32.elf.dir/Core/Src/TDS.c.obj
LOAD CMakeFiles/STM32.elf.dir/Core/Src/ULN.c.obj
LOAD CMakeFiles/STM32.elf.dir/Core/Src/adc.c.obj
LOAD CMakeFiles/STM32.elf.dir/Core/Src/cJSON.c.obj
LOAD CMakeFiles/STM32.elf.dir/Core/Src/gpio.c.obj
LOAD CMakeFiles/STM32.elf.dir/Core/Src/main.c.obj
LOAD CMakeFiles/STM32.elf.dir/Core/Src/retarget.c.obj
LOAD CMakeFiles/STM32.elf.dir/Core/Src/stm32f1xx_hal_msp.c.obj
LOAD CMakeFiles/STM32.elf.dir/Core/Src/stm32f1xx_it.c.obj
LOAD CMakeFiles/STM32.elf.dir/Core/Src/syscalls.c.obj
LOAD CMakeFiles/STM32.elf.dir/Core/Src/sysmem.c.obj
LOAD CMakeFiles/STM32.elf.dir/Core/Src/system_stm32f1xx.c.obj
LOAD CMakeFiles/STM32.elf.dir/Core/Src/tim.c.obj
LOAD CMakeFiles/STM32.elf.dir/Core/Src/usart.c.obj
LOAD CMakeFiles/STM32.elf.dir/Core/Startup/startup_stm32f103c8tx.s.obj
LOAD CMakeFiles/STM32.elf.dir/Drivers/STM32F1xx_HAL_Driver/Src/stm32f1xx_hal.c.obj
LOAD CMakeFiles/STM32.elf.dir/Drivers/STM32F1xx_HAL_Driver/Src/stm32f1xx_hal_adc.c.obj
LOAD CMakeFiles/STM32.elf.dir/Drivers/STM32F1xx_HAL_Driver/Src/stm32f1xx_hal_adc_ex.c.obj
LOAD CMakeFiles/STM32.elf.dir/Drivers/STM32F1xx_HAL_Driver/Src/stm32f1xx_hal_cortex.c.obj
LOAD CMakeFiles/STM32.elf.dir/Drivers/STM32F1xx_HAL_Driver/Src/stm32f1xx_hal_dma.c.obj
LOAD CMakeFiles/STM32.elf.dir/Drivers/STM32F1xx_HAL_Driver/Src/stm32f1xx_hal_exti.c.obj
LOAD CMakeFiles/STM32.elf.dir/Drivers/STM32F1xx_HAL_Driver/Src/stm32f1xx_hal_flash.c.obj
LOAD CMakeFiles/STM32.elf.dir/Drivers/STM32F1xx_HAL_Driver/Src/stm32f1xx_hal_flash_ex.c.obj
LOAD CMakeFiles/STM32.elf.dir/Drivers/STM32F1xx_HAL_Driver/Src/stm32f1xx_hal_gpio.c.obj
LOAD CMakeFiles/STM32.elf.dir/Drivers/STM32F1xx_HAL_Driver/Src/stm32f1xx_hal_gpio_ex.c.obj
LOAD CMakeFiles/STM32.elf.dir/Drivers/STM32F1xx_HAL_Driver/Src/stm32f1xx_hal_pwr.c.obj
LOAD CMakeFiles/STM32.elf.dir/Drivers/STM32F1xx_HAL_Driver/Src/stm32f1xx_hal_rcc.c.obj
LOAD CMakeFiles/STM32.elf.dir/Drivers/STM32F1xx_HAL_Driver/Src/stm32f1xx_hal_rcc_ex.c.obj
LOAD CMakeFiles/STM32.elf.dir/Drivers/STM32F1xx_HAL_Driver/Src/stm32f1xx_hal_tim.c.obj
LOAD CMakeFiles/STM32.elf.dir/Drivers/STM32F1xx_HAL_Driver/Src/stm32f1xx_hal_tim_ex.c.obj
LOAD CMakeFiles/STM32.elf.dir/Drivers/STM32F1xx_HAL_Driver/Src/stm32f1xx_hal_uart.c.obj
LOAD CMakeFiles/STM32.elf.dir/NET/MqttKit.c.obj
LOAD CMakeFiles/STM32.elf.dir/NET/esp8266.c.obj
LOAD CMakeFiles/STM32.elf.dir/NET/onenet.c.obj
START GROUP
LOAD c:/progra~2/gnuarm~1/102021~1.10/bin/../lib/gcc/arm-none-eabi/10.3.1/thumb/v7-m/nofp\libgcc.a
LOAD c:/progra~2/gnuarm~1/102021~1.10/bin/../lib/gcc/arm-none-eabi/10.3.1/../../../../arm-none-eabi/lib/thumb/v7-m/nofp\libg.a
LOAD c:/progra~2/gnuarm~1/102021~1.10/bin/../lib/gcc/arm-none-eabi/10.3.1/../../../../arm-none-eabi/lib/thumb/v7-m/nofp\libc.a
END GROUP
LOAD c:/progra~2/gnuarm~1/102021~1.10/bin/../lib/gcc/arm-none-eabi/10.3.1/thumb/v7-m/nofp/crtend.o
LOAD c:/progra~2/gnuarm~1/102021~1.10/bin/../lib/gcc/arm-none-eabi/10.3.1/thumb/v7-m/nofp/crtn.o
                0x20005000                _estack = (ORIGIN (RAM) + LENGTH (RAM))
                0x00000200                _Min_Heap_Size = 0x200
                0x00000400                _Min_Stack_Size = 0x400

.isr_vector     0x08000000      0x10c
                0x08000000                . = ALIGN (0x4)
 *(.isr_vector)
 .isr_vector    0x08000000      0x10c CMakeFiles/STM32.elf.dir/Core/Startup/startup_stm32f103c8tx.s.obj
                0x08000000                g_pfnVectors
                0x0800010c                . = ALIGN (0x4)

.text           0x08000110     0xf76c
                0x08000110                . = ALIGN (0x4)
 *(.text)
 .text          0x08000110       0x40 c:/progra~2/gnuarm~1/102021~1.10/bin/../lib/gcc/arm-none-eabi/10.3.1/thumb/v7-m/nofp/crtbegin.o
 .text          0x08000150      0x378 c:/progra~2/gnuarm~1/102021~1.10/bin/../lib/gcc/arm-none-eabi/10.3.1/thumb/v7-m/nofp\libgcc.a(_arm_addsubdf3.o)
                0x08000150                __aeabi_drsub
                0x08000158                __aeabi_dsub
                0x08000158                __subdf3
                0x0800015c                __aeabi_dadd
                0x0800015c                __adddf3
                0x080003d4                __floatunsidf
                0x080003d4                __aeabi_ui2d
                0x080003f4                __floatsidf
                0x080003f4                __aeabi_i2d
                0x08000418                __aeabi_f2d
                0x08000418                __extendsfdf2
                0x0800045c                __floatundidf
                0x0800045c                __aeabi_ul2d
                0x0800046c                __floatdidf
                0x0800046c                __aeabi_l2d
 .text          0x080004c8      0x424 c:/progra~2/gnuarm~1/102021~1.10/bin/../lib/gcc/arm-none-eabi/10.3.1/thumb/v7-m/nofp\libgcc.a(_arm_muldivdf3.o)
                0x080004c8                __aeabi_dmul
                0x080004c8                __muldf3
                0x0800071c                __divdf3
                0x0800071c                __aeabi_ddiv
 .text          0x080008ec      0x110 c:/progra~2/gnuarm~1/102021~1.10/bin/../lib/gcc/arm-none-eabi/10.3.1/thumb/v7-m/nofp\libgcc.a(_arm_cmpdf2.o)
                0x080008ec                __gtdf2
                0x080008ec                __gedf2
                0x080008f4                __ltdf2
                0x080008f4                __ledf2
                0x080008fc                __nedf2
                0x080008fc                __eqdf2
                0x080008fc                __cmpdf2
                0x08000978                __aeabi_cdrcmple
                0x08000988                __aeabi_cdcmpeq
                0x08000988                __aeabi_cdcmple
                0x08000998                __aeabi_dcmpeq
                0x080009ac                __aeabi_dcmplt
                0x080009c0                __aeabi_dcmple
                0x080009d4                __aeabi_dcmpge
                0x080009e8                __aeabi_dcmpgt
 .text          0x080009fc       0x50 c:/progra~2/gnuarm~1/102021~1.10/bin/../lib/gcc/arm-none-eabi/10.3.1/thumb/v7-m/nofp\libgcc.a(_arm_fixdfsi.o)
                0x080009fc                __aeabi_d2iz
                0x080009fc                __fixdfsi
 .text          0x08000a4c       0x40 c:/progra~2/gnuarm~1/102021~1.10/bin/../lib/gcc/arm-none-eabi/10.3.1/thumb/v7-m/nofp\libgcc.a(_arm_fixunsdfsi.o)
                0x08000a4c                __aeabi_d2uiz
                0x08000a4c                __fixunsdfsi
 .text          0x08000a8c      0x21c c:/progra~2/gnuarm~1/102021~1.10/bin/../lib/gcc/arm-none-eabi/10.3.1/thumb/v7-m/nofp\libgcc.a(_arm_addsubsf3.o)
                0x08000a8c                __aeabi_frsub
                0x08000a94                __subsf3
                0x08000a94                __aeabi_fsub
                0x08000a98                __aeabi_fadd
                0x08000a98                __addsf3
                0x08000bf8                __aeabi_ui2f
                0x08000bf8                __floatunsisf
                0x08000c00                __aeabi_i2f
                0x08000c00                __floatsisf
                0x08000c1c                __aeabi_ul2f
                0x08000c1c                __floatundisf
                0x08000c2c                __aeabi_l2f
                0x08000c2c                __floatdisf
 .text          0x08000ca8       0xec c:/progra~2/gnuarm~1/102021~1.10/bin/../lib/gcc/arm-none-eabi/10.3.1/thumb/v7-m/nofp\libgcc.a(_arm_cmpsf2.o)
                0x08000ca8                __gesf2
                0x08000ca8                __gtsf2
                0x08000cb0                __lesf2
                0x08000cb0                __ltsf2
                0x08000cb8                __nesf2
                0x08000cb8                __eqsf2
                0x08000cb8                __cmpsf2
                0x08000d18                __aeabi_cfrcmple
                0x08000d20                __aeabi_cfcmpeq
                0x08000d20                __aeabi_cfcmple
                0x08000d30                __aeabi_fcmpeq
                0x08000d44                __aeabi_fcmplt
                0x08000d58                __aeabi_fcmple
                0x08000d6c                __aeabi_fcmpge
                0x08000d80                __aeabi_fcmpgt
 .text          0x08000d94       0x40 c:/progra~2/gnuarm~1/102021~1.10/bin/../lib/gcc/arm-none-eabi/10.3.1/thumb/v7-m/nofp\libgcc.a(_arm_fixunssfsi.o)
                0x08000d94                __fixunssfsi
                0x08000d94                __aeabi_f2uiz
 .text          0x08000dd4       0xec c:/progra~2/gnuarm~1/102021~1.10/bin/../lib/gcc/arm-none-eabi/10.3.1/../../../../arm-none-eabi/lib/thumb/v7-m/nofp\libg.a(lib_a-memcpy.o)
                0x08000dd4                memcpy
 .text          0x08000ec0      0x1bc c:/progra~2/gnuarm~1/102021~1.10/bin/../lib/gcc/arm-none-eabi/10.3.1/../../../../arm-none-eabi/lib/thumb/v7-m/nofp\libg.a(lib_a-strcmp.o)
                0x08000ec0                strcmp
 .text          0x0800107c       0x2c c:/progra~2/gnuarm~1/102021~1.10/bin/../lib/gcc/arm-none-eabi/10.3.1/thumb/v7-m/nofp\libgcc.a(_arm_unorddf2.o)
                0x0800107c                __unorddf2
                0x0800107c                __aeabi_dcmpun
 .text          0x080010a8       0x30 c:/progra~2/gnuarm~1/102021~1.10/bin/../lib/gcc/arm-none-eabi/10.3.1/thumb/v7-m/nofp\libgcc.a(_aeabi_uldivmod.o)
                0x080010a8                __aeabi_uldivmod
 .text          0x080010d8      0x2d4 c:/progra~2/gnuarm~1/102021~1.10/bin/../lib/gcc/arm-none-eabi/10.3.1/thumb/v7-m/nofp\libgcc.a(_udivmoddi4.o)
                0x080010d8                __udivmoddi4
 .text          0x080013ac        0x4 c:/progra~2/gnuarm~1/102021~1.10/bin/../lib/gcc/arm-none-eabi/10.3.1/thumb/v7-m/nofp\libgcc.a(_dvmd_tls.o)
                0x080013ac                __aeabi_idiv0
                0x080013ac                __aeabi_ldiv0
 *(.text*)
 .text.BEEP_Init
                0x080013b0       0x14 CMakeFiles/STM32.elf.dir/Core/Src/BUZZER.c.obj
                0x080013b0                BEEP_Init
 .text.Pump     0x080013c4       0x24 CMakeFiles/STM32.elf.dir/Core/Src/Control.c.obj
                0x080013c4                Pump
 .text.UVA      0x080013e8       0x24 CMakeFiles/STM32.elf.dir/Core/Src/Control.c.obj
                0x080013e8                UVA
 .text.UVB      0x0800140c       0x24 CMakeFiles/STM32.elf.dir/Core/Src/Control.c.obj
                0x0800140c                UVB
 .text.Data_Get
                0x08001430       0x1c CMakeFiles/STM32.elf.dir/Core/Src/Control.c.obj
                0x08001430                Data_Get
 .text.OLED_Show
                0x0800144c      0x168 CMakeFiles/STM32.elf.dir/Core/Src/Control.c.obj
                0x0800144c                OLED_Show
 .text.Flag_Check
                0x080015b4       0x8c CMakeFiles/STM32.elf.dir/Core/Src/Control.c.obj
                0x080015b4                Flag_Check
 .text.HAL_TIM_PeriodElapsedCallback
                0x08001640       0x44 CMakeFiles/STM32.elf.dir/Core/Src/Control.c.obj
                0x08001640                HAL_TIM_PeriodElapsedCallback
 .text.HAL_Delay_us
                0x08001684       0x30 CMakeFiles/STM32.elf.dir/Core/Src/DS18B20.c.obj
                0x08001684                HAL_Delay_us
 .text.DS18B20_IO_IN
                0x080016b4       0x20 CMakeFiles/STM32.elf.dir/Core/Src/DS18B20.c.obj
                0x080016b4                DS18B20_IO_IN
 .text.DS18B20_IO_OUT
                0x080016d4       0x20 CMakeFiles/STM32.elf.dir/Core/Src/DS18B20.c.obj
                0x080016d4                DS18B20_IO_OUT
 .text.DS18B20_Rst
                0x080016f4       0x30 CMakeFiles/STM32.elf.dir/Core/Src/DS18B20.c.obj
                0x080016f4                DS18B20_Rst
 .text.DS18B20_Check
                0x08001724       0x58 CMakeFiles/STM32.elf.dir/Core/Src/DS18B20.c.obj
                0x08001724                DS18B20_Check
 .text.DS18B20_Write_Byte
                0x0800177c       0x6c CMakeFiles/STM32.elf.dir/Core/Src/DS18B20.c.obj
                0x0800177c                DS18B20_Write_Byte
 .text.DS18B20_Read_Bit
                0x080017e8       0x48 CMakeFiles/STM32.elf.dir/Core/Src/DS18B20.c.obj
                0x080017e8                DS18B20_Read_Bit
 .text.DS18B20_Read_Byte
                0x08001830       0x20 CMakeFiles/STM32.elf.dir/Core/Src/DS18B20.c.obj
                0x08001830                DS18B20_Read_Byte
 .text.DS18B20_Start
                0x08001850       0x18 CMakeFiles/STM32.elf.dir/Core/Src/DS18B20.c.obj
                0x08001850                DS18B20_Start
 .text.DS18B20_Get_Temperature
                0x08001868       0x60 CMakeFiles/STM32.elf.dir/Core/Src/DS18B20.c.obj
                0x08001868                DS18B20_Get_Temperature
 .text.delay_nus
                0x080018c8       0x9e CMakeFiles/STM32.elf.dir/Core/Src/GY-302.c.obj
                0x080018c8                delay_nus
 *fill*         0x08001966        0x2 
 .text.BH1750_Start
                0x08001968       0x40 CMakeFiles/STM32.elf.dir/Core/Src/GY-302.c.obj
                0x08001968                BH1750_Start
 .text.BH1750_Stop
                0x080019a8       0x34 CMakeFiles/STM32.elf.dir/Core/Src/GY-302.c.obj
                0x080019a8                BH1750_Stop
 .text.BH1750_SendACK
                0x080019dc       0x60 CMakeFiles/STM32.elf.dir/Core/Src/GY-302.c.obj
                0x080019dc                BH1750_SendACK
 .text.BH1750_RecvACK
                0x08001a3c       0x74 CMakeFiles/STM32.elf.dir/Core/Src/GY-302.c.obj
                0x08001a3c                BH1750_RecvACK
 .text.BH1750_SendByte
                0x08001ab0       0x5c CMakeFiles/STM32.elf.dir/Core/Src/GY-302.c.obj
                0x08001ab0                BH1750_SendByte
 .text.BH1750_Init
                0x08001b0c       0x18 CMakeFiles/STM32.elf.dir/Core/Src/GY-302.c.obj
                0x08001b0c                BH1750_Init
 .text.Single_Write_BH1750
                0x08001b24       0x1a CMakeFiles/STM32.elf.dir/Core/Src/GY-302.c.obj
                0x08001b24                Single_Write_BH1750
 *fill*         0x08001b3e        0x2 
 .text.BH1750_RecvByte
                0x08001b40       0x80 CMakeFiles/STM32.elf.dir/Core/Src/GY-302.c.obj
                0x08001b40                BH1750_RecvByte
 .text.mread    0x08001bc0       0x3c CMakeFiles/STM32.elf.dir/Core/Src/GY-302.c.obj
                0x08001bc0                mread
 .text.Value_GY30
                0x08001bfc       0x50 CMakeFiles/STM32.elf.dir/Core/Src/GY-302.c.obj
                0x08001bfc                Value_GY30
 .text.Read_Weigh
                0x08001c4c       0xd0 CMakeFiles/STM32.elf.dir/Core/Src/HX711.c.obj
                0x08001c4c                Read_Weigh
 .text.IIC_Start
                0x08001d1c       0x34 CMakeFiles/STM32.elf.dir/Core/Src/OLED.c.obj
                0x08001d1c                IIC_Start
 .text.IIC_Stop
                0x08001d50       0x28 CMakeFiles/STM32.elf.dir/Core/Src/OLED.c.obj
                0x08001d50                IIC_Stop
 .text.IIC_Wait_Ack
                0x08001d78       0x20 CMakeFiles/STM32.elf.dir/Core/Src/OLED.c.obj
                0x08001d78                IIC_Wait_Ack
 .text.Write_IIC_Byte
                0x08001d98       0x58 CMakeFiles/STM32.elf.dir/Core/Src/OLED.c.obj
                0x08001d98                Write_IIC_Byte
 .text.Write_IIC_Command
                0x08001df0       0x2c CMakeFiles/STM32.elf.dir/Core/Src/OLED.c.obj
                0x08001df0                Write_IIC_Command
 .text.Write_IIC_Data
                0x08001e1c       0x2c CMakeFiles/STM32.elf.dir/Core/Src/OLED.c.obj
                0x08001e1c                Write_IIC_Data
 .text.OLED_WR_Byte
                0x08001e48       0x14 CMakeFiles/STM32.elf.dir/Core/Src/OLED.c.obj
                0x08001e48                OLED_WR_Byte
 .text.OLED_Set_Pos
                0x08001e5c       0x2a CMakeFiles/STM32.elf.dir/Core/Src/OLED.c.obj
                0x08001e5c                OLED_Set_Pos
 .text.OLED_Clear
                0x08001e86       0x40 CMakeFiles/STM32.elf.dir/Core/Src/OLED.c.obj
                0x08001e86                OLED_Clear
 *fill*         0x08001ec6        0x2 
 .text.OLED_ShowChar
                0x08001ec8       0x98 CMakeFiles/STM32.elf.dir/Core/Src/OLED.c.obj
                0x08001ec8                OLED_ShowChar
 .text.oled_pow
                0x08001f60       0x16 CMakeFiles/STM32.elf.dir/Core/Src/OLED.c.obj
                0x08001f60                oled_pow
 *fill*         0x08001f76        0x2 
 .text.OLED_ShowNum
                0x08001f78       0x90 CMakeFiles/STM32.elf.dir/Core/Src/OLED.c.obj
                0x08001f78                OLED_ShowNum
 .text.OLED_ShowString
                0x08002008       0x36 CMakeFiles/STM32.elf.dir/Core/Src/OLED.c.obj
                0x08002008                OLED_ShowString
 *fill*         0x0800203e        0x2 
 .text.OLED_Init
                0x08002040      0x130 CMakeFiles/STM32.elf.dir/Core/Src/OLED.c.obj
                0x08002040                OLED_Init
 .text.ADC_IN_1
                0x08002170       0x30 CMakeFiles/STM32.elf.dir/Core/Src/TDS.c.obj
                0x08002170                ADC_IN_1
 .text.TDS_Check
                0x080021a0       0x1c CMakeFiles/STM32.elf.dir/Core/Src/TDS.c.obj
                0x080021a0                TDS_Check
 .text.MX_ADC1_Init
                0x080021bc       0x58 CMakeFiles/STM32.elf.dir/Core/Src/adc.c.obj
                0x080021bc                MX_ADC1_Init
 .text.HAL_ADC_MspInit
                0x08002214       0x60 CMakeFiles/STM32.elf.dir/Core/Src/adc.c.obj
                0x08002214                HAL_ADC_MspInit
 .text.cJSON_strcasecmp
                0x08002274       0x5c CMakeFiles/STM32.elf.dir/Core/Src/cJSON.c.obj
 .text.parse_hex4
                0x080022d0       0xd8 CMakeFiles/STM32.elf.dir/Core/Src/cJSON.c.obj
 .text.parse_string
                0x080023a8      0x1c8 CMakeFiles/STM32.elf.dir/Core/Src/cJSON.c.obj
 .text.skip     0x08002570       0x10 CMakeFiles/STM32.elf.dir/Core/Src/cJSON.c.obj
 .text.cJSON_New_Item
                0x08002580       0x20 CMakeFiles/STM32.elf.dir/Core/Src/cJSON.c.obj
 .text.parse_number
                0x080025a0      0x1ac CMakeFiles/STM32.elf.dir/Core/Src/cJSON.c.obj
 .text.parse_value
                0x0800274c       0xa8 CMakeFiles/STM32.elf.dir/Core/Src/cJSON.c.obj
 .text.parse_array
                0x080027f4       0x98 CMakeFiles/STM32.elf.dir/Core/Src/cJSON.c.obj
 .text.parse_object
                0x0800288c       0xf8 CMakeFiles/STM32.elf.dir/Core/Src/cJSON.c.obj
 .text.cJSON_GetErrorPtr
                0x08002984        0xc CMakeFiles/STM32.elf.dir/Core/Src/cJSON.c.obj
                0x08002984                cJSON_GetErrorPtr
 .text.cJSON_Delete
                0x08002990       0x54 CMakeFiles/STM32.elf.dir/Core/Src/cJSON.c.obj
                0x08002990                cJSON_Delete
 .text.cJSON_ParseWithOpts
                0x080029e4       0x58 CMakeFiles/STM32.elf.dir/Core/Src/cJSON.c.obj
                0x080029e4                cJSON_ParseWithOpts
 .text.cJSON_Parse
                0x08002a3c        0xc CMakeFiles/STM32.elf.dir/Core/Src/cJSON.c.obj
                0x08002a3c                cJSON_Parse
 .text.cJSON_GetObjectItem
                0x08002a48       0x1c CMakeFiles/STM32.elf.dir/Core/Src/cJSON.c.obj
                0x08002a48                cJSON_GetObjectItem
 .text.MX_GPIO_Init
                0x08002a64      0x104 CMakeFiles/STM32.elf.dir/Core/Src/gpio.c.obj
                0x08002a64                MX_GPIO_Init
 .text.HAL_UART_RxCpltCallback
                0x08002b68       0x44 CMakeFiles/STM32.elf.dir/Core/Src/main.c.obj
                0x08002b68                HAL_UART_RxCpltCallback
 .text.Error_Handler
                0x08002bac        0x4 CMakeFiles/STM32.elf.dir/Core/Src/main.c.obj
                0x08002bac                Error_Handler
 .text.SystemClock_Config
                0x08002bb0       0x84 CMakeFiles/STM32.elf.dir/Core/Src/main.c.obj
                0x08002bb0                SystemClock_Config
 .text.main     0x08002c34      0x10c CMakeFiles/STM32.elf.dir/Core/Src/main.c.obj
                0x08002c34                main
 .text._isatty  0x08002d40       0x16 CMakeFiles/STM32.elf.dir/Core/Src/retarget.c.obj
                0x08002d40                _isatty
 *fill*         0x08002d56        0x2 
 .text._write   0x08002d58       0x34 CMakeFiles/STM32.elf.dir/Core/Src/retarget.c.obj
                0x08002d58                _write
 .text._close   0x08002d8c       0x18 CMakeFiles/STM32.elf.dir/Core/Src/retarget.c.obj
                0x08002d8c                _close
 .text._lseek   0x08002da4       0x10 CMakeFiles/STM32.elf.dir/Core/Src/retarget.c.obj
                0x08002da4                _lseek
 .text._read    0x08002db4       0x30 CMakeFiles/STM32.elf.dir/Core/Src/retarget.c.obj
                0x08002db4                _read
 .text._fstat   0x08002de4       0x1a CMakeFiles/STM32.elf.dir/Core/Src/retarget.c.obj
                0x08002de4                _fstat
 *fill*         0x08002dfe        0x2 
 .text.HAL_MspInit
                0x08002e00       0x44 CMakeFiles/STM32.elf.dir/Core/Src/stm32f1xx_hal_msp.c.obj
                0x08002e00                HAL_MspInit
 .text.NMI_Handler
                0x08002e44        0x2 CMakeFiles/STM32.elf.dir/Core/Src/stm32f1xx_it.c.obj
                0x08002e44                NMI_Handler
 .text.HardFault_Handler
                0x08002e46        0x2 CMakeFiles/STM32.elf.dir/Core/Src/stm32f1xx_it.c.obj
                0x08002e46                HardFault_Handler
 .text.MemManage_Handler
                0x08002e48        0x2 CMakeFiles/STM32.elf.dir/Core/Src/stm32f1xx_it.c.obj
                0x08002e48                MemManage_Handler
 .text.BusFault_Handler
                0x08002e4a        0x2 CMakeFiles/STM32.elf.dir/Core/Src/stm32f1xx_it.c.obj
                0x08002e4a                BusFault_Handler
 .text.UsageFault_Handler
                0x08002e4c        0x2 CMakeFiles/STM32.elf.dir/Core/Src/stm32f1xx_it.c.obj
                0x08002e4c                UsageFault_Handler
 .text.SVC_Handler
                0x08002e4e        0x2 CMakeFiles/STM32.elf.dir/Core/Src/stm32f1xx_it.c.obj
                0x08002e4e                SVC_Handler
 .text.DebugMon_Handler
                0x08002e50        0x2 CMakeFiles/STM32.elf.dir/Core/Src/stm32f1xx_it.c.obj
                0x08002e50                DebugMon_Handler
 .text.PendSV_Handler
                0x08002e52        0x2 CMakeFiles/STM32.elf.dir/Core/Src/stm32f1xx_it.c.obj
                0x08002e52                PendSV_Handler
 .text.SysTick_Handler
                0x08002e54        0x8 CMakeFiles/STM32.elf.dir/Core/Src/stm32f1xx_it.c.obj
                0x08002e54                SysTick_Handler
 .text.TIM2_IRQHandler
                0x08002e5c       0x10 CMakeFiles/STM32.elf.dir/Core/Src/stm32f1xx_it.c.obj
                0x08002e5c                TIM2_IRQHandler
 .text.USART2_IRQHandler
                0x08002e6c       0x10 CMakeFiles/STM32.elf.dir/Core/Src/stm32f1xx_it.c.obj
                0x08002e6c                USART2_IRQHandler
 .text._getpid  0x08002e7c        0x4 CMakeFiles/STM32.elf.dir/Core/Src/syscalls.c.obj
                0x08002e7c                _getpid
 .text._kill    0x08002e80       0x10 CMakeFiles/STM32.elf.dir/Core/Src/syscalls.c.obj
                0x08002e80                _kill
 .text._exit    0x08002e90        0xc CMakeFiles/STM32.elf.dir/Core/Src/syscalls.c.obj
                0x08002e90                _exit
 .text._sbrk    0x08002e9c       0x48 CMakeFiles/STM32.elf.dir/Core/Src/sysmem.c.obj
                0x08002e9c                _sbrk
 .text.SystemInit
                0x08002ee4        0x2 CMakeFiles/STM32.elf.dir/Core/Src/system_stm32f1xx.c.obj
                0x08002ee4                SystemInit
 *fill*         0x08002ee6        0x2 
 .text.MX_TIM1_Init
                0x08002ee8       0x70 CMakeFiles/STM32.elf.dir/Core/Src/tim.c.obj
                0x08002ee8                MX_TIM1_Init
 .text.MX_TIM2_Init
                0x08002f58       0x70 CMakeFiles/STM32.elf.dir/Core/Src/tim.c.obj
                0x08002f58                MX_TIM2_Init
 .text.HAL_TIM_Base_MspInit
                0x08002fc8       0x60 CMakeFiles/STM32.elf.dir/Core/Src/tim.c.obj
                0x08002fc8                HAL_TIM_Base_MspInit
 .text.MX_USART2_UART_Init
                0x08003028       0x34 CMakeFiles/STM32.elf.dir/Core/Src/usart.c.obj
                0x08003028                MX_USART2_UART_Init
 .text.HAL_UART_MspInit
                0x0800305c       0x88 CMakeFiles/STM32.elf.dir/Core/Src/usart.c.obj
                0x0800305c                HAL_UART_MspInit
 .text.Usart_SendString
                0x080030e4       0x34 CMakeFiles/STM32.elf.dir/Core/Src/usart.c.obj
                0x080030e4                Usart_SendString
 .text.Reset_Handler
                0x08003118       0x48 CMakeFiles/STM32.elf.dir/Core/Startup/startup_stm32f103c8tx.s.obj
                0x08003118                Reset_Handler
 .text.Default_Handler
                0x08003160        0x2 CMakeFiles/STM32.elf.dir/Core/Startup/startup_stm32f103c8tx.s.obj
                0x08003160                RTC_Alarm_IRQHandler
                0x08003160                EXTI2_IRQHandler
                0x08003160                TIM1_CC_IRQHandler
                0x08003160                PVD_IRQHandler
                0x08003160                EXTI3_IRQHandler
                0x08003160                EXTI0_IRQHandler
                0x08003160                I2C2_EV_IRQHandler
                0x08003160                ADC1_2_IRQHandler
                0x08003160                SPI1_IRQHandler
                0x08003160                TAMPER_IRQHandler
                0x08003160                DMA1_Channel4_IRQHandler
                0x08003160                USART3_IRQHandler
                0x08003160                RTC_IRQHandler
                0x08003160                DMA1_Channel7_IRQHandler
                0x08003160                CAN1_RX1_IRQHandler
                0x08003160                TIM4_IRQHandler
                0x08003160                I2C1_EV_IRQHandler
                0x08003160                DMA1_Channel6_IRQHandler
                0x08003160                TIM3_IRQHandler
                0x08003160                RCC_IRQHandler
                0x08003160                TIM1_TRG_COM_IRQHandler
                0x08003160                DMA1_Channel1_IRQHandler
                0x08003160                Default_Handler
                0x08003160                EXTI15_10_IRQHandler
                0x08003160                EXTI9_5_IRQHandler
                0x08003160                SPI2_IRQHandler
                0x08003160                DMA1_Channel5_IRQHandler
                0x08003160                EXTI4_IRQHandler
                0x08003160                USB_LP_CAN1_RX0_IRQHandler
                0x08003160                USB_HP_CAN1_TX_IRQHandler
                0x08003160                DMA1_Channel3_IRQHandler
                0x08003160                TIM1_UP_IRQHandler
                0x08003160                WWDG_IRQHandler
                0x08003160                TIM1_BRK_IRQHandler
                0x08003160                EXTI1_IRQHandler
                0x08003160                I2C2_ER_IRQHandler
                0x08003160                DMA1_Channel2_IRQHandler
                0x08003160                CAN1_SCE_IRQHandler
                0x08003160                FLASH_IRQHandler
                0x08003160                USART1_IRQHandler
                0x08003160                I2C1_ER_IRQHandler
                0x08003160                USBWakeUp_IRQHandler
 *fill*         0x08003162        0x2 
 .text.HAL_InitTick
                0x08003164       0x4c CMakeFiles/STM32.elf.dir/Drivers/STM32F1xx_HAL_Driver/Src/stm32f1xx_hal.c.obj
                0x08003164                HAL_InitTick
 .text.HAL_Init
                0x080031b0       0x24 CMakeFiles/STM32.elf.dir/Drivers/STM32F1xx_HAL_Driver/Src/stm32f1xx_hal.c.obj
                0x080031b0                HAL_Init
 .text.HAL_IncTick
                0x080031d4       0x18 CMakeFiles/STM32.elf.dir/Drivers/STM32F1xx_HAL_Driver/Src/stm32f1xx_hal.c.obj
                0x080031d4                HAL_IncTick
 .text.HAL_GetTick
                0x080031ec        0xc CMakeFiles/STM32.elf.dir/Drivers/STM32F1xx_HAL_Driver/Src/stm32f1xx_hal.c.obj
                0x080031ec                HAL_GetTick
 .text.HAL_Delay
                0x080031f8       0x28 CMakeFiles/STM32.elf.dir/Drivers/STM32F1xx_HAL_Driver/Src/stm32f1xx_hal.c.obj
                0x080031f8                HAL_Delay
 .text.HAL_ADC_PollForConversion
                0x08003220      0x184 CMakeFiles/STM32.elf.dir/Drivers/STM32F1xx_HAL_Driver/Src/stm32f1xx_hal_adc.c.obj
                0x08003220                HAL_ADC_PollForConversion
 .text.HAL_ADC_GetValue
                0x080033a4        0x6 CMakeFiles/STM32.elf.dir/Drivers/STM32F1xx_HAL_Driver/Src/stm32f1xx_hal_adc.c.obj
                0x080033a4                HAL_ADC_GetValue
 *fill*         0x080033aa        0x2 
 .text.HAL_ADC_ConfigChannel
                0x080033ac      0x144 CMakeFiles/STM32.elf.dir/Drivers/STM32F1xx_HAL_Driver/Src/stm32f1xx_hal_adc.c.obj
                0x080033ac                HAL_ADC_ConfigChannel
 .text.HAL_ADC_GetState
                0x080034f0        0x4 CMakeFiles/STM32.elf.dir/Drivers/STM32F1xx_HAL_Driver/Src/stm32f1xx_hal_adc.c.obj
                0x080034f0                HAL_ADC_GetState
 .text.ADC_Enable
                0x080034f4       0x88 CMakeFiles/STM32.elf.dir/Drivers/STM32F1xx_HAL_Driver/Src/stm32f1xx_hal_adc.c.obj
                0x080034f4                ADC_Enable
 .text.HAL_ADC_Start
                0x0800357c       0xe8 CMakeFiles/STM32.elf.dir/Drivers/STM32F1xx_HAL_Driver/Src/stm32f1xx_hal_adc.c.obj
                0x0800357c                HAL_ADC_Start
 .text.ADC_ConversionStop_Disable
                0x08003664       0x56 CMakeFiles/STM32.elf.dir/Drivers/STM32F1xx_HAL_Driver/Src/stm32f1xx_hal_adc.c.obj
                0x08003664                ADC_ConversionStop_Disable
 *fill*         0x080036ba        0x2 
 .text.HAL_ADC_Init
                0x080036bc      0x108 CMakeFiles/STM32.elf.dir/Drivers/STM32F1xx_HAL_Driver/Src/stm32f1xx_hal_adc.c.obj
                0x080036bc                HAL_ADC_Init
 .text.HAL_ADCEx_Calibration_Start
                0x080037c4      0x100 CMakeFiles/STM32.elf.dir/Drivers/STM32F1xx_HAL_Driver/Src/stm32f1xx_hal_adc_ex.c.obj
                0x080037c4                HAL_ADCEx_Calibration_Start
 .text.HAL_NVIC_SetPriorityGrouping
                0x080038c4       0x24 CMakeFiles/STM32.elf.dir/Drivers/STM32F1xx_HAL_Driver/Src/stm32f1xx_hal_cortex.c.obj
                0x080038c4                HAL_NVIC_SetPriorityGrouping
 .text.HAL_NVIC_SetPriority
                0x080038e8       0x70 CMakeFiles/STM32.elf.dir/Drivers/STM32F1xx_HAL_Driver/Src/stm32f1xx_hal_cortex.c.obj
                0x080038e8                HAL_NVIC_SetPriority
 .text.HAL_NVIC_EnableIRQ
                0x08003958       0x1c CMakeFiles/STM32.elf.dir/Drivers/STM32F1xx_HAL_Driver/Src/stm32f1xx_hal_cortex.c.obj
                0x08003958                HAL_NVIC_EnableIRQ
 .text.HAL_SYSTICK_Config
                0x08003974       0x28 CMakeFiles/STM32.elf.dir/Drivers/STM32F1xx_HAL_Driver/Src/stm32f1xx_hal_cortex.c.obj
                0x08003974                HAL_SYSTICK_Config
 .text.HAL_DMA_Abort
                0x0800399c       0x46 CMakeFiles/STM32.elf.dir/Drivers/STM32F1xx_HAL_Driver/Src/stm32f1xx_hal_dma.c.obj
                0x0800399c                HAL_DMA_Abort
 *fill*         0x080039e2        0x2 
 .text.HAL_DMA_Abort_IT
                0x080039e4       0x98 CMakeFiles/STM32.elf.dir/Drivers/STM32F1xx_HAL_Driver/Src/stm32f1xx_hal_dma.c.obj
                0x080039e4                HAL_DMA_Abort_IT
 .text.HAL_GPIO_Init
                0x08003a7c      0x224 CMakeFiles/STM32.elf.dir/Drivers/STM32F1xx_HAL_Driver/Src/stm32f1xx_hal_gpio.c.obj
                0x08003a7c                HAL_GPIO_Init
 .text.HAL_GPIO_ReadPin
                0x08003ca0        0xe CMakeFiles/STM32.elf.dir/Drivers/STM32F1xx_HAL_Driver/Src/stm32f1xx_hal_gpio.c.obj
                0x08003ca0                HAL_GPIO_ReadPin
 .text.HAL_GPIO_WritePin
                0x08003cae        0xc CMakeFiles/STM32.elf.dir/Drivers/STM32F1xx_HAL_Driver/Src/stm32f1xx_hal_gpio.c.obj
                0x08003cae                HAL_GPIO_WritePin
 .text.HAL_GPIO_TogglePin
                0x08003cba       0x12 CMakeFiles/STM32.elf.dir/Drivers/STM32F1xx_HAL_Driver/Src/stm32f1xx_hal_gpio.c.obj
                0x08003cba                HAL_GPIO_TogglePin
 .text.RCC_Delay
                0x08003ccc       0x2c CMakeFiles/STM32.elf.dir/Drivers/STM32F1xx_HAL_Driver/Src/stm32f1xx_hal_rcc.c.obj
 .text.HAL_RCC_OscConfig
                0x08003cf8      0x410 CMakeFiles/STM32.elf.dir/Drivers/STM32F1xx_HAL_Driver/Src/stm32f1xx_hal_rcc.c.obj
                0x08003cf8                HAL_RCC_OscConfig
 .text.HAL_RCC_GetSysClockFreq
                0x08004108       0x54 CMakeFiles/STM32.elf.dir/Drivers/STM32F1xx_HAL_Driver/Src/stm32f1xx_hal_rcc.c.obj
                0x08004108                HAL_RCC_GetSysClockFreq
 .text.HAL_RCC_ClockConfig
                0x0800415c      0x16c CMakeFiles/STM32.elf.dir/Drivers/STM32F1xx_HAL_Driver/Src/stm32f1xx_hal_rcc.c.obj
                0x0800415c                HAL_RCC_ClockConfig
 .text.HAL_RCC_GetHCLKFreq
                0x080042c8        0xc CMakeFiles/STM32.elf.dir/Drivers/STM32F1xx_HAL_Driver/Src/stm32f1xx_hal_rcc.c.obj
                0x080042c8                HAL_RCC_GetHCLKFreq
 .text.HAL_RCC_GetPCLK1Freq
                0x080042d4       0x20 CMakeFiles/STM32.elf.dir/Drivers/STM32F1xx_HAL_Driver/Src/stm32f1xx_hal_rcc.c.obj
                0x080042d4                HAL_RCC_GetPCLK1Freq
 .text.HAL_RCC_GetPCLK2Freq
                0x080042f4       0x20 CMakeFiles/STM32.elf.dir/Drivers/STM32F1xx_HAL_Driver/Src/stm32f1xx_hal_rcc.c.obj
                0x080042f4                HAL_RCC_GetPCLK2Freq
 .text.HAL_RCCEx_PeriphCLKConfig
                0x08004314      0x118 CMakeFiles/STM32.elf.dir/Drivers/STM32F1xx_HAL_Driver/Src/stm32f1xx_hal_rcc_ex.c.obj
                0x08004314                HAL_RCCEx_PeriphCLKConfig
 .text.HAL_RCCEx_GetPeriphCLKFreq
                0x0800442c       0xd8 CMakeFiles/STM32.elf.dir/Drivers/STM32F1xx_HAL_Driver/Src/stm32f1xx_hal_rcc_ex.c.obj
                0x0800442c                HAL_RCCEx_GetPeriphCLKFreq
 .text.TIM_TI1_ConfigInputStage
                0x08004504       0x24 CMakeFiles/STM32.elf.dir/Drivers/STM32F1xx_HAL_Driver/Src/stm32f1xx_hal_tim.c.obj
 .text.TIM_TI2_ConfigInputStage
                0x08004528       0x26 CMakeFiles/STM32.elf.dir/Drivers/STM32F1xx_HAL_Driver/Src/stm32f1xx_hal_tim.c.obj
 .text.TIM_ITRx_SetConfig
                0x0800454e       0x10 CMakeFiles/STM32.elf.dir/Drivers/STM32F1xx_HAL_Driver/Src/stm32f1xx_hal_tim.c.obj
 *fill*         0x0800455e        0x2 
 .text.HAL_TIM_Base_Start
                0x08004560       0x5c CMakeFiles/STM32.elf.dir/Drivers/STM32F1xx_HAL_Driver/Src/stm32f1xx_hal_tim.c.obj
                0x08004560                HAL_TIM_Base_Start
 .text.HAL_TIM_Base_Stop
                0x080045bc       0x28 CMakeFiles/STM32.elf.dir/Drivers/STM32F1xx_HAL_Driver/Src/stm32f1xx_hal_tim.c.obj
                0x080045bc                HAL_TIM_Base_Stop
 .text.HAL_TIM_Base_Start_IT
                0x080045e4       0x68 CMakeFiles/STM32.elf.dir/Drivers/STM32F1xx_HAL_Driver/Src/stm32f1xx_hal_tim.c.obj
                0x080045e4                HAL_TIM_Base_Start_IT
 .text.HAL_TIM_OC_DelayElapsedCallback
                0x0800464c        0x2 CMakeFiles/STM32.elf.dir/Drivers/STM32F1xx_HAL_Driver/Src/stm32f1xx_hal_tim.c.obj
                0x0800464c                HAL_TIM_OC_DelayElapsedCallback
 .text.HAL_TIM_IC_CaptureCallback
                0x0800464e        0x2 CMakeFiles/STM32.elf.dir/Drivers/STM32F1xx_HAL_Driver/Src/stm32f1xx_hal_tim.c.obj
                0x0800464e                HAL_TIM_IC_CaptureCallback
 .text.HAL_TIM_PWM_PulseFinishedCallback
                0x08004650        0x2 CMakeFiles/STM32.elf.dir/Drivers/STM32F1xx_HAL_Driver/Src/stm32f1xx_hal_tim.c.obj
                0x08004650                HAL_TIM_PWM_PulseFinishedCallback
 .text.HAL_TIM_TriggerCallback
                0x08004652        0x2 CMakeFiles/STM32.elf.dir/Drivers/STM32F1xx_HAL_Driver/Src/stm32f1xx_hal_tim.c.obj
                0x08004652                HAL_TIM_TriggerCallback
 .text.HAL_TIM_IRQHandler
                0x08004654      0x17a CMakeFiles/STM32.elf.dir/Drivers/STM32F1xx_HAL_Driver/Src/stm32f1xx_hal_tim.c.obj
                0x08004654                HAL_TIM_IRQHandler
 *fill*         0x080047ce        0x2 
 .text.TIM_Base_SetConfig
                0x080047d0       0x74 CMakeFiles/STM32.elf.dir/Drivers/STM32F1xx_HAL_Driver/Src/stm32f1xx_hal_tim.c.obj
                0x080047d0                TIM_Base_SetConfig
 .text.HAL_TIM_Base_Init
                0x08004844       0x58 CMakeFiles/STM32.elf.dir/Drivers/STM32F1xx_HAL_Driver/Src/stm32f1xx_hal_tim.c.obj
                0x08004844                HAL_TIM_Base_Init
 .text.TIM_ETR_SetConfig
                0x0800489c       0x18 CMakeFiles/STM32.elf.dir/Drivers/STM32F1xx_HAL_Driver/Src/stm32f1xx_hal_tim.c.obj
                0x0800489c                TIM_ETR_SetConfig
 .text.HAL_TIM_ConfigClockSource
                0x080048b4       0xfe CMakeFiles/STM32.elf.dir/Drivers/STM32F1xx_HAL_Driver/Src/stm32f1xx_hal_tim.c.obj
                0x080048b4                HAL_TIM_ConfigClockSource
 *fill*         0x080049b2        0x2 
 .text.HAL_TIMEx_MasterConfigSynchronization
                0x080049b4       0x6c CMakeFiles/STM32.elf.dir/Drivers/STM32F1xx_HAL_Driver/Src/stm32f1xx_hal_tim_ex.c.obj
                0x080049b4                HAL_TIMEx_MasterConfigSynchronization
 .text.HAL_TIMEx_CommutCallback
                0x08004a20        0x2 CMakeFiles/STM32.elf.dir/Drivers/STM32F1xx_HAL_Driver/Src/stm32f1xx_hal_tim_ex.c.obj
                0x08004a20                HAL_TIMEx_CommutCallback
 .text.HAL_TIMEx_BreakCallback
                0x08004a22        0x2 CMakeFiles/STM32.elf.dir/Drivers/STM32F1xx_HAL_Driver/Src/stm32f1xx_hal_tim_ex.c.obj
                0x08004a22                HAL_TIMEx_BreakCallback
 .text.UART_EndRxTransfer
                0x08004a24       0x5c CMakeFiles/STM32.elf.dir/Drivers/STM32F1xx_HAL_Driver/Src/stm32f1xx_hal_uart.c.obj
 .text.UART_Transmit_IT
                0x08004a80       0x60 CMakeFiles/STM32.elf.dir/Drivers/STM32F1xx_HAL_Driver/Src/stm32f1xx_hal_uart.c.obj
 .text.UART_SetConfig
                0x08004ae0       0x94 CMakeFiles/STM32.elf.dir/Drivers/STM32F1xx_HAL_Driver/Src/stm32f1xx_hal_uart.c.obj
 .text.UART_WaitOnFlagUntilTimeout
                0x08004b74       0x88 CMakeFiles/STM32.elf.dir/Drivers/STM32F1xx_HAL_Driver/Src/stm32f1xx_hal_uart.c.obj
 .text.HAL_UART_Init
                0x08004bfc       0x60 CMakeFiles/STM32.elf.dir/Drivers/STM32F1xx_HAL_Driver/Src/stm32f1xx_hal_uart.c.obj
                0x08004bfc                HAL_UART_Init
 .text.HAL_UART_Transmit
                0x08004c5c       0xbe CMakeFiles/STM32.elf.dir/Drivers/STM32F1xx_HAL_Driver/Src/stm32f1xx_hal_uart.c.obj
                0x08004c5c                HAL_UART_Transmit
 .text.HAL_UART_Receive
                0x08004d1a       0xca CMakeFiles/STM32.elf.dir/Drivers/STM32F1xx_HAL_Driver/Src/stm32f1xx_hal_uart.c.obj
                0x08004d1a                HAL_UART_Receive
 .text.HAL_UART_TxCpltCallback
                0x08004de4        0x2 CMakeFiles/STM32.elf.dir/Drivers/STM32F1xx_HAL_Driver/Src/stm32f1xx_hal_uart.c.obj
                0x08004de4                HAL_UART_TxCpltCallback
 .text.UART_EndTransmit_IT
                0x08004de6       0x1a CMakeFiles/STM32.elf.dir/Drivers/STM32F1xx_HAL_Driver/Src/stm32f1xx_hal_uart.c.obj
 .text.HAL_UART_ErrorCallback
                0x08004e00        0x2 CMakeFiles/STM32.elf.dir/Drivers/STM32F1xx_HAL_Driver/Src/stm32f1xx_hal_uart.c.obj
                0x08004e00                HAL_UART_ErrorCallback
 .text.UART_DMAAbortOnError
                0x08004e02       0x10 CMakeFiles/STM32.elf.dir/Drivers/STM32F1xx_HAL_Driver/Src/stm32f1xx_hal_uart.c.obj
 .text.HAL_UARTEx_RxEventCallback
                0x08004e12        0x2 CMakeFiles/STM32.elf.dir/Drivers/STM32F1xx_HAL_Driver/Src/stm32f1xx_hal_uart.c.obj
                0x08004e12                HAL_UARTEx_RxEventCallback
 .text.UART_Receive_IT
                0x08004e14       0xe6 CMakeFiles/STM32.elf.dir/Drivers/STM32F1xx_HAL_Driver/Src/stm32f1xx_hal_uart.c.obj
 *fill*         0x08004efa        0x2 
 .text.HAL_UART_IRQHandler
                0x08004efc      0x288 CMakeFiles/STM32.elf.dir/Drivers/STM32F1xx_HAL_Driver/Src/stm32f1xx_hal_uart.c.obj
                0x08004efc                HAL_UART_IRQHandler
 .text.UART_Start_Receive_IT
                0x08005184       0x36 CMakeFiles/STM32.elf.dir/Drivers/STM32F1xx_HAL_Driver/Src/stm32f1xx_hal_uart.c.obj
                0x08005184                UART_Start_Receive_IT
 .text.HAL_UART_Receive_IT
                0x080051ba       0x26 CMakeFiles/STM32.elf.dir/Drivers/STM32F1xx_HAL_Driver/Src/stm32f1xx_hal_uart.c.obj
                0x080051ba                HAL_UART_Receive_IT
 .text.MQTT_NewBuffer
                0x080051e0       0x56 CMakeFiles/STM32.elf.dir/NET/MqttKit.c.obj
                0x080051e0                MQTT_NewBuffer
 .text.MQTT_DeleteBuffer
                0x08005236       0x1e CMakeFiles/STM32.elf.dir/NET/MqttKit.c.obj
                0x08005236                MQTT_DeleteBuffer
 .text.MQTT_DumpLength
                0x08005254       0x24 CMakeFiles/STM32.elf.dir/NET/MqttKit.c.obj
                0x08005254                MQTT_DumpLength
 .text.MQTT_ReadLength
                0x08005278       0x4a CMakeFiles/STM32.elf.dir/NET/MqttKit.c.obj
                0x08005278                MQTT_ReadLength
 *fill*         0x080052c2        0x2 
 .text.MQTT_UnPacketRecv
                0x080052c4       0x68 CMakeFiles/STM32.elf.dir/NET/MqttKit.c.obj
                0x080052c4                MQTT_UnPacketRecv
 .text.MQTT_PacketConnect
                0x0800532c      0x2b0 CMakeFiles/STM32.elf.dir/NET/MqttKit.c.obj
                0x0800532c                MQTT_PacketConnect
 .text.MQTT_UnPacketConnectAck
                0x080055dc       0x18 CMakeFiles/STM32.elf.dir/NET/MqttKit.c.obj
                0x080055dc                MQTT_UnPacketConnectAck
 .text.MQTT_UnPacketCmd
                0x080055f4       0xae CMakeFiles/STM32.elf.dir/NET/MqttKit.c.obj
                0x080055f4                MQTT_UnPacketCmd
 .text.MQTT_PacketSubscribe
                0x080056a2       0xee CMakeFiles/STM32.elf.dir/NET/MqttKit.c.obj
                0x080056a2                MQTT_PacketSubscribe
 .text.MQTT_UnPacketSubscribe
                0x08005790       0x26 CMakeFiles/STM32.elf.dir/NET/MqttKit.c.obj
                0x08005790                MQTT_UnPacketSubscribe
 .text.MQTT_UnPacketUnSubscribe
                0x080057b6       0x16 CMakeFiles/STM32.elf.dir/NET/MqttKit.c.obj
                0x080057b6                MQTT_UnPacketUnSubscribe
 .text.MQTT_PacketPublish
                0x080057cc      0x1fe CMakeFiles/STM32.elf.dir/NET/MqttKit.c.obj
                0x080057cc                MQTT_PacketPublish
 *fill*         0x080059ca        0x2 
 .text.MQTT_UnPacketPublish
                0x080059cc      0x1b0 CMakeFiles/STM32.elf.dir/NET/MqttKit.c.obj
                0x080059cc                MQTT_UnPacketPublish
 .text.MQTT_UnPacketPublishAck
                0x08005b7c       0x20 CMakeFiles/STM32.elf.dir/NET/MqttKit.c.obj
                0x08005b7c                MQTT_UnPacketPublishAck
 .text.MQTT_UnPacketPublishRec
                0x08005b9c       0x20 CMakeFiles/STM32.elf.dir/NET/MqttKit.c.obj
                0x08005b9c                MQTT_UnPacketPublishRec
 .text.MQTT_PacketPublishRel
                0x08005bbc       0x46 CMakeFiles/STM32.elf.dir/NET/MqttKit.c.obj
                0x08005bbc                MQTT_PacketPublishRel
 .text.MQTT_UnPacketPublishRel
                0x08005c02       0x26 CMakeFiles/STM32.elf.dir/NET/MqttKit.c.obj
                0x08005c02                MQTT_UnPacketPublishRel
 .text.MQTT_PacketPublishComp
                0x08005c28       0x46 CMakeFiles/STM32.elf.dir/NET/MqttKit.c.obj
                0x08005c28                MQTT_PacketPublishComp
 .text.MQTT_UnPacketPublishComp
                0x08005c6e       0x20 CMakeFiles/STM32.elf.dir/NET/MqttKit.c.obj
                0x08005c6e                MQTT_UnPacketPublishComp
 *fill*         0x08005c8e        0x2 
 .text.ESP01S_Clear
                0x08005c90       0x1c CMakeFiles/STM32.elf.dir/NET/esp8266.c.obj
                0x08005c90                ESP01S_Clear
 .text.ESP01S_WaitRecive
                0x08005cac       0x2c CMakeFiles/STM32.elf.dir/NET/esp8266.c.obj
                0x08005cac                ESP01S_WaitRecive
 .text.ESP01S_SendCmd
                0x08005cd8       0x74 CMakeFiles/STM32.elf.dir/NET/esp8266.c.obj
                0x08005cd8                ESP01S_SendCmd
 .text.ESP01S_SendData
                0x08005d4c       0x68 CMakeFiles/STM32.elf.dir/NET/esp8266.c.obj
                0x08005d4c                ESP01S_SendData
 .text.ESP01S_GetIPD
                0x08005db4       0x40 CMakeFiles/STM32.elf.dir/NET/esp8266.c.obj
                0x08005db4                ESP01S_GetIPD
 .text.ESP01S_Init
                0x08005df4      0x188 CMakeFiles/STM32.elf.dir/NET/esp8266.c.obj
                0x08005df4                ESP01S_Init
 .text.OneNet_DevLink
                0x08005f7c      0x108 CMakeFiles/STM32.elf.dir/NET/onenet.c.obj
                0x08005f7c                OneNet_DevLink
 .text.OneNet_Subscribe
                0x08006084       0x54 CMakeFiles/STM32.elf.dir/NET/onenet.c.obj
                0x08006084                OneNet_Subscribe
 .text.OneNet_Publish
                0x080060d8       0x58 CMakeFiles/STM32.elf.dir/NET/onenet.c.obj
                0x080060d8                OneNet_Publish
 .text.OneNet_RevPro
                0x08006130      0x3b4 CMakeFiles/STM32.elf.dir/NET/onenet.c.obj
                0x08006130                OneNet_RevPro
 .text.atoi     0x080064e4        0x8 c:/progra~2/gnuarm~1/102021~1.10/bin/../lib/gcc/arm-none-eabi/10.3.1/../../../../arm-none-eabi/lib/thumb/v7-m/nofp\libg.a(lib_a-atoi.o)
                0x080064e4                atoi
 .text.__errno  0x080064ec        0xc c:/progra~2/gnuarm~1/102021~1.10/bin/../lib/gcc/arm-none-eabi/10.3.1/../../../../arm-none-eabi/lib/thumb/v7-m/nofp\libg.a(lib_a-errno.o)
                0x080064ec                __errno
 .text.__libc_init_array
                0x080064f8       0x48 c:/progra~2/gnuarm~1/102021~1.10/bin/../lib/gcc/arm-none-eabi/10.3.1/../../../../arm-none-eabi/lib/thumb/v7-m/nofp\libg.a(lib_a-init.o)
                0x080064f8                __libc_init_array
 .text.malloc   0x08006540       0x10 c:/progra~2/gnuarm~1/102021~1.10/bin/../lib/gcc/arm-none-eabi/10.3.1/../../../../arm-none-eabi/lib/thumb/v7-m/nofp\libg.a(lib_a-malloc.o)
                0x08006540                malloc
 .text.free     0x08006550       0x10 c:/progra~2/gnuarm~1/102021~1.10/bin/../lib/gcc/arm-none-eabi/10.3.1/../../../../arm-none-eabi/lib/thumb/v7-m/nofp\libg.a(lib_a-malloc.o)
                0x08006550                free
 .text._malloc_r
                0x08006560      0x558 c:/progra~2/gnuarm~1/102021~1.10/bin/../lib/gcc/arm-none-eabi/10.3.1/../../../../arm-none-eabi/lib/thumb/v7-m/nofp\libg.a(lib_a-mallocr.o)
                0x08006560                _malloc_r
 .text.memset   0x08006ab8       0xa4 c:/progra~2/gnuarm~1/102021~1.10/bin/../lib/gcc/arm-none-eabi/10.3.1/../../../../arm-none-eabi/lib/thumb/v7-m/nofp\libg.a(lib_a-memset.o)
                0x08006ab8                memset
 .text.__malloc_lock
                0x08006b5c        0xc c:/progra~2/gnuarm~1/102021~1.10/bin/../lib/gcc/arm-none-eabi/10.3.1/../../../../arm-none-eabi/lib/thumb/v7-m/nofp\libg.a(lib_a-mlock.o)
                0x08006b5c                __malloc_lock
 .text.__malloc_unlock
                0x08006b68        0xc c:/progra~2/gnuarm~1/102021~1.10/bin/../lib/gcc/arm-none-eabi/10.3.1/../../../../arm-none-eabi/lib/thumb/v7-m/nofp\libg.a(lib_a-mlock.o)
                0x08006b68                __malloc_unlock
 .text.printf   0x08006b74       0x28 c:/progra~2/gnuarm~1/102021~1.10/bin/../lib/gcc/arm-none-eabi/10.3.1/../../../../arm-none-eabi/lib/thumb/v7-m/nofp\libg.a(lib_a-printf.o)
                0x08006b74                printf
 .text._puts_r  0x08006b9c       0x9c c:/progra~2/gnuarm~1/102021~1.10/bin/../lib/gcc/arm-none-eabi/10.3.1/../../../../arm-none-eabi/lib/thumb/v7-m/nofp\libg.a(lib_a-puts.o)
                0x08006b9c                _puts_r
 .text.puts     0x08006c38       0x10 c:/progra~2/gnuarm~1/102021~1.10/bin/../lib/gcc/arm-none-eabi/10.3.1/../../../../arm-none-eabi/lib/thumb/v7-m/nofp\libg.a(lib_a-puts.o)
                0x08006c38                puts
 .text._sbrk_r  0x08006c48       0x24 c:/progra~2/gnuarm~1/102021~1.10/bin/../lib/gcc/arm-none-eabi/10.3.1/../../../../arm-none-eabi/lib/thumb/v7-m/nofp\libg.a(lib_a-sbrkr.o)
                0x08006c48                _sbrk_r
 .text.sprintf  0x08006c6c       0x44 c:/progra~2/gnuarm~1/102021~1.10/bin/../lib/gcc/arm-none-eabi/10.3.1/../../../../arm-none-eabi/lib/thumb/v7-m/nofp\libg.a(lib_a-sprintf.o)
                0x08006c6c                sprintf
 .text.strchr   0x08006cb0       0xcc c:/progra~2/gnuarm~1/102021~1.10/bin/../lib/gcc/arm-none-eabi/10.3.1/../../../../arm-none-eabi/lib/thumb/v7-m/nofp\libg.a(lib_a-strchr.o)
                0x08006cb0                strchr
 .text.strlen   0x08006d7c       0x5c c:/progra~2/gnuarm~1/102021~1.10/bin/../lib/gcc/arm-none-eabi/10.3.1/../../../../arm-none-eabi/lib/thumb/v7-m/nofp\libg.a(lib_a-strlen-stub.o)
                0x08006d7c                strlen
 .text.strncat  0x08006dd8       0x5c c:/progra~2/gnuarm~1/102021~1.10/bin/../lib/gcc/arm-none-eabi/10.3.1/../../../../arm-none-eabi/lib/thumb/v7-m/nofp\libg.a(lib_a-strncat.o)
                0x08006dd8                strncat
 .text.strncmp  0x08006e34       0x7c c:/progra~2/gnuarm~1/102021~1.10/bin/../lib/gcc/arm-none-eabi/10.3.1/../../../../arm-none-eabi/lib/thumb/v7-m/nofp\libg.a(lib_a-strncmp.o)
                0x08006e34                strncmp
 .text.two_way_long_needle
                0x08006eb0      0x2b8 c:/progra~2/gnuarm~1/102021~1.10/bin/../lib/gcc/arm-none-eabi/10.3.1/../../../../arm-none-eabi/lib/thumb/v7-m/nofp\libg.a(lib_a-strstr.o)
 .text.strstr   0x08007168      0x168 c:/progra~2/gnuarm~1/102021~1.10/bin/../lib/gcc/arm-none-eabi/10.3.1/../../../../arm-none-eabi/lib/thumb/v7-m/nofp\libg.a(lib_a-strstr.o)
                0x08007168                strstr
 .text._strtol_l.part.0
                0x080072d0      0x120 c:/progra~2/gnuarm~1/102021~1.10/bin/../lib/gcc/arm-none-eabi/10.3.1/../../../../arm-none-eabi/lib/thumb/v7-m/nofp\libg.a(lib_a-strtol.o)
 .text.strtol   0x080073f0       0x2c c:/progra~2/gnuarm~1/102021~1.10/bin/../lib/gcc/arm-none-eabi/10.3.1/../../../../arm-none-eabi/lib/thumb/v7-m/nofp\libg.a(lib_a-strtol.o)
                0x080073f0                strtol
 .text._svfprintf_r
                0x0800741c     0x1aa4 c:/progra~2/gnuarm~1/102021~1.10/bin/../lib/gcc/arm-none-eabi/10.3.1/../../../../arm-none-eabi/lib/thumb/v7-m/nofp\libg.a(lib_a-svfprintf.o)
                0x0800741c                _svfprintf_r
 .text._vfprintf_r
                0x08008ec0     0x1b58 c:/progra~2/gnuarm~1/102021~1.10/bin/../lib/gcc/arm-none-eabi/10.3.1/../../../../arm-none-eabi/lib/thumb/v7-m/nofp\libg.a(lib_a-vfprintf.o)
                0x08008ec0                _vfprintf_r
 .text.__sbprintf
                0x0800aa18       0x84 c:/progra~2/gnuarm~1/102021~1.10/bin/../lib/gcc/arm-none-eabi/10.3.1/../../../../arm-none-eabi/lib/thumb/v7-m/nofp\libg.a(lib_a-vfprintf.o)
 .text.__swsetup_r
                0x0800aa9c       0xd4 c:/progra~2/gnuarm~1/102021~1.10/bin/../lib/gcc/arm-none-eabi/10.3.1/../../../../arm-none-eabi/lib/thumb/v7-m/nofp\libg.a(lib_a-wsetup.o)
                0x0800aa9c                __swsetup_r
 .text.startup.register_fini
                0x0800ab70       0x14 c:/progra~2/gnuarm~1/102021~1.10/bin/../lib/gcc/arm-none-eabi/10.3.1/../../../../arm-none-eabi/lib/thumb/v7-m/nofp\libg.a(lib_a-__call_atexit.o)
 .text.atexit   0x0800ab84        0xc c:/progra~2/gnuarm~1/102021~1.10/bin/../lib/gcc/arm-none-eabi/10.3.1/../../../../arm-none-eabi/lib/thumb/v7-m/nofp\libg.a(lib_a-atexit.o)
                0x0800ab84                atexit
 .text.quorem   0x0800ab90      0x12c c:/progra~2/gnuarm~1/102021~1.10/bin/../lib/gcc/arm-none-eabi/10.3.1/../../../../arm-none-eabi/lib/thumb/v7-m/nofp\libg.a(lib_a-dtoa.o)
 *fill*         0x0800acbc        0x4 
 .text._dtoa_r  0x0800acc0      0xecc c:/progra~2/gnuarm~1/102021~1.10/bin/../lib/gcc/arm-none-eabi/10.3.1/../../../../arm-none-eabi/lib/thumb/v7-m/nofp\libg.a(lib_a-dtoa.o)
                0x0800acc0                _dtoa_r
 .text.__sflush_r
                0x0800bb8c      0x124 c:/progra~2/gnuarm~1/102021~1.10/bin/../lib/gcc/arm-none-eabi/10.3.1/../../../../arm-none-eabi/lib/thumb/v7-m/nofp\libg.a(lib_a-fflush.o)
                0x0800bb8c                __sflush_r
 .text._fflush_r
                0x0800bcb0       0x5c c:/progra~2/gnuarm~1/102021~1.10/bin/../lib/gcc/arm-none-eabi/10.3.1/../../../../arm-none-eabi/lib/thumb/v7-m/nofp\libg.a(lib_a-fflush.o)
                0x0800bcb0                _fflush_r
 .text._cleanup_r
                0x0800bd0c        0xc c:/progra~2/gnuarm~1/102021~1.10/bin/../lib/gcc/arm-none-eabi/10.3.1/../../../../arm-none-eabi/lib/thumb/v7-m/nofp\libg.a(lib_a-findfp.o)
                0x0800bd0c                _cleanup_r
 .text.__sinit  0x0800bd18      0x10c c:/progra~2/gnuarm~1/102021~1.10/bin/../lib/gcc/arm-none-eabi/10.3.1/../../../../arm-none-eabi/lib/thumb/v7-m/nofp\libg.a(lib_a-findfp.o)
                0x0800bd18                __sinit
 .text.__sfp_lock_acquire
                0x0800be24        0xc c:/progra~2/gnuarm~1/102021~1.10/bin/../lib/gcc/arm-none-eabi/10.3.1/../../../../arm-none-eabi/lib/thumb/v7-m/nofp\libg.a(lib_a-findfp.o)
                0x0800be24                __sfp_lock_acquire
 .text.__sfp_lock_release
                0x0800be30        0xc c:/progra~2/gnuarm~1/102021~1.10/bin/../lib/gcc/arm-none-eabi/10.3.1/../../../../arm-none-eabi/lib/thumb/v7-m/nofp\libg.a(lib_a-findfp.o)
                0x0800be30                __sfp_lock_release
 .text.__libc_fini_array
                0x0800be3c       0x2c c:/progra~2/gnuarm~1/102021~1.10/bin/../lib/gcc/arm-none-eabi/10.3.1/../../../../arm-none-eabi/lib/thumb/v7-m/nofp\libg.a(lib_a-fini.o)
                0x0800be3c                __libc_fini_array
 .text._malloc_trim_r
                0x0800be68       0xa0 c:/progra~2/gnuarm~1/102021~1.10/bin/../lib/gcc/arm-none-eabi/10.3.1/../../../../arm-none-eabi/lib/thumb/v7-m/nofp\libg.a(lib_a-freer.o)
                0x0800be68                _malloc_trim_r
 .text._free_r  0x0800bf08      0x200 c:/progra~2/gnuarm~1/102021~1.10/bin/../lib/gcc/arm-none-eabi/10.3.1/../../../../arm-none-eabi/lib/thumb/v7-m/nofp\libg.a(lib_a-freer.o)
                0x0800bf08                _free_r
 .text.__sfvwrite_r
                0x0800c108      0x2f0 c:/progra~2/gnuarm~1/102021~1.10/bin/../lib/gcc/arm-none-eabi/10.3.1/../../../../arm-none-eabi/lib/thumb/v7-m/nofp\libg.a(lib_a-fvwrite.o)
                0x0800c108                __sfvwrite_r
 .text._fwalk_reent
                0x0800c3f8       0x48 c:/progra~2/gnuarm~1/102021~1.10/bin/../lib/gcc/arm-none-eabi/10.3.1/../../../../arm-none-eabi/lib/thumb/v7-m/nofp\libg.a(lib_a-fwalk.o)
                0x0800c3f8                _fwalk_reent
 .text._localeconv_r
                0x0800c440        0x8 c:/progra~2/gnuarm~1/102021~1.10/bin/../lib/gcc/arm-none-eabi/10.3.1/../../../../arm-none-eabi/lib/thumb/v7-m/nofp\libg.a(lib_a-localeconv.o)
                0x0800c440                _localeconv_r
 .text.__retarget_lock_init_recursive
                0x0800c448        0x4 c:/progra~2/gnuarm~1/102021~1.10/bin/../lib/gcc/arm-none-eabi/10.3.1/../../../../arm-none-eabi/lib/thumb/v7-m/nofp\libg.a(lib_a-lock.o)
                0x0800c448                __retarget_lock_init_recursive
 .text.__retarget_lock_close_recursive
                0x0800c44c        0x4 c:/progra~2/gnuarm~1/102021~1.10/bin/../lib/gcc/arm-none-eabi/10.3.1/../../../../arm-none-eabi/lib/thumb/v7-m/nofp\libg.a(lib_a-lock.o)
                0x0800c44c                __retarget_lock_close_recursive
 .text.__retarget_lock_acquire_recursive
                0x0800c450        0x4 c:/progra~2/gnuarm~1/102021~1.10/bin/../lib/gcc/arm-none-eabi/10.3.1/../../../../arm-none-eabi/lib/thumb/v7-m/nofp\libg.a(lib_a-lock.o)
                0x0800c450                __retarget_lock_acquire_recursive
 .text.__retarget_lock_release_recursive
                0x0800c454        0x4 c:/progra~2/gnuarm~1/102021~1.10/bin/../lib/gcc/arm-none-eabi/10.3.1/../../../../arm-none-eabi/lib/thumb/v7-m/nofp\libg.a(lib_a-lock.o)
                0x0800c454                __retarget_lock_release_recursive
 .text.__smakebuf_r
                0x0800c458       0xe0 c:/progra~2/gnuarm~1/102021~1.10/bin/../lib/gcc/arm-none-eabi/10.3.1/../../../../arm-none-eabi/lib/thumb/v7-m/nofp\libg.a(lib_a-makebuf.o)
                0x0800c458                __smakebuf_r
 .text.memchr   0x0800c538       0x90 c:/progra~2/gnuarm~1/102021~1.10/bin/../lib/gcc/arm-none-eabi/10.3.1/../../../../arm-none-eabi/lib/thumb/v7-m/nofp\libg.a(lib_a-memchr-stub.o)
                0x0800c538                memchr
 .text.memcmp   0x0800c5c8       0x68 c:/progra~2/gnuarm~1/102021~1.10/bin/../lib/gcc/arm-none-eabi/10.3.1/../../../../arm-none-eabi/lib/thumb/v7-m/nofp\libg.a(lib_a-memcmp.o)
                0x0800c5c8                memcmp
 .text.memmove  0x0800c630       0xf8 c:/progra~2/gnuarm~1/102021~1.10/bin/../lib/gcc/arm-none-eabi/10.3.1/../../../../arm-none-eabi/lib/thumb/v7-m/nofp\libg.a(lib_a-memmove.o)
                0x0800c630                memmove
 .text._Balloc  0x0800c728       0x4c c:/progra~2/gnuarm~1/102021~1.10/bin/../lib/gcc/arm-none-eabi/10.3.1/../../../../arm-none-eabi/lib/thumb/v7-m/nofp\libg.a(lib_a-mprec.o)
                0x0800c728                _Balloc
 .text._Bfree   0x0800c774       0x14 c:/progra~2/gnuarm~1/102021~1.10/bin/../lib/gcc/arm-none-eabi/10.3.1/../../../../arm-none-eabi/lib/thumb/v7-m/nofp\libg.a(lib_a-mprec.o)
                0x0800c774                _Bfree
 .text.__multadd
                0x0800c788       0xa4 c:/progra~2/gnuarm~1/102021~1.10/bin/../lib/gcc/arm-none-eabi/10.3.1/../../../../arm-none-eabi/lib/thumb/v7-m/nofp\libg.a(lib_a-mprec.o)
                0x0800c788                __multadd
 .text.__hi0bits
                0x0800c82c       0x40 c:/progra~2/gnuarm~1/102021~1.10/bin/../lib/gcc/arm-none-eabi/10.3.1/../../../../arm-none-eabi/lib/thumb/v7-m/nofp\libg.a(lib_a-mprec.o)
                0x0800c82c                __hi0bits
 .text.__lo0bits
                0x0800c86c       0x58 c:/progra~2/gnuarm~1/102021~1.10/bin/../lib/gcc/arm-none-eabi/10.3.1/../../../../arm-none-eabi/lib/thumb/v7-m/nofp\libg.a(lib_a-mprec.o)
                0x0800c86c                __lo0bits
 .text.__i2b    0x0800c8c4       0x5c c:/progra~2/gnuarm~1/102021~1.10/bin/../lib/gcc/arm-none-eabi/10.3.1/../../../../arm-none-eabi/lib/thumb/v7-m/nofp\libg.a(lib_a-mprec.o)
                0x0800c8c4                __i2b
 .text.__multiply
                0x0800c920      0x15c c:/progra~2/gnuarm~1/102021~1.10/bin/../lib/gcc/arm-none-eabi/10.3.1/../../../../arm-none-eabi/lib/thumb/v7-m/nofp\libg.a(lib_a-mprec.o)
                0x0800c920                __multiply
 .text.__pow5mult
                0x0800ca7c       0xb8 c:/progra~2/gnuarm~1/102021~1.10/bin/../lib/gcc/arm-none-eabi/10.3.1/../../../../arm-none-eabi/lib/thumb/v7-m/nofp\libg.a(lib_a-mprec.o)
                0x0800ca7c                __pow5mult
 .text.__lshift
                0x0800cb34       0xec c:/progra~2/gnuarm~1/102021~1.10/bin/../lib/gcc/arm-none-eabi/10.3.1/../../../../arm-none-eabi/lib/thumb/v7-m/nofp\libg.a(lib_a-mprec.o)
                0x0800cb34                __lshift
 .text.__mcmp   0x0800cc20       0x40 c:/progra~2/gnuarm~1/102021~1.10/bin/../lib/gcc/arm-none-eabi/10.3.1/../../../../arm-none-eabi/lib/thumb/v7-m/nofp\libg.a(lib_a-mprec.o)
                0x0800cc20                __mcmp
 .text.__mdiff  0x0800cc60      0x14c c:/progra~2/gnuarm~1/102021~1.10/bin/../lib/gcc/arm-none-eabi/10.3.1/../../../../arm-none-eabi/lib/thumb/v7-m/nofp\libg.a(lib_a-mprec.o)
                0x0800cc60                __mdiff
 .text.__d2b    0x0800cdac       0xc4 c:/progra~2/gnuarm~1/102021~1.10/bin/../lib/gcc/arm-none-eabi/10.3.1/../../../../arm-none-eabi/lib/thumb/v7-m/nofp\libg.a(lib_a-mprec.o)
                0x0800cdac                __d2b
 .text._realloc_r
                0x0800ce70      0x3dc c:/progra~2/gnuarm~1/102021~1.10/bin/../lib/gcc/arm-none-eabi/10.3.1/../../../../arm-none-eabi/lib/thumb/v7-m/nofp\libg.a(lib_a-reallocr.o)
                0x0800ce70                _realloc_r
 .text.frexp    0x0800d24c       0x70 c:/progra~2/gnuarm~1/102021~1.10/bin/../lib/gcc/arm-none-eabi/10.3.1/../../../../arm-none-eabi/lib/thumb/v7-m/nofp\libg.a(lib_a-s_frexp.o)
                0x0800d24c                frexp
 .text.__sread  0x0800d2bc       0x24 c:/progra~2/gnuarm~1/102021~1.10/bin/../lib/gcc/arm-none-eabi/10.3.1/../../../../arm-none-eabi/lib/thumb/v7-m/nofp\libg.a(lib_a-stdio.o)
                0x0800d2bc                __sread
 .text.__swrite
                0x0800d2e0       0x40 c:/progra~2/gnuarm~1/102021~1.10/bin/../lib/gcc/arm-none-eabi/10.3.1/../../../../arm-none-eabi/lib/thumb/v7-m/nofp\libg.a(lib_a-stdio.o)
                0x0800d2e0                __swrite
 .text.__sseek  0x0800d320       0x20 c:/progra~2/gnuarm~1/102021~1.10/bin/../lib/gcc/arm-none-eabi/10.3.1/../../../../arm-none-eabi/lib/thumb/v7-m/nofp\libg.a(lib_a-stdio.o)
                0x0800d320                __sseek
 .text.__sclose
                0x0800d340        0x8 c:/progra~2/gnuarm~1/102021~1.10/bin/../lib/gcc/arm-none-eabi/10.3.1/../../../../arm-none-eabi/lib/thumb/v7-m/nofp\libg.a(lib_a-stdio.o)
                0x0800d340                __sclose
 .text.strncpy  0x0800d348       0x68 c:/progra~2/gnuarm~1/102021~1.10/bin/../lib/gcc/arm-none-eabi/10.3.1/../../../../arm-none-eabi/lib/thumb/v7-m/nofp\libg.a(lib_a-strncpy.o)
                0x0800d348                strncpy
 .text.strnlen  0x0800d3b0       0x24 c:/progra~2/gnuarm~1/102021~1.10/bin/../lib/gcc/arm-none-eabi/10.3.1/../../../../arm-none-eabi/lib/thumb/v7-m/nofp\libg.a(lib_a-strnlen.o)
                0x0800d3b0                strnlen
 .text.__ssprint_r
                0x0800d3d4       0xfc c:/progra~2/gnuarm~1/102021~1.10/bin/../lib/gcc/arm-none-eabi/10.3.1/../../../../arm-none-eabi/lib/thumb/v7-m/nofp\libg.a(lib_a-svfiprintf.o)
                0x0800d3d4                __ssprint_r
 .text.__sprint_r.part.0
                0x0800d4d0       0x78 c:/progra~2/gnuarm~1/102021~1.10/bin/../lib/gcc/arm-none-eabi/10.3.1/../../../../arm-none-eabi/lib/thumb/v7-m/nofp\libg.a(lib_a-vfiprintf.o)
 .text.__sprint_r
                0x0800d548       0x14 c:/progra~2/gnuarm~1/102021~1.10/bin/../lib/gcc/arm-none-eabi/10.3.1/../../../../arm-none-eabi/lib/thumb/v7-m/nofp\libg.a(lib_a-vfiprintf.o)
                0x0800d548                __sprint_r
 .text._vfiprintf_r
                0x0800d55c      0xd98 c:/progra~2/gnuarm~1/102021~1.10/bin/../lib/gcc/arm-none-eabi/10.3.1/../../../../arm-none-eabi/lib/thumb/v7-m/nofp\libg.a(lib_a-vfiprintf.o)
                0x0800d55c                _vfiprintf_r
 .text.__sbprintf
                0x0800e2f4       0x84 c:/progra~2/gnuarm~1/102021~1.10/bin/../lib/gcc/arm-none-eabi/10.3.1/../../../../arm-none-eabi/lib/thumb/v7-m/nofp\libg.a(lib_a-vfiprintf.o)
 .text._write_r
                0x0800e378       0x2c c:/progra~2/gnuarm~1/102021~1.10/bin/../lib/gcc/arm-none-eabi/10.3.1/../../../../arm-none-eabi/lib/thumb/v7-m/nofp\libg.a(lib_a-writer.o)
                0x0800e378                _write_r
 .text.__register_exitproc
                0x0800e3a4       0x8c c:/progra~2/gnuarm~1/102021~1.10/bin/../lib/gcc/arm-none-eabi/10.3.1/../../../../arm-none-eabi/lib/thumb/v7-m/nofp\libg.a(lib_a-__atexit.o)
                0x0800e3a4                __register_exitproc
 .text.__assert_func
                0x0800e430       0x40 c:/progra~2/gnuarm~1/102021~1.10/bin/../lib/gcc/arm-none-eabi/10.3.1/../../../../arm-none-eabi/lib/thumb/v7-m/nofp\libg.a(lib_a-assert.o)
                0x0800e430                __assert_func
 .text._calloc_r
                0x0800e470       0x78 c:/progra~2/gnuarm~1/102021~1.10/bin/../lib/gcc/arm-none-eabi/10.3.1/../../../../arm-none-eabi/lib/thumb/v7-m/nofp\libg.a(lib_a-callocr.o)
                0x0800e470                _calloc_r
 .text._close_r
                0x0800e4e8       0x24 c:/progra~2/gnuarm~1/102021~1.10/bin/../lib/gcc/arm-none-eabi/10.3.1/../../../../arm-none-eabi/lib/thumb/v7-m/nofp\libg.a(lib_a-closer.o)
                0x0800e4e8                _close_r
 .text._fclose_r
                0x0800e50c       0xcc c:/progra~2/gnuarm~1/102021~1.10/bin/../lib/gcc/arm-none-eabi/10.3.1/../../../../arm-none-eabi/lib/thumb/v7-m/nofp\libg.a(lib_a-fclose.o)
                0x0800e50c                _fclose_r
 .text.fiprintf
                0x0800e5d8       0x28 c:/progra~2/gnuarm~1/102021~1.10/bin/../lib/gcc/arm-none-eabi/10.3.1/../../../../arm-none-eabi/lib/thumb/v7-m/nofp\libg.a(lib_a-fiprintf.o)
                0x0800e5d8                fiprintf
 .text.__fputwc
                0x0800e600       0xa0 c:/progra~2/gnuarm~1/102021~1.10/bin/../lib/gcc/arm-none-eabi/10.3.1/../../../../arm-none-eabi/lib/thumb/v7-m/nofp\libg.a(lib_a-fputwc.o)
                0x0800e600                __fputwc
 .text._fputwc_r
                0x0800e6a0       0x68 c:/progra~2/gnuarm~1/102021~1.10/bin/../lib/gcc/arm-none-eabi/10.3.1/../../../../arm-none-eabi/lib/thumb/v7-m/nofp\libg.a(lib_a-fputwc.o)
                0x0800e6a0                _fputwc_r
 .text._fstat_r
                0x0800e708       0x28 c:/progra~2/gnuarm~1/102021~1.10/bin/../lib/gcc/arm-none-eabi/10.3.1/../../../../arm-none-eabi/lib/thumb/v7-m/nofp\libg.a(lib_a-fstatr.o)
                0x0800e708                _fstat_r
 .text._isatty_r
                0x0800e730       0x24 c:/progra~2/gnuarm~1/102021~1.10/bin/../lib/gcc/arm-none-eabi/10.3.1/../../../../arm-none-eabi/lib/thumb/v7-m/nofp\libg.a(lib_a-isattyr.o)
                0x0800e730                _isatty_r
 .text.__locale_mb_cur_max
                0x0800e754        0xc c:/progra~2/gnuarm~1/102021~1.10/bin/../lib/gcc/arm-none-eabi/10.3.1/../../../../arm-none-eabi/lib/thumb/v7-m/nofp\libg.a(lib_a-locale.o)
                0x0800e754                __locale_mb_cur_max
 .text._lseek_r
                0x0800e760       0x2c c:/progra~2/gnuarm~1/102021~1.10/bin/../lib/gcc/arm-none-eabi/10.3.1/../../../../arm-none-eabi/lib/thumb/v7-m/nofp\libg.a(lib_a-lseekr.o)
                0x0800e760                _lseek_r
 .text.__ascii_mbtowc
                0x0800e78c       0x2c c:/progra~2/gnuarm~1/102021~1.10/bin/../lib/gcc/arm-none-eabi/10.3.1/../../../../arm-none-eabi/lib/thumb/v7-m/nofp\libg.a(lib_a-mbtowc_r.o)
                0x0800e78c                __ascii_mbtowc
 .text._read_r  0x0800e7b8       0x2c c:/progra~2/gnuarm~1/102021~1.10/bin/../lib/gcc/arm-none-eabi/10.3.1/../../../../arm-none-eabi/lib/thumb/v7-m/nofp\libg.a(lib_a-readr.o)
                0x0800e7b8                _read_r
 .text.__swbuf_r
                0x0800e7e4       0xb0 c:/progra~2/gnuarm~1/102021~1.10/bin/../lib/gcc/arm-none-eabi/10.3.1/../../../../arm-none-eabi/lib/thumb/v7-m/nofp\libg.a(lib_a-wbuf.o)
                0x0800e7e4                __swbuf_r
 .text._wcrtomb_r
                0x0800e894       0x3c c:/progra~2/gnuarm~1/102021~1.10/bin/../lib/gcc/arm-none-eabi/10.3.1/../../../../arm-none-eabi/lib/thumb/v7-m/nofp\libg.a(lib_a-wcrtomb.o)
                0x0800e894                _wcrtomb_r
 .text.__ascii_wctomb
                0x0800e8d0       0x1c c:/progra~2/gnuarm~1/102021~1.10/bin/../lib/gcc/arm-none-eabi/10.3.1/../../../../arm-none-eabi/lib/thumb/v7-m/nofp\libg.a(lib_a-wctomb_r.o)
                0x0800e8d0                __ascii_wctomb
 .text.abort    0x0800e8ec       0x10 c:/progra~2/gnuarm~1/102021~1.10/bin/../lib/gcc/arm-none-eabi/10.3.1/../../../../arm-none-eabi/lib/thumb/v7-m/nofp\libg.a(lib_a-abort.o)
                0x0800e8ec                abort
 .text.raise    0x0800e8fc       0x5c c:/progra~2/gnuarm~1/102021~1.10/bin/../lib/gcc/arm-none-eabi/10.3.1/../../../../arm-none-eabi/lib/thumb/v7-m/nofp\libg.a(lib_a-signal.o)
                0x0800e8fc                raise
 .text._kill_r  0x0800e958       0x28 c:/progra~2/gnuarm~1/102021~1.10/bin/../lib/gcc/arm-none-eabi/10.3.1/../../../../arm-none-eabi/lib/thumb/v7-m/nofp\libg.a(lib_a-signalr.o)
                0x0800e958                _kill_r
 .text._getpid_r
                0x0800e980        0x4 c:/progra~2/gnuarm~1/102021~1.10/bin/../lib/gcc/arm-none-eabi/10.3.1/../../../../arm-none-eabi/lib/thumb/v7-m/nofp\libg.a(lib_a-signalr.o)
                0x0800e980                _getpid_r
 .text.pow      0x0800e984       0xdc c:/progra~2/gnuarm~1/102021~1.10/bin/../lib/gcc/arm-none-eabi/10.3.1/../../../../arm-none-eabi/lib/thumb/v7-m/nofp\libm.a(lib_a-w_pow.o)
                0x0800e984                pow
 .text.__ieee754_pow
                0x0800ea60      0xb08 c:/progra~2/gnuarm~1/102021~1.10/bin/../lib/gcc/arm-none-eabi/10.3.1/../../../../arm-none-eabi/lib/thumb/v7-m/nofp\libm.a(lib_a-e_pow.o)
                0x0800ea60                __ieee754_pow
 .text.__ieee754_sqrt
                0x0800f568      0x18c c:/progra~2/gnuarm~1/102021~1.10/bin/../lib/gcc/arm-none-eabi/10.3.1/../../../../arm-none-eabi/lib/thumb/v7-m/nofp\libm.a(lib_a-e_sqrt.o)
                0x0800f568                __ieee754_sqrt
 .text.with_errno
                0x0800f6f4       0x18 c:/progra~2/gnuarm~1/102021~1.10/bin/../lib/gcc/arm-none-eabi/10.3.1/../../../../arm-none-eabi/lib/thumb/v7-m/nofp\libm.a(lib_a-math_err.o)
 .text.xflow    0x0800f70c       0x30 c:/progra~2/gnuarm~1/102021~1.10/bin/../lib/gcc/arm-none-eabi/10.3.1/../../../../arm-none-eabi/lib/thumb/v7-m/nofp\libm.a(lib_a-math_err.o)
 .text.__math_uflow
                0x0800f73c        0xc c:/progra~2/gnuarm~1/102021~1.10/bin/../lib/gcc/arm-none-eabi/10.3.1/../../../../arm-none-eabi/lib/thumb/v7-m/nofp\libm.a(lib_a-math_err.o)
                0x0800f73c                __math_uflow
 .text.__math_oflow
                0x0800f748        0xc c:/progra~2/gnuarm~1/102021~1.10/bin/../lib/gcc/arm-none-eabi/10.3.1/../../../../arm-none-eabi/lib/thumb/v7-m/nofp\libm.a(lib_a-math_err.o)
                0x0800f748                __math_oflow
 .text.fabs     0x0800f754        0x8 c:/progra~2/gnuarm~1/102021~1.10/bin/../lib/gcc/arm-none-eabi/10.3.1/../../../../arm-none-eabi/lib/thumb/v7-m/nofp\libm.a(lib_a-s_fabs.o)
                0x0800f754                fabs
 .text.finite   0x0800f75c        0xc c:/progra~2/gnuarm~1/102021~1.10/bin/../lib/gcc/arm-none-eabi/10.3.1/../../../../arm-none-eabi/lib/thumb/v7-m/nofp\libm.a(lib_a-s_finite.o)
                0x0800f75c                finite
 .text.scalbn   0x0800f768       0xfc c:/progra~2/gnuarm~1/102021~1.10/bin/../lib/gcc/arm-none-eabi/10.3.1/../../../../arm-none-eabi/lib/thumb/v7-m/nofp\libm.a(lib_a-s_scalbn.o)
                0x0800f768                scalbn
 *(.glue_7)
 .glue_7        0x0800f864        0x0 linker stubs
 *(.glue_7t)
 .glue_7t       0x0800f864        0x0 linker stubs
 *(.eh_frame)
 .eh_frame      0x0800f864        0x0 c:/progra~2/gnuarm~1/102021~1.10/bin/../lib/gcc/arm-none-eabi/10.3.1/thumb/v7-m/nofp/crtbegin.o
 *(.init)
 .init          0x0800f864        0x4 c:/progra~2/gnuarm~1/102021~1.10/bin/../lib/gcc/arm-none-eabi/10.3.1/thumb/v7-m/nofp/crti.o
                0x0800f864                _init
 .init          0x0800f868        0x8 c:/progra~2/gnuarm~1/102021~1.10/bin/../lib/gcc/arm-none-eabi/10.3.1/thumb/v7-m/nofp/crtn.o
 *(.fini)
 .fini          0x0800f870        0x4 c:/progra~2/gnuarm~1/102021~1.10/bin/../lib/gcc/arm-none-eabi/10.3.1/thumb/v7-m/nofp/crti.o
                0x0800f870                _fini
 .fini          0x0800f874        0x8 c:/progra~2/gnuarm~1/102021~1.10/bin/../lib/gcc/arm-none-eabi/10.3.1/thumb/v7-m/nofp/crtn.o
                0x0800f87c                . = ALIGN (0x4)
                0x0800f87c                _etext = .

.vfp11_veneer   0x0800f87c        0x0
 .vfp11_veneer  0x0800f87c        0x0 linker stubs

.v4_bx          0x0800f87c        0x0
 .v4_bx         0x0800f87c        0x0 linker stubs

.iplt           0x0800f87c        0x0
 .iplt          0x0800f87c        0x0 c:/progra~2/gnuarm~1/102021~1.10/bin/../lib/gcc/arm-none-eabi/10.3.1/thumb/v7-m/nofp/crtbegin.o

.rodata         0x0800f880     0x1244
                0x0800f880                . = ALIGN (0x4)
 *(.rodata)
 *(.rodata*)
 .rodata.OLED_Show.str1.4
                0x0800f880       0x43 CMakeFiles/STM32.elf.dir/Core/Src/Control.c.obj
 *fill*         0x0800f8c3        0x1 
 .rodata.F6x8   0x0800f8c4      0x228 CMakeFiles/STM32.elf.dir/Core/Src/OLED.c.obj
                0x0800f8c4                F6x8
 .rodata.F8X16  0x0800faec      0x5f0 CMakeFiles/STM32.elf.dir/Core/Src/OLED.c.obj
                0x0800faec                F8X16
 .rodata.parse_value.str1.4
                0x080100dc       0x15 CMakeFiles/STM32.elf.dir/Core/Src/cJSON.c.obj
 *fill*         0x080100f1        0x3 
 .rodata.firstByteMark
                0x080100f4        0x7 CMakeFiles/STM32.elf.dir/Core/Src/cJSON.c.obj
 *fill*         0x080100fb        0x1 
 .rodata.main.str1.4
                0x080100fc       0x53 CMakeFiles/STM32.elf.dir/Core/Src/main.c.obj
 *fill*         0x0801014f        0x1 
 .rodata.AHBPrescTable
                0x08010150       0x10 CMakeFiles/STM32.elf.dir/Core/Src/system_stm32f1xx.c.obj
                0x08010150                AHBPrescTable
 .rodata.APBPrescTable
                0x08010160        0x8 CMakeFiles/STM32.elf.dir/Core/Src/system_stm32f1xx.c.obj
                0x08010160                APBPrescTable
 .rodata.aPLLMULFactorTable.1
                0x08010168       0x10 CMakeFiles/STM32.elf.dir/Drivers/STM32F1xx_HAL_Driver/Src/stm32f1xx_hal_rcc.c.obj
 .rodata.aPredivFactorTable.0
                0x08010178        0x2 CMakeFiles/STM32.elf.dir/Drivers/STM32F1xx_HAL_Driver/Src/stm32f1xx_hal_rcc.c.obj
 *fill*         0x0801017a        0x2 
 .rodata.aPLLMULFactorTable.1
                0x0801017c       0x10 CMakeFiles/STM32.elf.dir/Drivers/STM32F1xx_HAL_Driver/Src/stm32f1xx_hal_rcc_ex.c.obj
 .rodata.aPredivFactorTable.0
                0x0801018c        0x2 CMakeFiles/STM32.elf.dir/Drivers/STM32F1xx_HAL_Driver/Src/stm32f1xx_hal_rcc_ex.c.obj
 *fill*         0x0801018e        0x2 
 .rodata.MQTT_UnPacketRecv.str1.4
                0x08010190        0x6 CMakeFiles/STM32.elf.dir/NET/MqttKit.c.obj
 .rodata.MQTT_PacketConnect.str1.4
                0x08010196        0x6 CMakeFiles/STM32.elf.dir/NET/MqttKit.c.obj
                                  0x1 (size before relaxing)
 *fill*         0x08010196        0x2 
 .rodata.ESP01S_SendData.str1.4
                0x08010198       0x12 CMakeFiles/STM32.elf.dir/NET/esp8266.c.obj
 *fill*         0x080101aa        0x2 
 .rodata.ESP01S_GetIPD.str1.4
                0x080101ac        0x5 CMakeFiles/STM32.elf.dir/NET/esp8266.c.obj
 *fill*         0x080101b1        0x3 
 .rodata.ESP01S_Init.str1.4
                0x080101b4       0xff CMakeFiles/STM32.elf.dir/NET/esp8266.c.obj
                                0x103 (size before relaxing)
 *fill*         0x080102b3        0x1 
 .rodata.OneNet_DevLink.str1.4
                0x080102b4      0x1e5 CMakeFiles/STM32.elf.dir/NET/onenet.c.obj
 *fill*         0x08010499        0x3 
 .rodata.OneNet_Subscribe.str1.4
                0x0801049c       0x16 CMakeFiles/STM32.elf.dir/NET/onenet.c.obj
 *fill*         0x080104b2        0x2 
 .rodata.OneNet_Publish.str1.4
                0x080104b4       0x1d CMakeFiles/STM32.elf.dir/NET/onenet.c.obj
 *fill*         0x080104d1        0x3 
 .rodata.OneNet_RevPro.str1.4
                0x080104d4      0x1d4 CMakeFiles/STM32.elf.dir/NET/onenet.c.obj
 .rodata._ctype_
                0x080106a8      0x101 c:/progra~2/gnuarm~1/102021~1.10/bin/../lib/gcc/arm-none-eabi/10.3.1/../../../../arm-none-eabi/lib/thumb/v7-m/nofp\libg.a(lib_a-ctype_.o)
                0x080106a8                _ctype_
 *fill*         0x080107a9        0x3 
 .rodata._global_impure_ptr
                0x080107ac        0x4 c:/progra~2/gnuarm~1/102021~1.10/bin/../lib/gcc/arm-none-eabi/10.3.1/../../../../arm-none-eabi/lib/thumb/v7-m/nofp\libg.a(lib_a-impure.o)
                0x080107ac                _global_impure_ptr
 .rodata._puts_r.str1.4
                0x080107b0      0x1d4 c:/progra~2/gnuarm~1/102021~1.10/bin/../lib/gcc/arm-none-eabi/10.3.1/../../../../arm-none-eabi/lib/thumb/v7-m/nofp\libg.a(lib_a-puts.o)
                                  0x2 (size before relaxing)
 .rodata._svfprintf_r.str1.4
                0x080107b0       0x42 c:/progra~2/gnuarm~1/102021~1.10/bin/../lib/gcc/arm-none-eabi/10.3.1/../../../../arm-none-eabi/lib/thumb/v7-m/nofp\libg.a(lib_a-svfprintf.o)
 *fill*         0x080107f2        0x2 
 .rodata.blanks.1
                0x080107f4       0x10 c:/progra~2/gnuarm~1/102021~1.10/bin/../lib/gcc/arm-none-eabi/10.3.1/../../../../arm-none-eabi/lib/thumb/v7-m/nofp\libg.a(lib_a-svfprintf.o)
 .rodata.zeroes.0
                0x08010804       0x10 c:/progra~2/gnuarm~1/102021~1.10/bin/../lib/gcc/arm-none-eabi/10.3.1/../../../../arm-none-eabi/lib/thumb/v7-m/nofp\libg.a(lib_a-svfprintf.o)
 .rodata._vfprintf_r.str1.4
                0x08010814       0x42 c:/progra~2/gnuarm~1/102021~1.10/bin/../lib/gcc/arm-none-eabi/10.3.1/../../../../arm-none-eabi/lib/thumb/v7-m/nofp\libg.a(lib_a-vfprintf.o)
 .rodata.blanks.1
                0x08010814       0x10 c:/progra~2/gnuarm~1/102021~1.10/bin/../lib/gcc/arm-none-eabi/10.3.1/../../../../arm-none-eabi/lib/thumb/v7-m/nofp\libg.a(lib_a-vfprintf.o)
 .rodata.zeroes.0
                0x08010824       0x10 c:/progra~2/gnuarm~1/102021~1.10/bin/../lib/gcc/arm-none-eabi/10.3.1/../../../../arm-none-eabi/lib/thumb/v7-m/nofp\libg.a(lib_a-vfprintf.o)
 .rodata._dtoa_r.str1.4
                0x08010834       0xa2 c:/progra~2/gnuarm~1/102021~1.10/bin/../lib/gcc/arm-none-eabi/10.3.1/../../../../arm-none-eabi/lib/thumb/v7-m/nofp\libg.a(lib_a-dtoa.o)
                                 0xa6 (size before relaxing)
 *fill*         0x080108d6        0x2 
 .rodata.__multadd.str1.4
                0x080108d8       0x7f c:/progra~2/gnuarm~1/102021~1.10/bin/../lib/gcc/arm-none-eabi/10.3.1/../../../../arm-none-eabi/lib/thumb/v7-m/nofp\libg.a(lib_a-mprec.o)
                                 0x93 (size before relaxing)
 *fill*         0x08010957        0x1 
 .rodata.__mprec_bigtens
                0x08010958       0x28 c:/progra~2/gnuarm~1/102021~1.10/bin/../lib/gcc/arm-none-eabi/10.3.1/../../../../arm-none-eabi/lib/thumb/v7-m/nofp\libg.a(lib_a-mprec.o)
                0x08010958                __mprec_bigtens
 .rodata.__mprec_tens
                0x08010980       0xc8 c:/progra~2/gnuarm~1/102021~1.10/bin/../lib/gcc/arm-none-eabi/10.3.1/../../../../arm-none-eabi/lib/thumb/v7-m/nofp\libg.a(lib_a-mprec.o)
                0x08010980                __mprec_tens
 .rodata.p05.0  0x08010a48        0xc c:/progra~2/gnuarm~1/102021~1.10/bin/../lib/gcc/arm-none-eabi/10.3.1/../../../../arm-none-eabi/lib/thumb/v7-m/nofp\libg.a(lib_a-mprec.o)
 .rodata._vfiprintf_r.str1.4
                0x08010a54       0x2f c:/progra~2/gnuarm~1/102021~1.10/bin/../lib/gcc/arm-none-eabi/10.3.1/../../../../arm-none-eabi/lib/thumb/v7-m/nofp\libg.a(lib_a-vfiprintf.o)
 .rodata.blanks.1
                0x08010a54       0x10 c:/progra~2/gnuarm~1/102021~1.10/bin/../lib/gcc/arm-none-eabi/10.3.1/../../../../arm-none-eabi/lib/thumb/v7-m/nofp\libg.a(lib_a-vfiprintf.o)
 .rodata.zeroes.0
                0x08010a64       0x10 c:/progra~2/gnuarm~1/102021~1.10/bin/../lib/gcc/arm-none-eabi/10.3.1/../../../../arm-none-eabi/lib/thumb/v7-m/nofp\libg.a(lib_a-vfiprintf.o)
 .rodata.__assert_func.str1.4
                0x08010a74       0x3f c:/progra~2/gnuarm~1/102021~1.10/bin/../lib/gcc/arm-none-eabi/10.3.1/../../../../arm-none-eabi/lib/thumb/v7-m/nofp\libg.a(lib_a-assert.o)
                                 0x43 (size before relaxing)
 *fill*         0x08010ab3        0x1 
 .rodata._setlocale_r.str1.4
                0x08010ab4        0xa c:/progra~2/gnuarm~1/102021~1.10/bin/../lib/gcc/arm-none-eabi/10.3.1/../../../../arm-none-eabi/lib/thumb/v7-m/nofp\libg.a(lib_a-locale.o)
                                  0xd (size before relaxing)
 *fill*         0x08010abe        0x2 
 .rodata.str1.4
                0x08010ac0        0x2 c:/progra~2/gnuarm~1/102021~1.10/bin/../lib/gcc/arm-none-eabi/10.3.1/../../../../arm-none-eabi/lib/thumb/v7-m/nofp\libg.a(lib_a-locale.o)
                0x08010ac4                . = ALIGN (0x4)
 *fill*         0x08010ac2        0x2 

.ARM.extab      0x08010ac4        0x0
                0x08010ac4                . = ALIGN (0x4)
 *(.ARM.extab* .gnu.linkonce.armextab.*)
                0x08010ac4                . = ALIGN (0x4)

.ARM            0x08010ac4        0x8
                0x08010ac4                . = ALIGN (0x4)
                0x08010ac4                __exidx_start = .
 *(.ARM.exidx*)
 .ARM.exidx     0x08010ac4        0x8 c:/progra~2/gnuarm~1/102021~1.10/bin/../lib/gcc/arm-none-eabi/10.3.1/thumb/v7-m/nofp\libgcc.a(_udivmoddi4.o)
                0x08010acc                __exidx_end = .
                0x08010acc                . = ALIGN (0x4)

.rel.dyn        0x08010acc        0x0
 .rel.iplt      0x08010acc        0x0 c:/progra~2/gnuarm~1/102021~1.10/bin/../lib/gcc/arm-none-eabi/10.3.1/thumb/v7-m/nofp/crtbegin.o

.preinit_array  0x08010acc        0x0
                0x08010acc                . = ALIGN (0x4)
                0x08010acc                PROVIDE (__preinit_array_start = .)
 *(.preinit_array*)
                0x08010acc                PROVIDE (__preinit_array_end = .)
                0x08010acc                . = ALIGN (0x4)

.init_array     0x08010acc        0x8
                0x08010acc                . = ALIGN (0x4)
                0x08010acc                PROVIDE (__init_array_start = .)
 *(SORT_BY_NAME(.init_array.*))
 .init_array.00000
                0x08010acc        0x4 c:/progra~2/gnuarm~1/102021~1.10/bin/../lib/gcc/arm-none-eabi/10.3.1/../../../../arm-none-eabi/lib/thumb/v7-m/nofp\libg.a(lib_a-__call_atexit.o)
 *(.init_array*)
 .init_array    0x08010ad0        0x4 c:/progra~2/gnuarm~1/102021~1.10/bin/../lib/gcc/arm-none-eabi/10.3.1/thumb/v7-m/nofp/crtbegin.o
                0x08010ad4                PROVIDE (__init_array_end = .)
                0x08010ad4                . = ALIGN (0x4)

.fini_array     0x08010ad4        0x4
                0x08010ad4                . = ALIGN (0x4)
                0x08010ad4                PROVIDE (__fini_array_start = .)
 *(SORT_BY_NAME(.fini_array.*))
 *(.fini_array*)
 .fini_array    0x08010ad4        0x4 c:/progra~2/gnuarm~1/102021~1.10/bin/../lib/gcc/arm-none-eabi/10.3.1/thumb/v7-m/nofp/crtbegin.o
                0x08010ad8                PROVIDE (__fini_array_end = .)
                0x08010ad8                . = ALIGN (0x4)
                0x08010ad8                _sidata = LOADADDR (.data)

.data           0x20000000      0x9d0 load address 0x08010ad8
                0x20000000                . = ALIGN (0x4)
                0x20000000                _sdata = .
 *(.data)
 *(.data*)
 .data.Lumen_Thresold
                0x20000000        0x1 CMakeFiles/STM32.elf.dir/Core/Src/Control.c.obj
                0x20000000                Lumen_Thresold
 .data.TDS_Thresold
                0x20000001        0x1 CMakeFiles/STM32.elf.dir/Core/Src/Control.c.obj
                0x20000001                TDS_Thresold
 *fill*         0x20000002        0x2 
 .data.Weight_Thresold
                0x20000004        0x4 CMakeFiles/STM32.elf.dir/Core/Src/Control.c.obj
                0x20000004                Weight_Thresold
 .data.temperature_Thresold
                0x20000008        0x1 CMakeFiles/STM32.elf.dir/Core/Src/Control.c.obj
                0x20000008                temperature_Thresold
 *fill*         0x20000009        0x3 
 .data.cJSON_free
                0x2000000c        0x4 CMakeFiles/STM32.elf.dir/Core/Src/cJSON.c.obj
 .data.cJSON_malloc
                0x20000010        0x4 CMakeFiles/STM32.elf.dir/Core/Src/cJSON.c.obj
 .data.SystemCoreClock
                0x20000014        0x4 CMakeFiles/STM32.elf.dir/Core/Src/system_stm32f1xx.c.obj
                0x20000014                SystemCoreClock
 .data.uwTickFreq
                0x20000018        0x1 CMakeFiles/STM32.elf.dir/Drivers/STM32F1xx_HAL_Driver/Src/stm32f1xx_hal.c.obj
                0x20000018                uwTickFreq
 *fill*         0x20000019        0x3 
 .data.uwTickPrio
                0x2000001c        0x4 CMakeFiles/STM32.elf.dir/Drivers/STM32F1xx_HAL_Driver/Src/stm32f1xx_hal.c.obj
                0x2000001c                uwTickPrio
 .data._impure_ptr
                0x20000020        0x4 c:/progra~2/gnuarm~1/102021~1.10/bin/../lib/gcc/arm-none-eabi/10.3.1/../../../../arm-none-eabi/lib/thumb/v7-m/nofp\libg.a(lib_a-impure.o)
                0x20000020                _impure_ptr
 *fill*         0x20000024        0x4 
 .data.impure_data
                0x20000028      0x428 c:/progra~2/gnuarm~1/102021~1.10/bin/../lib/gcc/arm-none-eabi/10.3.1/../../../../arm-none-eabi/lib/thumb/v7-m/nofp\libg.a(lib_a-impure.o)
 .data.__malloc_av_
                0x20000450      0x408 c:/progra~2/gnuarm~1/102021~1.10/bin/../lib/gcc/arm-none-eabi/10.3.1/../../../../arm-none-eabi/lib/thumb/v7-m/nofp\libg.a(lib_a-mallocr.o)
                0x20000450                __malloc_av_
 .data.__malloc_sbrk_base
                0x20000858        0x4 c:/progra~2/gnuarm~1/102021~1.10/bin/../lib/gcc/arm-none-eabi/10.3.1/../../../../arm-none-eabi/lib/thumb/v7-m/nofp\libg.a(lib_a-mallocr.o)
                0x20000858                __malloc_sbrk_base
 .data.__malloc_trim_threshold
                0x2000085c        0x4 c:/progra~2/gnuarm~1/102021~1.10/bin/../lib/gcc/arm-none-eabi/10.3.1/../../../../arm-none-eabi/lib/thumb/v7-m/nofp\libg.a(lib_a-mallocr.o)
                0x2000085c                __malloc_trim_threshold
 .data.__atexit_recursive_mutex
                0x20000860        0x4 c:/progra~2/gnuarm~1/102021~1.10/bin/../lib/gcc/arm-none-eabi/10.3.1/../../../../arm-none-eabi/lib/thumb/v7-m/nofp\libg.a(lib_a-__call_atexit.o)
                0x20000860                __atexit_recursive_mutex
 .data.__global_locale
                0x20000864      0x16c c:/progra~2/gnuarm~1/102021~1.10/bin/../lib/gcc/arm-none-eabi/10.3.1/../../../../arm-none-eabi/lib/thumb/v7-m/nofp\libg.a(lib_a-locale.o)
                0x20000864                __global_locale
 *(.RamFunc)
 *(.RamFunc*)
                0x200009d0                . = ALIGN (0x4)
                0x200009d0                _edata = .

.igot.plt       0x200009d0        0x0 load address 0x080114a8
 .igot.plt      0x200009d0        0x0 c:/progra~2/gnuarm~1/102021~1.10/bin/../lib/gcc/arm-none-eabi/10.3.1/thumb/v7-m/nofp/crtbegin.o
                0x200009d0                . = ALIGN (0x4)

.bss            0x200009d0      0x1e8 load address 0x080114a8
                0x200009d0                _sbss = .
                0x200009d0                __bss_start__ = _sbss
 *(.bss)
 .bss           0x200009d0       0x1c c:/progra~2/gnuarm~1/102021~1.10/bin/../lib/gcc/arm-none-eabi/10.3.1/thumb/v7-m/nofp/crtbegin.o
 *(.bss*)
 .bss.Eat_Flag  0x200009ec        0x1 CMakeFiles/STM32.elf.dir/Core/Src/Control.c.obj
                0x200009ec                Eat_Flag
 .bss.Lumen_Flag
                0x200009ed        0x1 CMakeFiles/STM32.elf.dir/Core/Src/Control.c.obj
                0x200009ed                Lumen_Flag
 .bss.TDS_Flag  0x200009ee        0x1 CMakeFiles/STM32.elf.dir/Core/Src/Control.c.obj
                0x200009ee                TDS_Flag
 .bss.Weight_Flag
                0x200009ef        0x1 CMakeFiles/STM32.elf.dir/Core/Src/Control.c.obj
                0x200009ef                Weight_Flag
 .bss.temperature_Flag
                0x200009f0        0x1 CMakeFiles/STM32.elf.dir/Core/Src/Control.c.obj
                0x200009f0                temperature_Flag
 *fill*         0x200009f1        0x3 
 .bss.temperature
                0x200009f4        0x4 CMakeFiles/STM32.elf.dir/Core/Src/DS18B20.c.obj
                0x200009f4                temperature
 .bss.BUF       0x200009f8        0x3 CMakeFiles/STM32.elf.dir/Core/Src/GY-302.c.obj
                0x200009f8                BUF
 *fill*         0x200009fb        0x1 
 .bss.Lumen     0x200009fc        0x4 CMakeFiles/STM32.elf.dir/Core/Src/GY-302.c.obj
                0x200009fc                Lumen
 .bss.mcy       0x20000a00        0x1 CMakeFiles/STM32.elf.dir/Core/Src/GY-302.c.obj
                0x20000a00                mcy
 *fill*         0x20000a01        0x3 
 .bss.Weight    0x20000a04        0x4 CMakeFiles/STM32.elf.dir/Core/Src/HX711.c.obj
                0x20000a04                Weight
 .bss.preWeight
                0x20000a08        0x4 CMakeFiles/STM32.elf.dir/Core/Src/HX711.c.obj
                0x20000a08                preWeight
 .bss.TDS       0x20000a0c        0x1 CMakeFiles/STM32.elf.dir/Core/Src/TDS.c.obj
                0x20000a0c                TDS
 *fill*         0x20000a0d        0x3 
 .bss.hadc1     0x20000a10       0x30 CMakeFiles/STM32.elf.dir/Core/Src/adc.c.obj
                0x20000a10                hadc1
 .bss.ep        0x20000a40        0x4 CMakeFiles/STM32.elf.dir/Core/Src/cJSON.c.obj
 .bss.gHuart    0x20000a44        0x4 CMakeFiles/STM32.elf.dir/Core/Src/retarget.c.obj
                0x20000a44                gHuart
 .bss.__sbrk_heap_end
                0x20000a48        0x4 CMakeFiles/STM32.elf.dir/Core/Src/sysmem.c.obj
 .bss.htim1     0x20000a4c       0x48 CMakeFiles/STM32.elf.dir/Core/Src/tim.c.obj
                0x20000a4c                htim1
 .bss.htim2     0x20000a94       0x48 CMakeFiles/STM32.elf.dir/Core/Src/tim.c.obj
                0x20000a94                htim2
 .bss.huart2    0x20000adc       0x48 CMakeFiles/STM32.elf.dir/Core/Src/usart.c.obj
                0x20000adc                huart2
 .bss.uwTick    0x20000b24        0x4 CMakeFiles/STM32.elf.dir/Drivers/STM32F1xx_HAL_Driver/Src/stm32f1xx_hal.c.obj
                0x20000b24                uwTick
 .bss.ESP01S_buf
                0x20000b28       0x40 CMakeFiles/STM32.elf.dir/NET/esp8266.c.obj
                0x20000b28                ESP01S_buf
 .bss.ESP01S_cnt
                0x20000b68        0x2 CMakeFiles/STM32.elf.dir/NET/esp8266.c.obj
                0x20000b68                ESP01S_cnt
 .bss.ESP01S_cntPre
                0x20000b6a        0x2 CMakeFiles/STM32.elf.dir/NET/esp8266.c.obj
                0x20000b6a                ESP01S_cntPre
 .bss.aRxBuffer
                0x20000b6c        0x1 CMakeFiles/STM32.elf.dir/NET/esp8266.c.obj
                0x20000b6c                aRxBuffer
 *fill*         0x20000b6d        0x1 
 .bss.pkt_id.0  0x20000b6e        0x2 CMakeFiles/STM32.elf.dir/NET/onenet.c.obj
 .bss.__malloc_current_mallinfo
                0x20000b70       0x28 c:/progra~2/gnuarm~1/102021~1.10/bin/../lib/gcc/arm-none-eabi/10.3.1/../../../../arm-none-eabi/lib/thumb/v7-m/nofp\libg.a(lib_a-mallocr.o)
                0x20000b70                __malloc_current_mallinfo
 .bss.__malloc_max_sbrked_mem
                0x20000b98        0x4 c:/progra~2/gnuarm~1/102021~1.10/bin/../lib/gcc/arm-none-eabi/10.3.1/../../../../arm-none-eabi/lib/thumb/v7-m/nofp\libg.a(lib_a-mallocr.o)
                0x20000b98                __malloc_max_sbrked_mem
 .bss.__malloc_max_total_mem
                0x20000b9c        0x4 c:/progra~2/gnuarm~1/102021~1.10/bin/../lib/gcc/arm-none-eabi/10.3.1/../../../../arm-none-eabi/lib/thumb/v7-m/nofp\libg.a(lib_a-mallocr.o)
                0x20000b9c                __malloc_max_total_mem
 .bss.__malloc_top_pad
                0x20000ba0        0x4 c:/progra~2/gnuarm~1/102021~1.10/bin/../lib/gcc/arm-none-eabi/10.3.1/../../../../arm-none-eabi/lib/thumb/v7-m/nofp\libg.a(lib_a-mallocr.o)
                0x20000ba0                __malloc_top_pad
 .bss.__lock___atexit_recursive_mutex
                0x20000ba4        0x1 c:/progra~2/gnuarm~1/102021~1.10/bin/../lib/gcc/arm-none-eabi/10.3.1/../../../../arm-none-eabi/lib/thumb/v7-m/nofp\libg.a(lib_a-lock.o)
                0x20000ba4                __lock___atexit_recursive_mutex
 *fill*         0x20000ba5        0x3 
 .bss.__lock___malloc_recursive_mutex
                0x20000ba8        0x1 c:/progra~2/gnuarm~1/102021~1.10/bin/../lib/gcc/arm-none-eabi/10.3.1/../../../../arm-none-eabi/lib/thumb/v7-m/nofp\libg.a(lib_a-lock.o)
                0x20000ba8                __lock___malloc_recursive_mutex
 *fill*         0x20000ba9        0x3 
 .bss.__lock___sfp_recursive_mutex
                0x20000bac        0x1 c:/progra~2/gnuarm~1/102021~1.10/bin/../lib/gcc/arm-none-eabi/10.3.1/../../../../arm-none-eabi/lib/thumb/v7-m/nofp\libg.a(lib_a-lock.o)
                0x20000bac                __lock___sfp_recursive_mutex
 *fill*         0x20000bad        0x3 
 .bss.__lock___sinit_recursive_mutex